src/data/raw/ecommerce_inventory_demand.csv
date,product_id,product_category,units_sold,unit_price,stock_on_hand,reorder_point,is_promotion,discount_pct,day_of_week,month,supplier_lead_days
2025-06-03,P002,Sports,73.0,2977.36,158.0,183,0,0.0,1,6,6
2025-06-04,P002,Sports,82.0,2977.36,196.0,183,0,0.0,2,6,6
2025-06-05,P002,Sports,84.0,2977.36,134.0,183,0,0.0,3,6,6
2025-06-06,P002,Sports,79.0,2977.36,135.0,183,0,0.0,4,6,6
2025-06-07,P002,Sports,118.0,2977.36,216.0,183,0,0.0,5,6,6
2025-06-08,P002,Sports,104.0,2977.36,123.0,183,0,0.0,6,6,6
2025-06-09,P002,Sports,64.0,2977.36,159.0,183,0,0.0,0,6,6
2025-06-10,P002,Sports,79.0,2977.36,205.0,183,0,0.0,1,6,6
2025-06-11,P002,Sports,65.0,2977.36,138.0,183,0,0.0,2,6,6
2025-06-12,P002,Sports,77.0,2977.36,126.0,183,0,0.0,3,6,6
2025-06-13,P002,Sports,67.0,2977.36,154.0,183,0,0.0,4,6,6
2025-06-14,P002,Sports,106.0,2977.36,127.0,183,0,0.0,5,6,6
2025-06-15,P002,Sports,114.0,2977.36,177.0,183,0,0.0,6,6,6
2025-06-16,P002,Sports,72.0,2977.36,128.0,183,0,0.0,0,6,6
2025-06-17,P002,Sports,66.0,2977.36,73.0,183,0,0.0,1,6,6
2025-06-18,P002,Sports,74.0,2977.36,120.0,183,0,0.0,2,6,6
2025-06-19,P002,Sports,79.0,2977.36,156.0,183,0,0.0,3,6,6
2025-06-20,P002,Sports,80.0,2977.36,124.0,183,0,0.0,4,6,6
2025-06-21,P002,Sports,171.0,2268.77,338.0,183,1,0.24,5,6,6
2025-06-22,P002,Sports,117.0,2977.36,297.0,183,0,0.0,6,6,6
2025-06-23,P002,Sports,132.0,1728.16,320.0,183,1,0.42,0,6,6
2025-06-24,P002,Sports,62.0,2977.36,92.0,183,0,0.0,1,6,6
2025-06-25,P002,Sports,68.0,2977.36,161.0,183,0,0.0,2,6,6
2025-06-26,P002,Sports,75.0,2977.36,92.0,183,0,0.0,3,6,6
2025-06-27,P002,Sports,76.0,2977.36,108.0,183,0,0.0,4,6,6
2025-06-28,P002,Sports,119.0,2977.36,160.0,183,0,0.0,5,6,6
2025-06-29,P002,Sports,114.0,2977.36,200.0,183,0,0.0,6,6,6
2025-06-30,P002,Sports,68.0,2977.36,108.0,183,0,0.0,0,6,6
2025-07-01,P002,Sports,64.0,2977.36,147.0,183,0,0.0,1,7,6
2025-07-02,P002,Sports,98.0,2399.18,196.0,183,1,0.19,2,7,6
2025-07-03,P002,Sports,73.0,2977.36,164.0,183,0,0.0,3,7,6
2025-07-04,P002,Sports,111.0,2285.39,203.0,183,1,0.23,4,7,6
2025-07-05,P002,Sports,169.0,2382.71,245.0,183,1,0.2,5,7,6
2025-07-06,P002,Sports,203.0,1777.2,291.0,183,1,0.4,6,7,6
2025-07-07,P002,Sports,79.0,2977.36,182.0,183,0,0.0,0,7,6
2025-07-08,P002,Sports,62.0,2977.36,130.0,183,0,0.0,1,7,6
2025-07-09,P002,Sports,134.0,1974.87,190.0,183,1,0.34,2,7,6
2025-07-10,P002,Sports,75.0,2977.36,179.0,183,0,0.0,3,7,6
2025-07-11,P002,Sports,79.0,2977.36,183.0,183,0,0.0,4,7,6
2025-07-12,P002,Sports,121.0,2977.36,249.0,183,0,0.0,5,7,6
2025-07-13,P002,Sports,119.0,2977.36,133.0,183,0,0.0,6,7,6
2025-07-14,P002,Sports,107.0,2211.86,271.0,183,1,0.26,0,7,6
2025-07-15,P002,Sports,80.0,2977.36,146.0,183,0,0.0,1,7,6
2025-07-16,P002,Sports,117.0,2101.22,207.0,183,1,0.29,2,7,6
2025-07-17,P002,Sports,78.0,2977.36,91.0,183,0,0.0,3,7,6
2025-07-18,P002,Sports,64.0,2977.36,170.0,183,0,0.0,4,7,6
2025-07-19,P002,Sports,97.0,2977.36,165.0,183,0,0.0,5,7,6
2025-07-20,P002,Sports,113.0,2977.36,250.0,183,0,0.0,6,7,6
2025-07-21,P002,Sports,62.0,2977.36,164.0,183,0,0.0,0,7,6
2025-07-22,P002,Sports,63.0,2977.36,73.0,183,0,0.0,1,7,6
2025-07-23,P002,Sports,75.0,2977.36,118.0,183,0,0.0,2,7,6
2025-07-24,P002,Sports,63.0,2977.36,124.0,183,0,0.0,3,7,6
2025-07-25,P002,Sports,91.0,2977.36,154.0,183,0,0.0,4,7,6
2025-07-26,P002,Sports,121.0,2977.36,235.0,183,0,0.0,5,7,6
2025-07-27,P002,Sports,107.0,2977.36,151.0,183,0,0.0,6,7,6
2025-07-28,P002,Sports,72.0,2977.36,87.0,183,0,0.0,0,7,6
2025-07-29,P002,Sports,79.0,2977.36,141.0,183,0,0.0,1,7,6
2025-07-30,P002,Sports,71.0,2977.36,171.0,183,0,0.0,2,7,6
2025-07-31,P002,Sports,83.0,2977.36,214.0,183,0,0.0,3,7,6
2025-08-01,P002,Sports,71.0,2977.36,93.0,183,0,0.0,4,8,6
2025-08-02,P002,Sports,,2977.36,,183,0,0.0,5,8,6
2025-08-03,P002,Sports,105.0,2977.36,155.0,183,0,0.0,6,8,6
2025-08-04,P002,Sports,76.0,2977.36,113.0,183,0,0.0,0,8,6
2025-08-05,P002,Sports,146.0,1879.3,265.0,183,1,0.37,1,8,6
2025-08-06,P002,Sports,82.0,2977.36,189.0,183,0,0.0,2,8,6
2025-08-07,P002,Sports,72.0,2977.36,177.0,183,0,0.0,3,8,6
2025-08-08,P002,Sports,66.0,2977.36,116.0,183,0,0.0,4,8,6
2025-08-09,P002,Sports,106.0,2977.36,244.0,183,0,0.0,5,8,6
2025-08-10,P002,Sports,113.0,2977.36,236.0,183,0,0.0,6,8,6
2025-08-11,P002,Sports,63.0,2977.36,150.0,183,0,0.0,0,8,6
2025-08-12,P002,Sports,82.0,2977.36,161.0,183,0,0.0,1,8,6
2025-08-13,P002,Sports,84.0,2977.36,223.0,183,0,0.0,2,8,6
2025-08-14,P002,Sports,83.0,2977.36,212.0,183,0,0.0,3,8,6
2025-08-15,P002,Sports,71.0,2977.36,118.0,183,0,0.0,4,8,6
2025-08-16,P002,Sports,115.0,2977.36,263.0,183,0,0.0,5,8,6
2025-08-17,P002,Sports,116.0,2977.36,202.0,183,0,0.0,6,8,6
2025-08-18,P002,Sports,76.0,2977.36,178.0,183,0,0.0,0,8,6
2025-08-19,P002,Sports,75.0,2977.36,172.0,183,0,0.0,1,8,6
2025-08-20,P002,Sports,79.0,2977.36,216.0,183,0,0.0,2,8,6
2025-08-21,P002,Sports,131.0,2079.87,322.0,183,1,0.3,3,8,6
2025-08-22,P002,Sports,79.0,2977.36,104.0,183,0,0.0,4,8,6
2025-08-23,P002,Sports,107.0,2977.36,276.0,183,0,0.0,5,8,6
2025-08-24,P002,Sports,104.0,2977.36,158.0,183,0,0.0,6,8,6
2025-08-25,P002,Sports,85.0,2977.36,95.0,183,0,0.0,0,8,6
2025-08-26,P002,Sports,78.0,2977.36,158.0,183,0,0.0,1,8,6
2025-08-27,P002,Sports,68.0,2977.36,113.0,183,0,0.0,2,8,6
2025-08-28,P002,Sports,65.0,2977.36,79.0,183,0,0.0,3,8,6
2025-08-29,P002,Sports,72.0,2977.36,119.0,183,0,0.0,4,8,6
2025-08-30,P002,Sports,162.0,2196.77,354.0,183,1,0.26,5,8,6
2025-08-31,P002,Sports,102.0,2977.36,242.0,183,0,0.0,6,8,6
2025-09-01,P002,Sports,80.0,2977.36,125.0,183,0,0.0,0,9,6
2025-09-02,P002,Sports,65.0,2977.36,84.0,183,0,0.0,1,9,6
2025-09-03,P002,Sports,77.0,2977.36,176.0,183,0,0.0,2,9,6
2025-09-04,P002,Sports,67.0,2977.36,97.0,183,0,0.0,3,9,6
2025-09-05,P002,Sports,63.0,2977.36,100.0,183,0,0.0,4,9,6
2025-09-06,P002,Sports,112.0,2977.36,137.0,183,0,0.0,5,9,6
2025-09-07,P002,Sports,115.0,2977.36,144.0,183,0,0.0,6,9,6
2025-09-08,P002,Sports,88.0,2977.36,99.0,183,0,0.0,0,9,6
2025-09-09,P002,Sports,86.0,2977.36,193.0,183,0,0.0,1,9,6
2025-09-10,P002,Sports,64.0,2977.36,135.0,183,0,0.0,2,9,6
2025-09-11,P002,Sports,84.0,2977.36,107.0,183,0,0.0,3,9,6
2025-09-12,P002,Sports,74.0,2977.36,169.0,183,0,0.0,4,9,6
2025-09-13,P002,Sports,114.0,2977.36,128.0,183,0,0.0,5,9,6
2025-09-14,P002,Sports,109.0,2977.36,193.0,183,0,0.0,6,9,6
2025-09-15,P002,Sports,63.0,2977.36,141.0,183,0,0.0,0,9,6
2025-09-16,P002,Sports,69.0,2977.36,183.0,183,0,0.0,1,9,6
2025-09-17,P002,Sports,75.0,2977.36,137.0,183,0,0.0,2,9,6
2025-09-18,P002,Sports,76.0,2977.36,165.0,183,0,0.0,3,9,6
2025-09-19,P002,Sports,76.0,2977.36,95.0,183,0,0.0,4,9,6
2025-09-20,P002,Sports,115.0,2977.36,175.0,183,0,0.0,5,9,6
2025-09-21,P002,Sports,117.0,2977.36,177.0,183,0,0.0,6,9,6
2025-09-22,P002,Sports,130.0,2120.83,160.0,183,1,0.29,0,9,6
2025-09-23,P002,Sports,88.0,2977.36,217.0,183,0,0.0,1,9,6
2025-09-24,P002,Sports,77.0,2977.36,165.0,183,0,0.0,2,9,6
2025-09-25,P002,Sports,82.0,2977.36,162.0,183,0,0.0,3,9,6
2025-09-26,P002,Sports,122.0,2199.28,189.0,183,1,0.26,4,9,6
2025-09-27,P002,Sports,118.0,2977.36,263.0,183,0,0.0,5,9,6
2025-09-28,P002,Sports,129.0,2977.36,296.0,183,0,0.0,6,9,6
2025-09-29,P002,Sports,71.0,2977.36,156.0,183,0,0.0,0,9,6
2025-09-30,P002,Sports,73.0,2977.36,117.0,183,0,0.0,1,9,6
2025-10-01,P002,Sports,105.0,2977.36,203.0,183,0,0.0,2,10,6
2025-10-02,P002,Sports,121.0,2977.36,267.0,183,0,0.0,3,10,6
2025-10-03,P002,Sports,116.0,2977.36,159.0,183,0,0.0,4,10,6
2025-10-04,P002,Sports,260.0,2364.94,588.0,183,1,0.21,5,10,6
2025-10-05,P002,Sports,177.0,2977.36,287.0,183,0,0.0,6,10,6
2025-10-06,P002,Sports,143.0,2977.36,243.0,183,0,0.0,0,10,6
2025-10-07,P002,Sports,129.0,2977.36,209.0,183,0,0.0,1,10,6
2025-10-08,P002,Sports,118.0,2977.36,231.0,183,0,0.0,2,10,6
2025-10-09,P002,Sports,122.0,2977.36,155.0,183,0,0.0,3,10,6
2025-10-10,P002,Sports,120.0,2977.36,307.0,183,0,0.0,4,10,6
2025-10-11,P002,Sports,199.0,2977.36,509.0,183,0,0.0,5,10,6
2025-10-12,P002,Sports,191.0,2977.36,428.0,183,0,0.0,6,10,6
2025-10-13,P002,Sports,110.0,2977.36,163.0,183,0,0.0,0,10,6
2025-10-14,P002,Sports,127.0,2977.36,174.0,183,0,0.0,1,10,6
2025-10-15,P002,Sports,127.0,2977.36,175.0,183,0,0.0,2,10,6
2025-10-16,P002,Sports,114.0,2977.36,168.0,183,0,0.0,3,10,6
2025-10-17,P002,Sports,109.0,2977.36,165.0,183,0,0.0,4,10,6
2025-10-18,P002,Sports,272.0,2181.48,584.0,183,1,0.27,5,10,6
2025-10-19,P002,Sports,170.0,2977.36,310.0,183,0,0.0,6,10,6
2025-10-20,P002,Sports,128.0,2977.36,249.0,183,0,0.0,0,10,6
2025-10-21,P002,Sports,128.0,2977.36,278.0,183,0,0.0,1,10,6
2025-10-22,P002,Sports,122.0,2977.36,204.0,183,0,0.0,2,10,6
2025-10-23,P002,Sports,112.0,2977.36,162.0,183,0,0.0,3,10,6
2025-10-24,P002,Sports,119.0,2977.36,215.0,183,0,0.0,4,10,6
2025-10-25,P002,Sports,327.0,1822.66,623.0,183,1,0.39,5,10,6
2025-10-26,P002,Sports,187.0,2977.36,208.0,183,0,0.0,6,10,6
2025-10-27,P002,Sports,128.0,2977.36,322.0,183,0,0.0,0,10,6
2025-10-28,P002,Sports,119.0,2977.36,291.0,183,0,0.0,1,10,6
2025-10-29,P002,Sports,130.0,2977.36,331.0,183,0,0.0,2,10,6
2025-10-30,P002,Sports,113.0,2977.36,278.0,183,0,0.0,3,10,6
2025-10-31,P002,Sports,119.0,2977.36,144.0,183,0,0.0,4,10,6
2025-11-01,P002,Sports,183.0,2977.36,222.0,183,0,0.0,5,11,6
2025-11-02,P002,Sports,158.0,2977.36,274.0,183,0,0.0,6,11,6
2025-11-03,P002,Sports,105.0,2977.36,178.0,183,0,0.0,0,11,6
2025-11-04,P002,Sports,125.0,2977.36,216.0,183,0,0.0,1,11,6
2025-11-05,P002,Sports,127.0,2977.36,141.0,183,0,0.0,2,11,6
2025-11-06,P002,Sports,130.0,2977.36,249.0,183,0,0.0,3,11,6
2025-11-07,P002,Sports,226.0,1812.18,543.0,183,1,0.39,4,11,6
2025-11-08,P002,Sports,188.0,2977.36,447.0,183,0,0.0,5,11,6
2025-11-09,P002,Sports,167.0,2977.36,359.0,183,0,0.0,6,11,6
2025-11-10,P002,Sports,121.0,2977.36,173.0,183,0,0.0,0,11,6
2025-11-11,P002,Sports,123.0,2977.36,260.0,183,0,0.0,1,11,6
2025-11-12,P002,Sports,122.0,2977.36,254.0,183,0,0.0,2,11,6
2025-11-13,P002,Sports,120.0,2977.36,187.0,183,0,0.0,3,11,6
2025-11-14,P002,Sports,111.0,2977.36,167.0,183,0,0.0,4,11,6
2025-11-15,P002,Sports,183.0,2977.36,259.0,183,0,0.0,5,11,6
2025-11-16,P002,Sports,315.0,1908.94,786.0,183,1,0.36,6,11,6
2025-11-17,P002,Sports,115.0,2977.36,178.0,183,0,0.0,0,11,6
2025-11-18,P002,Sports,127.0,2977.36,209.0,183,0,0.0,1,11,6
2025-11-19,P002,Sports,125.0,2977.36,264.0,183,0,0.0,2,11,6
2025-11-20,P002,Sports,113.0,2977.36,280.0,183,0,0.0,3,11,6
2025-11-21,P002,Sports,115.0,2977.36,263.0,183,0,0.0,4,11,6
2025-11-22,P002,Sports,182.0,2977.36,209.0,183,0,0.0,5,11,6
2025-11-23,P002,Sports,180.0,2977.36,402.0,183,0,0.0,6,11,6
2025-11-24,P002,Sports,108.0,2977.36,281.0,183,0,0.0,0,11,6
2025-11-25,P002,Sports,123.0,2977.36,255.0,183,0,0.0,1,11,6
2025-11-26,P002,Sports,171.0,2445.98,283.0,183,1,0.18,2,11,6
2025-11-27,P002,Sports,124.0,2977.36,187.0,183,0,0.0,3,11,6
2025-11-28,P002,Sports,196.0,2163.48,223.0,183,1,0.27,4,11,6
2025-11-29,P002,Sports,180.0,2977.36,398.0,183,0,0.0,5,11,6
2025-11-30,P002,Sports,189.0,2977.36,453.0,183,0,0.0,6,11,6
2025-12-01,P002,Sports,124.0,2977.36,268.0,183,0,0.0,0,12,6
2025-12-02,P002,Sports,130.0,2977.36,271.0,183,0,0.0,1,12,6
2025-12-03,P002,Sports,118.0,2977.36,207.0,183,0,0.0,2,12,6
2025-12-04,P002,Sports,134.0,2977.36,358.0,183,0,0.0,3,12,6
2025-12-05,P002,Sports,124.0,2977.36,346.0,183,0,0.0,4,12,6
2025-12-06,P002,Sports,161.0,2977.36,397.0,183,0,0.0,5,12,6
2025-12-07,P002,Sports,173.0,2977.36,388.0,183,0,0.0,6,12,6
2025-12-08,P002,Sports,122.0,2977.36,329.0,183,0,0.0,0,12,6
2025-12-09,P002,Sports,137.0,2977.36,301.0,183,0,0.0,1,12,6
2025-12-10,P002,Sports,121.0,2977.36,263.0,183,0,0.0,2,12,6
2025-12-11,P002,Sports,126.0,2977.36,281.0,183,0,0.0,3,12,6
2025-12-12,P002,Sports,114.0,2977.36,129.0,183,0,0.0,4,12,6
2025-12-13,P002,Sports,191.0,2977.36,470.0,183,0,0.0,5,12,6
2025-12-14,P002,Sports,185.0,2977.36,357.0,183,0,0.0,6,12,6
2025-12-15,P002,Sports,123.0,2977.36,327.0,183,0,0.0,0,12,6
2025-12-16,P002,Sports,112.0,2977.36,190.0,183,0,0.0,1,12,6
2025-12-17,P002,Sports,158.0,2502.4,410.0,183,1,0.16,2,12,6
2025-12-18,P002,Sports,120.0,2977.36,175.0,183,0,0.0,3,12,6
2025-12-19,P002,Sports,120.0,2977.36,190.0,183,0,0.0,4,12,6
2025-12-20,P002,Sports,180.0,2977.36,207.0,183,0,0.0,5,12,6
2025-12-21,P002,Sports,181.0,2977.36,459.0,183,0,0.0,6,12,6
2025-12-22,P002,Sports,189.0,2231.28,521.0,183,1,0.25,0,12,6
2025-12-23,P002,Sports,120.0,2977.36,175.0,183,0,0.0,1,12,6
2025-12-24,P002,Sports,116.0,2977.36,180.0,183,0,0.0,2,12,6
2025-12-25,P002,Sports,120.0,2977.36,286.0,183,0,0.0,3,12,6
2025-12-26,P002,Sports,120.0,2977.36,188.0,183,0,0.0,4,12,6
2025-12-27,P002,Sports,169.0,2977.36,223.0,183,0,0.0,5,12,6
2025-12-28,P002,Sports,171.0,2977.36,384.0,183,0,0.0,6,12,6
2025-12-29,P002,Sports,176.0,2342.73,452.0,183,1,0.21,0,12,6
2025-12-30,P002,Sports,125.0,2977.36,240.0,183,0,0.0,1,12,6
2025-12-31,P002,Sports,133.0,2977.36,277.0,183,0,0.0,2,12,6
2026-01-01,P002,Sports,61.0,2977.36,131.0,183,0,0.0,3,1,6
2026-01-02,P002,Sports,52.0,2977.36,84.0,183,0,0.0,4,1,6
2026-01-03,P002,Sports,87.0,2977.36,157.0,183,0,0.0,5,1,6
2026-01-04,P002,Sports,91.0,2977.36,220.0,183,0,0.0,6,1,6
2026-01-05,P002,Sports,72.0,2977.36,145.0,183,0,0.0,0,1,6
2026-01-06,P002,Sports,50.0,2977.36,118.0,183,0,0.0,1,1,6
2026-01-07,P002,Sports,55.0,2977.36,138.0,183,0,0.0,2,1,6
2026-01-08,P002,Sports,57.0,2977.36,106.0,183,0,0.0,3,1,6
2026-01-09,P002,Sports,68.0,2977.36,97.0,183,0,0.0,4,1,6
2026-01-10,P002,Sports,89.0,2977.36,171.0,183,0,0.0,5,1,6
2026-01-11,P002,Sports,77.0,2977.36,157.0,183,0,0.0,6,1,6
2026-01-12,P002,Sports,52.0,2977.36,73.0,183,0,0.0,0,1,6
2026-01-13,P002,Sports,62.0,2977.36,87.0,183,0,0.0,1,1,6
2026-01-14,P002,Sports,62.0,2977.36,128.0,183,0,0.0,2,1,6
2026-01-15,P002,Sports,58.0,2977.36,142.0,183,0,0.0,3,1,6
2026-01-16,P002,Sports,60.0,2977.36,147.0,183,0,0.0,4,1,6
2026-01-17,P002,Sports,80.0,2977.36,117.0,183,0,0.0,5,1,6
2026-01-18,P002,Sports,84.0,2977.36,92.0,183,0,0.0,6,1,6
2026-01-19,P002,Sports,64.0,2977.36,138.0,183,0,0.0,0,1,6
2026-01-20,P002,Sports,58.0,2977.36,73.0,183,0,0.0,1,1,6
2026-01-21,P002,Sports,50.0,2977.36,58.0,183,0,0.0,2,1,6
2026-01-22,P002,Sports,54.0,2977.36,102.0,183,0,0.0,3,1,6
2026-01-23,P002,Sports,54.0,2977.36,73.0,183,0,0.0,4,1,6
2026-01-24,P002,Sports,103.0,2977.36,248.0,183,0,0.0,5,1,6
2026-01-25,P002,Sports,76.0,2977.36,105.0,183,0,0.0,6,1,6
2026-01-26,P002,Sports,88.0,2348.14,233.0,183,1,0.21,0,1,6
2026-01-27,P002,Sports,42.0,2977.36,49.0,183,0,0.0,1,1,6
2026-01-28,P002,Sports,110.0,2038.46,125.0,183,1,0.32,2,1,6
2026-01-29,P002,Sports,58.0,2977.36,68.0,183,0,0.0,3,1,6
2026-01-30,P002,Sports,62.0,2977.36,86.0,183,0,0.0,4,1,6
2026-01-31,P002,Sports,80.0,2977.36,141.0,183,0,0.0,5,1,6
2026-02-01,P002,Sports,90.0,2977.36,202.0,183,0,0.0,6,2,6
2026-02-02,P002,Sports,56.0,2977.36,98.0,183,0,0.0,0,2,6
2026-02-03,P002,Sports,81.0,2513.65,121.0,183,1,0.16,1,2,6
2026-02-04,P002,Sports,70.0,2977.36,191.0,183,0,0.0,2,2,6
2026-02-05,P002,Sports,59.0,2977.36,132.0,183,0,0.0,3,2,6
2026-02-06,P002,Sports,61.0,2977.36,165.0,183,0,0.0,4,2,6
2026-02-07,P002,Sports,80.0,2977.36,219.0,183,0,0.0,5,2,6
2026-02-08,P002,Sports,166.0,1891.18,358.0,183,1,0.36,6,2,6
2026-02-09,P002,Sports,51.0,2977.36,94.0,183,0,0.0,0,2,6
2026-02-10,P002,Sports,50.0,2977.36,125.0,183,0,0.0,1,2,6
2026-02-11,P002,Sports,56.0,2977.36,67.0,183,0,0.0,2,2,6
2026-02-12,P002,Sports,51.0,2977.36,107.0,183,0,0.0,3,2,6
2026-02-13,P002,Sports,59.0,2977.36,89.0,183,0,0.0,4,2,6
2026-02-14,P002,Sports,92.0,2977.36,218.0,183,0,0.0,5,2,6
2026-02-15,P002,Sports,95.0,2977.36,226.0,183,0,0.0,6,2,6
2026-02-16,P002,Sports,81.0,2524.61,180.0,183,1,0.15,0,2,6
2026-02-17,P002,Sports,67.0,2977.36,177.0,183,0,0.0,1,2,6
2026-02-18,P002,Sports,58.0,2977.36,90.0,183,0,0.0,2,2,6
2026-02-19,P002,Sports,56.0,2977.36,140.0,183,0,0.0,3,2,6
2026-02-20,P002,Sports,51.0,2977.36,102.0,183,0,0.0,4,2,6
2026-02-21,P002,Sports,73.0,2977.36,134.0,183,0,0.0,5,2,6
2026-02-22,P002,Sports,87.0,2977.36,176.0,183,0,0.0,6,2,6
2026-02-23,P002,Sports,70.0,2977.36,187.0,183,0,0.0,0,2,6
2026-02-24,P002,Sports,53.0,2977.36,117.0,183,0,0.0,1,2,6
2026-02-25,P002,Sports,47.0,2977.36,117.0,183,0,0.0,2,2,6
2026-02-26,P002,Sports,52.0,2977.36,108.0,183,0,0.0,3,2,6
2026-02-27,P002,Sports,72.0,2977.36,159.0,183,0,0.0,4,2,6
2026-02-28,P002,Sports,93.0,2977.36,129.0,183,0,0.0,5,2,6
2026-03-01,P002,Sports,120.0,2977.36,332.0,183,0,0.0,6,3,6
2026-03-02,P002,Sports,79.0,2977.36,144.0,183,0,0.0,0,3,6
2026-03-03,P002,Sports,77.0,2977.36,165.0,183,0,0.0,1,3,6
2026-03-04,P002,Sports,95.0,2977.36,162.0,183,0,0.0,2,3,6
2026-03-05,P002,Sports,79.0,2977.36,135.0,183,0,0.0,3,3,6
2026-03-06,P002,Sports,91.0,2977.36,132.0,183,0,0.0,4,3,6
2026-03-07,P002,Sports,106.0,2977.36,156.0,183,0,0.0,5,3,6
2026-03-08,P002,Sports,95.0,2977.36,237.0,183,0,0.0,6,3,6
2026-03-09,P002,Sports,65.0,2977.36,84.0,183,0,0.0,0,3,6
2026-03-10,P002,Sports,77.0,2977.36,154.0,183,0,0.0,1,3,6
2026-03-11,P002,Sports,123.0,2105.95,338.0,183,1,0.29,2,3,6
2026-03-12,P002,Sports,78.0,2977.36,94.0,183,0,0.0,3,3,6
2026-03-13,P002,Sports,83.0,2977.36,184.0,183,0,0.0,4,3,6
2026-03-14,P002,Sports,177.0,2213.97,316.0,183,1,0.26,5,3,6
2026-03-15,P002,Sports,121.0,2977.36,185.0,183,0,0.0,6,3,6
2026-03-16,P002,Sports,90.0,2977.36,162.0,183,0,0.0,0,3,6
2026-03-17,P002,Sports,76.0,2977.36,107.0,183,0,0.0,1,3,6
2026-03-18,P002,Sports,82.0,2977.36,96.0,183,0,0.0,2,3,6
2026-03-19,P002,Sports,68.0,2977.36,159.0,183,0,0.0,3,3,6
2026-03-20,P002,Sports,83.0,2977.36,216.0,183,0,0.0,4,3,6
2026-03-21,P002,Sports,120.0,2977.36,214.0,183,0,0.0,5,3,6
2026-03-22,P002,Sports,124.0,2977.36,279.0,183,0,0.0,6,3,6
2026-03-23,P002,Sports,87.0,2977.36,218.0,183,0,0.0,0,3,6
2026-03-24,P002,Sports,85.0,2977.36,155.0,183,0,0.0,1,3,6
2026-03-25,P002,Sports,79.0,2977.36,151.0,183,0,0.0,2,3,6
2026-03-26,P002,Sports,83.0,2977.36,172.0,183,0,0.0,3,3,6
2025-01-01,P003,Home,128.0,3779.48,286.0,818,0,0.0,2,1,13
2025-01-02,P003,Home,100.0,3779.48,178.0,818,0,0.0,3,1,13
2025-01-03,P003,Home,110.0,3779.48,249.0,818,0,0.0,4,1,13
2025-01-04,P003,Home,155.0,3779.48,218.0,818,0,0.0,5,1,13
2025-01-05,P003,Home,151.0,3779.48,273.0,818,0,0.0,6,1,13
2025-01-06,P003,Home,96.0,3779.48,173.0,818,0,0.0,0,1,13
