src/data/raw/ecommerce_inventory_demand.csv
date,product_id,product_category,units_sold,unit_price,stock_on_hand,reorder_point,is_promotion,discount_pct,day_of_week,month,supplier_lead_days
2025-01-07,P003,Home,98.0,3779.48,218.0,818,0,0.0,1,1,13
2025-01-08,P003,Home,106.0,3779.48,158.0,818,0,0.0,2,1,13
2025-01-09,P003,Home,211.0,2265.86,382.0,818,1,0.4,3,1,13
2025-01-10,P003,Home,143.0,3167.89,252.0,818,1,0.16,4,1,13
2025-01-11,P003,Home,274.0,2551.24,486.0,818,1,0.32,5,1,13
2025-01-12,P003,Home,160.0,3779.48,250.0,818,0,0.0,6,1,13
2025-01-13,P003,Home,115.0,3779.48,233.0,818,0,0.0,0,1,13
2025-01-14,P003,Home,173.0,2729.4,427.0,818,1,0.28,1,1,13
2025-01-15,P003,Home,117.0,3779.48,147.0,818,0,0.0,2,1,13
2025-01-16,P003,Home,103.0,3779.48,265.0,818,0,0.0,3,1,13
2025-01-17,P003,Home,118.0,3779.48,228.0,818,0,0.0,4,1,13
2025-01-18,P003,Home,151.0,3779.48,267.0,818,0,0.0,5,1,13
2025-01-19,P003,Home,164.0,3779.48,392.0,818,0,0.0,6,1,13
2025-01-20,P003,Home,95.0,3779.48,147.0,818,0,0.0,0,1,13
2025-01-21,P003,Home,131.0,3779.48,151.0,818,0,0.0,1,1,13
2025-01-22,P003,Home,99.0,3779.48,141.0,818,0,0.0,2,1,13
2025-01-23,P003,Home,116.0,3779.48,186.0,818,0,0.0,3,1,13
2025-01-24,P003,Home,106.0,3779.48,159.0,818,0,0.0,4,1,13
2025-01-25,P003,Home,168.0,3779.48,298.0,818,0,0.0,5,1,13
2025-01-26,P003,Home,174.0,3779.48,298.0,818,0,0.0,6,1,13
2025-01-27,P003,Home,105.0,3779.48,143.0,818,0,0.0,0,1,13
2025-01-28,P003,Home,107.0,3779.48,262.0,818,0,0.0,1,1,13
2025-01-29,P003,Home,123.0,3779.48,233.0,818,0,0.0,2,1,13
2025-01-30,P003,Home,113.0,3779.48,206.0,818,0,0.0,3,1,13
2025-01-31,P003,Home,125.0,3779.48,336.0,818,0,0.0,4,1,13
2025-02-01,P003,Home,164.0,3779.48,335.0,818,0,0.0,5,2,13
2025-02-02,P003,Home,170.0,3779.48,437.0,818,0,0.0,6,2,13
2025-02-03,P003,Home,101.0,3779.48,279.0,818,0,0.0,0,2,13
2025-02-04,P003,Home,105.0,3779.48,221.0,818,0,0.0,1,2,13
2025-02-05,P003,Home,122.0,3779.48,253.0,818,0,0.0,2,2,13
2025-02-06,P003,Home,122.0,3779.48,277.0,818,0,0.0,3,2,13
2025-02-07,P003,Home,101.0,3779.48,239.0,818,0,0.0,4,2,13
2025-02-08,P003,Home,176.0,3779.48,413.0,818,0,0.0,5,2,13
2025-02-09,P003,Home,167.0,3779.48,447.0,818,0,0.0,6,2,13
2025-02-10,P003,Home,107.0,3779.48,164.0,818,0,0.0,0,2,13
2025-02-11,P003,Home,193.0,2496.68,392.0,818,1,0.34,1,2,13
2025-02-12,P003,Home,124.0,3779.48,147.0,818,0,0.0,2,2,13
2025-02-13,P003,Home,95.0,3779.48,195.0,818,0,0.0,3,2,13
2025-02-14,P003,Home,90.0,3779.48,161.0,818,0,0.0,4,2,13
2025-02-15,P003,Home,176.0,3779.48,281.0,818,0,0.0,5,2,13
2025-02-16,P003,Home,171.0,3779.48,384.0,818,0,0.0,6,2,13
2025-02-17,P003,Home,115.0,3779.48,184.0,818,0,0.0,0,2,13
2025-02-18,P003,Home,176.0,2904.2,371.0,818,1,0.23,1,2,13
2025-02-19,P003,Home,187.0,2386.24,417.0,818,1,0.37,2,2,13
2025-02-20,P003,Home,100.0,3779.48,251.0,818,0,0.0,3,2,13
2025-02-21,P003,Home,107.0,3779.48,136.0,818,0,0.0,4,2,13
2025-02-22,P003,Home,175.0,3779.48,192.0,818,0,0.0,5,2,13
2025-02-23,P003,Home,173.0,3779.48,265.0,818,0,0.0,6,2,13
2025-02-24,P003,Home,196.0,2599.94,398.0,818,1,0.31,0,2,13
2025-02-25,P003,Home,146.0,3779.48,257.0,818,0,0.0,1,2,13
2025-02-26,P003,Home,108.0,3779.48,151.0,818,0,0.0,2,2,13
2025-02-27,P003,Home,104.0,3779.48,208.0,818,0,0.0,3,2,13
2025-02-28,P003,Home,105.0,3779.48,187.0,818,0,0.0,4,2,13
2025-03-01,P003,Home,231.0,3779.48,377.0,818,0,0.0,5,3,13
2025-03-02,P003,Home,207.0,3779.48,471.0,818,0,0.0,6,3,13
2025-03-03,P003,Home,153.0,3779.48,395.0,818,0,0.0,0,3,13
2025-03-04,P003,Home,159.0,3779.48,181.0,818,0,0.0,1,3,13
2025-03-05,P003,Home,167.0,3779.48,358.0,818,0,0.0,2,3,13
2025-03-06,P003,Home,146.0,3779.48,187.0,818,0,0.0,3,3,13
2025-03-07,P003,Home,146.0,3779.48,294.0,818,0,0.0,4,3,13
2025-03-08,P003,Home,234.0,3779.48,511.0,818,0,0.0,5,3,13
2025-03-09,P003,Home,248.0,3779.48,482.0,818,0,0.0,6,3,13
2025-03-10,P003,Home,139.0,3779.48,365.0,818,0,0.0,0,3,13
2025-03-11,P003,Home,136.0,3779.48,318.0,818,0,0.0,1,3,13
2025-03-12,P003,Home,143.0,3779.48,327.0,818,0,0.0,2,3,13
2025-03-13,P003,Home,177.0,3779.48,468.0,818,0,0.0,3,3,13
2025-03-14,P003,Home,218.0,2854.52,386.0,818,1,0.24,4,3,13
2025-03-15,P003,Home,236.0,3779.48,425.0,818,0,0.0,5,3,13
2025-03-16,P003,Home,214.0,3779.48,588.0,818,0,0.0,6,3,13
2025-03-17,P003,Home,146.0,3779.48,244.0,818,0,0.0,0,3,13
2025-03-18,P003,Home,156.0,3779.48,291.0,818,0,0.0,1,3,13
2025-03-19,P003,Home,138.0,3779.48,178.0,818,0,0.0,2,3,13
2025-03-20,P003,Home,128.0,3779.48,236.0,818,0,0.0,3,3,13
2025-03-21,P003,Home,133.0,3779.48,330.0,818,0,0.0,4,3,13
2025-03-22,P003,Home,226.0,3779.48,432.0,818,0,0.0,5,3,13
2025-03-23,P003,Home,223.0,3779.48,397.0,818,0,0.0,6,3,13
2025-03-24,P003,Home,147.0,3779.48,345.0,818,0,0.0,0,3,13
2025-03-25,P003,Home,139.0,3779.48,283.0,818,0,0.0,1,3,13
2025-03-26,P003,Home,153.0,3779.48,377.0,818,0,0.0,2,3,13
2025-03-27,P003,Home,164.0,3779.48,338.0,818,0,0.0,3,3,13
2025-03-28,P003,Home,131.0,3779.48,177.0,818,0,0.0,4,3,13
2025-03-29,P003,Home,211.0,3779.48,261.0,818,0,0.0,5,3,13
2025-03-30,P003,Home,228.0,3779.48,281.0,818,0,0.0,6,3,13
2025-03-31,P003,Home,170.0,3779.48,426.0,818,0,0.0,0,3,13
2025-04-01,P003,Home,154.0,3779.48,398.0,818,0,0.0,1,4,13
2025-04-02,P003,Home,150.0,3779.48,349.0,818,0,0.0,2,4,13
2025-04-03,P003,Home,275.0,2752.87,616.0,818,1,0.27,3,4,13
2025-04-04,P003,Home,158.0,3779.48,429.0,818,0,0.0,4,4,13
2025-04-05,P003,Home,431.0,2098.53,945.0,818,1,0.44,5,4,13
2025-04-06,P003,Home,217.0,3779.48,459.0,818,0,0.0,6,4,13
2025-04-07,P003,Home,135.0,3779.48,159.0,818,0,0.0,0,4,13
2025-04-08,P003,Home,145.0,3779.48,304.0,818,0,0.0,1,4,13
2025-04-09,P003,Home,155.0,3779.48,336.0,818,0,0.0,2,4,13
2025-04-10,P003,Home,169.0,3779.48,304.0,818,0,0.0,3,4,13
2025-04-11,P003,Home,180.0,3779.48,389.0,818,0,0.0,4,4,13
2025-04-12,P003,Home,234.0,3779.48,281.0,818,0,0.0,5,4,13
2025-04-13,P003,Home,225.0,3779.48,502.0,818,0,0.0,6,4,13
2025-04-14,P003,Home,172.0,3779.48,236.0,818,0,0.0,0,4,13
2025-04-15,P003,Home,146.0,3779.48,259.0,818,0,0.0,1,4,13
2025-04-16,P003,Home,136.0,3779.48,238.0,818,0,0.0,2,4,13
2025-04-17,P003,Home,153.0,3779.48,186.0,818,0,0.0,3,4,13
2025-04-18,P003,Home,138.0,3779.48,357.0,818,0,0.0,4,4,13
2025-04-19,P003,Home,226.0,3779.48,266.0,818,0,0.0,5,4,13
2025-04-20,P003,Home,207.0,3779.48,332.0,818,0,0.0,6,4,13
2025-04-21,P003,Home,199.0,3019.93,553.0,818,1,0.2,0,4,13
2025-04-22,P003,Home,154.0,3779.48,206.0,818,0,0.0,1,4,13
2025-04-23,P003,Home,,3779.48,,818,0,0.0,2,4,13
2025-04-24,P003,Home,154.0,3779.48,276.0,818,0,0.0,3,4,13
2025-04-25,P003,Home,148.0,3779.48,207.0,818,0,0.0,4,4,13
2025-04-26,P003,Home,224.0,3779.48,474.0,818,0,0.0,5,4,13
2025-04-27,P003,Home,213.0,3779.48,269.0,818,0,0.0,6,4,13
2025-04-28,P003,Home,133.0,3779.48,299.0,818,0,0.0,0,4,13
2025-04-29,P003,Home,163.0,3779.48,257.0,818,0,0.0,1,4,13
2025-04-30,P003,Home,153.0,3779.48,426.0,818,0,0.0,2,4,13
2025-05-01,P003,Home,154.0,3779.48,273.0,818,0,0.0,3,5,13
2025-05-02,P003,Home,154.0,3779.48,216.0,818,0,0.0,4,5,13
2025-05-03,P003,Home,240.0,3779.48,499.0,818,0,0.0,5,5,13
2025-05-04,P003,Home,214.0,3779.48,550.0,818,0,0.0,6,5,13
2025-05-05,P003,Home,271.0,2427.88,483.0,818,1,0.36,0,5,13
2025-05-06,P003,Home,140.0,3779.48,186.0,818,0,0.0,1,5,13
2025-05-07,P003,Home,141.0,3779.48,382.0,818,0,0.0,2,5,13
2025-05-08,P003,Home,150.0,3779.48,417.0,818,0,0.0,3,5,13
2025-05-09,P003,Home,171.0,3779.48,309.0,818,0,0.0,4,5,13
2025-05-10,P003,Home,211.0,3779.48,438.0,818,0,0.0,5,5,13
2025-05-11,P003,Home,258.0,3779.48,375.0,818,0,0.0,6,5,13
2025-05-12,P003,Home,137.0,3779.48,233.0,818,0,0.0,0,5,13
2025-05-13,P003,Home,134.0,3779.48,276.0,818,0,0.0,1,5,13
2025-05-14,P003,Home,160.0,3779.48,341.0,818,0,0.0,2,5,13
2025-05-15,P003,Home,149.0,3779.48,315.0,818,0,0.0,3,5,13
2025-05-16,P003,Home,147.0,3779.48,163.0,818,0,0.0,4,5,13
2025-05-17,P003,Home,239.0,3779.48,500.0,818,0,0.0,5,5,13
2025-05-18,P003,Home,215.0,3779.48,408.0,818,0,0.0,6,5,13
2025-05-19,P003,Home,165.0,3779.48,327.0,818,0,0.0,0,5,13
2025-05-20,P003,Home,181.0,3779.48,206.0,818,0,0.0,1,5,13
2025-05-21,P003,Home,166.0,3779.48,411.0,818,0,0.0,2,5,13
2025-05-22,P003,Home,157.0,3779.48,416.0,818,0,0.0,3,5,13
2025-05-23,P003,Home,148.0,3779.48,224.0,818,0,0.0,4,5,13
2025-05-24,P003,Home,217.0,3779.48,455.0,818,0,0.0,5,5,13
2025-05-25,P003,Home,218.0,3779.48,303.0,818,0,0.0,6,5,13
2025-05-26,P003,Home,158.0,3779.48,249.0,818,0,0.0,0,5,13
2025-05-27,P003,Home,172.0,3779.48,461.0,818,0,0.0,1,5,13
2025-05-28,P003,Home,237.0,3038.19,445.0,818,1,0.2,2,5,13
2025-05-29,P003,Home,171.0,3779.48,477.0,818,0,0.0,3,5,13
2025-05-30,P003,Home,170.0,3779.48,441.0,818,0,0.0,4,5,13
2025-05-31,P003,Home,335.0,2950.55,447.0,818,1,0.22,5,5,13
2025-06-01,P003,Home,234.0,3779.48,525.0,818,0,0.0,6,6,13
2025-06-02,P003,Home,165.0,3779.48,296.0,818,0,0.0,0,6,13
2025-06-03,P003,Home,165.0,3779.48,362.0,818,0,0.0,1,6,13
2025-06-04,P003,Home,168.0,3779.48,382.0,818,0,0.0,2,6,13
2025-06-05,P003,Home,147.0,3779.48,194.0,818,0,0.0,3,6,13
2025-06-06,P003,Home,162.0,3779.48,317.0,818,0,0.0,4,6,13
2025-06-07,P003,Home,249.0,3779.48,547.0,818,0,0.0,5,6,13
2025-06-08,P003,Home,222.0,3779.48,319.0,818,0,0.0,6,6,13
2025-06-09,P003,Home,138.0,3779.48,238.0,818,0,0.0,0,6,13
2025-06-10,P003,Home,137.0,3779.48,263.0,818,0,0.0,1,6,13
2025-06-11,P003,Home,142.0,3779.48,232.0,818,0,0.0,2,6,13
2025-06-12,P003,Home,151.0,3779.48,386.0,818,0,0.0,3,6,13
2025-06-13,P003,Home,165.0,3779.48,375.0,818,0,0.0,4,6,13
2025-06-14,P003,Home,215.0,3779.48,472.0,818,0,0.0,5,6,13
2025-06-15,P003,Home,245.0,3779.48,399.0,818,0,0.0,6,6,13
2025-06-16,P003,Home,155.0,3779.48,368.0,818,0,0.0,0,6,13
2025-06-17,P003,Home,161.0,3779.48,262.0,818,0,0.0,1,6,13
2025-06-18,P003,Home,162.0,3779.48,364.0,818,0,0.0,2,6,13
2025-06-19,P003,Home,148.0,3779.48,205.0,818,0,0.0,3,6,13
2025-06-20,P003,Home,298.0,2399.06,413.0,818,1,0.37,4,6,13
2025-06-21,P003,Home,229.0,3779.48,325.0,818,0,0.0,5,6,13
2025-06-22,P003,Home,262.0,3779.48,657.0,818,0,0.0,6,6,13
2025-06-23,P003,Home,160.0,3779.48,204.0,818,0,0.0,0,6,13
2025-06-24,P003,Home,172.0,3779.48,446.0,818,0,0.0,1,6,13
2025-06-25,P003,Home,170.0,3779.48,304.0,818,0,0.0,2,6,13
2025-06-26,P003,Home,171.0,3779.48,260.0,818,0,0.0,3,6,13
2025-06-27,P003,Home,176.0,3779.48,425.0,818,0,0.0,4,6,13
2025-06-28,P003,Home,236.0,3779.48,402.0,818,0,0.0,5,6,13
2025-06-29,P003,Home,231.0,3779.48,427.0,818,0,0.0,6,6,13
2025-06-30,P003,Home,198.0,3779.48,548.0,818,0,0.0,0,6,13
2025-07-01,P003,Home,187.0,3779.48,416.0,818,0,0.0,1,7,13
2025-07-02,P003,Home,137.0,3779.48,196.0,818,0,0.0,2,7,13
2025-07-03,P003,Home,135.0,3779.48,244.0,818,0,0.0,3,7,13
2025-07-04,P003,Home,169.0,3779.48,278.0,818,0,0.0,4,7,13
2025-07-05,P003,Home,221.0,3779.48,406.0,818,0,0.0,5,7,13
2025-07-06,P003,Home,226.0,3779.48,409.0,818,0,0.0,6,7,13
2025-07-07,P003,Home,,3779.48,,818,0,0.0,0,7,13
2025-07-08,P003,Home,164.0,3779.48,213.0,818,0,0.0,1,7,13
2025-07-09,P003,Home,294.0,2391.62,538.0,818,1,0.37,2,7,13
2025-07-10,P003,Home,131.0,3779.48,282.0,818,0,0.0,3,7,13
2025-07-11,P003,Home,160.0,3779.48,185.0,818,0,0.0,4,7,13
2025-07-12,P003,Home,248.0,3779.48,460.0,818,0,0.0,5,7,13
2025-07-13,P003,Home,227.0,3779.48,582.0,818,0,0.0,6,7,13
2025-07-14,P003,Home,162.0,3779.48,449.0,818,0,0.0,0,7,13
2025-07-15,P003,Home,158.0,3779.48,318.0,818,0,0.0,1,7,13
2025-07-16,P003,Home,,3779.48,,818,0,0.0,2,7,13
2025-07-17,P003,Home,175.0,3779.48,436.0,818,0,0.0,3,7,13
2025-07-18,P003,Home,145.0,3779.48,176.0,818,0,0.0,4,7,13
2025-07-19,P003,Home,223.0,3779.48,355.0,818,0,0.0,5,7,13
2025-07-20,P003,Home,245.0,3779.48,474.0,818,0,0.0,6,7,13
2025-07-21,P003,Home,155.0,3779.48,421.0,818,0,0.0,0,7,13
2025-07-22,P003,Home,230.0,2875.07,559.0,818,1,0.24,1,7,13
2025-07-23,P003,Home,144.0,3779.48,188.0,818,0,0.0,2,7,13
2025-07-24,P003,Home,313.0,2181.41,385.0,818,1,0.42,3,7,13
2025-07-25,P003,Home,153.0,3779.48,391.0,818,0,0.0,4,7,13
2025-07-26,P003,Home,254.0,3779.48,671.0,818,0,0.0,5,7,13
2025-07-27,P003,Home,235.0,3779.48,338.0,818,0,0.0,6,7,13
2025-07-28,P003,Home,149.0,3779.48,301.0,818,0,0.0,0,7,13
2025-07-29,P003,Home,141.0,3779.48,195.0,818,0,0.0,1,7,13
2025-07-30,P003,Home,178.0,3779.48,391.0,818,0,0.0,2,7,13
2025-07-31,P003,Home,160.0,3779.48,199.0,818,0,0.0,3,7,13
2025-08-01,P003,Home,153.0,3779.48,416.0,818,0,0.0,4,8,13
2025-08-02,P003,Home,233.0,3779.48,273.0,818,0,0.0,5,8,13
2025-08-03,P003,Home,242.0,3779.48,580.0,818,0,0.0,6,8,13
2025-08-04,P003,Home,158.0,3779.48,276.0,818,0,0.0,0,8,13
2025-08-05,P003,Home,175.0,3779.48,235.0,818,0,0.0,1,8,13
2025-08-06,P003,Home,141.0,3779.48,367.0,818,0,0.0,2,8,13
2025-08-07,P003,Home,144.0,3779.48,245.0,818,0,0.0,3,8,13
2025-08-08,P003,Home,146.0,3779.48,362.0,818,0,0.0,4,8,13
2025-08-09,P003,Home,232.0,3779.48,373.0,818,0,0.0,5,8,13
2025-08-10,P003,Home,231.0,3779.48,527.0,818,0,0.0,6,8,13
2025-08-11,P003,Home,154.0,3779.48,379.0,818,0,0.0,0,8,13
2025-08-12,P003,Home,167.0,3779.48,434.0,818,0,0.0,1,8,13
2025-08-13,P003,Home,147.0,3779.48,314.0,818,0,0.0,2,8,13
2025-08-14,P003,Home,175.0,3779.48,216.0,818,0,0.0,3,8,13
2025-08-15,P003,Home,154.0,3779.48,170.0,818,0,0.0,4,8,13
2025-08-16,P003,Home,233.0,3779.48,378.0,818,0,0.0,5,8,13
2025-08-17,P003,Home,244.0,3779.48,635.0,818,0,0.0,6,8,13
2025-08-18,P003,Home,151.0,3779.48,216.0,818,0,0.0,0,8,13
2025-08-19,P003,Home,158.0,3779.48,377.0,818,0,0.0,1,8,13
2025-08-20,P003,Home,169.0,3779.48,397.0,818,0,0.0,2,8,13
2025-08-21,P003,Home,158.0,3779.48,373.0,818,0,0.0,3,8,13
2025-08-22,P003,Home,140.0,3779.48,235.0,818,0,0.0,4,8,13
2025-08-23,P003,Home,229.0,3779.48,605.0,818,0,0.0,5,8,13
2025-08-24,P003,Home,200.0,3779.48,496.0,818,0,0.0,6,8,13
2025-08-25,P003,Home,176.0,3779.48,431.0,818,0,0.0,0,8,13
2025-08-26,P003,Home,159.0,3779.48,375.0,818,0,0.0,1,8,13
2025-08-27,P003,Home,157.0,3779.48,279.0,818,0,0.0,2,8,13
2025-08-28,P003,Home,175.0,3779.48,415.0,818,0,0.0,3,8,13
2025-08-29,P003,Home,147.0,3779.48,298.0,818,0,0.0,4,8,13
2025-08-30,P003,Home,243.0,3779.48,576.0,818,0,0.0,5,8,13
2025-08-31,P003,Home,226.0,3779.48,450.0,818,0,0.0,6,8,13
2025-09-01,P003,Home,129.0,3779.48,239.0,818,0,0.0,0,9,13
2025-09-02,P003,Home,171.0,3779.48,348.0,818,0,0.0,1,9,13
2025-09-03,P003,Home,147.0,3779.48,311.0,818,0,0.0,2,9,13
2025-09-04,P003,Home,139.0,3779.48,169.0,818,0,0.0,3,9,13
2025-09-05,P003,Home,173.0,3779.48,286.0,818,0,0.0,4,9,13
2025-09-06,P003,Home,217.0,3779.48,553.0,818,0,0.0,5,9,13
2025-09-07,P003,Home,257.0,3779.48,321.0,818,0,0.0,6,9,13
2025-09-08,P003,Home,158.0,3779.48,218.0,818,0,0.0,0,9,13
2025-09-09,P003,Home,167.0,3779.48,364.0,818,0,0.0,1,9,13
2025-09-10,P003,Home,170.0,3779.48,379.0,818,0,0.0,2,9,13
2025-09-11,P003,Home,139.0,3779.48,322.0,818,0,0.0,3,9,13
2025-09-12,P003,Home,141.0,3779.48,329.0,818,0,0.0,4,9,13
2025-09-13,P003,Home,241.0,3779.48,483.0,818,0,0.0,5,9,13
2025-09-14,P003,Home,224.0,3779.48,481.0,818,0,0.0,6,9,13
2025-09-15,P003,Home,167.0,3779.48,445.0,818,0,0.0,0,9,13
2025-09-16,P003,Home,147.0,3779.48,317.0,818,0,0.0,1,9,13
2025-09-17,P003,Home,168.0,3779.48,335.0,818,0,0.0,2,9,13
2025-09-18,P003,Home,145.0,3779.48,205.0,818,0,0.0,3,9,13
2025-09-19,P003,Home,164.0,3779.48,363.0,818,0,0.0,4,9,13
2025-09-20,P003,Home,245.0,3779.48,658.0,818,0,0.0,5,9,13
2025-09-21,P003,Home,218.0,3779.48,361.0,818,0,0.0,6,9,13
2025-09-22,P003,Home,163.0,3779.48,434.0,818,0,0.0,0,9,13
2025-09-23,P003,Home,270.0,2585.75,519.0,818,1,0.32,1,9,13
2025-09-24,P003,Home,164.0,3779.48,246.0,818,0,0.0,2,9,13
2025-09-25,P003,Home,170.0,3779.48,208.0,818,0,0.0,3,9,13
2025-09-26,P003,Home,157.0,3779.48,307.0,818,0,0.0,4,9,13
2025-09-27,P003,Home,248.0,3779.48,515.0,818,0,0.0,5,9,13
2025-09-28,P003,Home,239.0,3779.48,369.0,818,0,0.0,6,9,13
2025-09-29,P003,Home,157.0,3779.48,292.0,818,0,0.0,0,9,13
2025-09-30,P003,Home,141.0,3779.48,180.0,818,0,0.0,1,9,13
2025-10-01,P003,Home,264.0,3779.48,634.0,818,0,0.0,2,10,13
2025-10-02,P003,Home,274.0,3779.48,595.0,818,0,0.0,3,10,13
2025-10-03,P003,Home,264.0,3779.48,630.0,818,0,0.0,4,10,13
2025-10-04,P003,Home,380.0,3779.48,731.0,818,0,0.0,5,10,13
2025-10-05,P003,Home,371.0,3779.48,752.0,818,0,0.0,6,10,13
2025-10-06,P003,Home,266.0,3779.48,525.0,818,0,0.0,0,10,13
2025-10-07,P003,Home,250.0,3779.48,684.0,818,0,0.0,1,10,13
2025-10-08,P003,Home,246.0,3779.48,660.0,818,0,0.0,2,10,13
2025-10-09,P003,Home,257.0,3779.48,536.0,818,0,0.0,3,10,13
2025-10-10,P003,Home,267.0,3779.48,701.0,818,0,0.0,4,10,13
2025-10-11,P003,Home,372.0,3779.48,605.0,818,0,0.0,5,10,13
2025-10-12,P003,Home,377.0,3779.48,607.0,818,0,0.0,6,10,13
2025-10-13,P003,Home,259.0,3779.48,493.0,818,0,0.0,0,10,13
2025-10-14,P003,Home,250.0,3779.48,474.0,818,0,0.0,1,10,13
2025-10-15,P003,Home,257.0,3779.48,374.0,818,0,0.0,2,10,13
2025-10-16,P003,Home,264.0,3779.48,544.0,818,0,0.0,3,10,13
2025-10-17,P003,Home,337.0,3173.52,838.0,818,1,0.16,4,10,13
2025-10-18,P003,Home,377.0,3779.48,663.0,818,0,0.0,5,10,13
2025-10-19,P003,Home,365.0,3779.48,981.0,818,0,0.0,6,10,13
2025-10-20,P003,Home,258.0,3779.48,695.0,818,0,0.0,0,10,13
2025-10-21,P003,Home,262.0,3779.48,600.0,818,0,0.0,1,10,13
2025-10-22,P003,Home,265.0,3779.48,465.0,818,0,0.0,2,10,13
2025-10-23,P003,Home,267.0,3779.48,739.0,818,0,0.0,3,10,13
2025-10-24,P003,Home,272.0,3779.48,701.0,818,0,0.0,4,10,13
2025-10-25,P003,Home,371.0,3779.48,546.0,818,0,0.0,5,10,13
2025-10-26,P003,Home,370.0,3779.48,686.0,818,0,0.0,6,10,13
2025-10-27,P003,Home,275.0,3779.48,329.0,818,0,0.0,0,10,13
2025-10-28,P003,Home,241.0,3779.48,428.0,818,0,0.0,1,10,13
2025-10-29,P003,Home,440.0,2551.18,597.0,818,1,0.32,2,10,13
2025-10-30,P003,Home,246.0,3779.48,442.0,818,0,0.0,3,10,13
2025-10-31,P003,Home,,3779.48,,818,0,0.0,4,10,13
2025-11-01,P003,Home,374.0,3779.48,1033.0,818,0,0.0,5,11,13
2025-11-02,P003,Home,379.0,3779.48,1003.0,818,0,0.0,6,11,13
2025-11-03,P003,Home,275.0,3779.48,516.0,818,0,0.0,0,11,13
2025-11-04,P003,Home,262.0,3779.48,718.0,818,0,0.0,1,11,13
2025-11-05,P003,Home,248.0,3779.48,448.0,818,0,0.0,2,11,13
2025-11-06,P003,Home,258.0,3779.48,646.0,818,0,0.0,3,11,13
2025-11-07,P003,Home,235.0,3779.48,601.0,818,0,0.0,4,11,13
2025-11-08,P003,Home,380.0,3779.48,501.0,818,0,0.0,5,11,13
