src/data/raw/ecommerce_inventory_demand.csv
date,product_id,product_category,units_sold,unit_price,stock_on_hand,reorder_point,is_promotion,discount_pct,day_of_week,month,supplier_lead_days
2025-11-09,P003,Home,377.0,3779.48,521.0,818,0,0.0,6,11,13
2025-11-10,P003,Home,277.0,3779.48,466.0,818,0,0.0,0,11,13
2025-11-11,P003,Home,242.0,3779.48,455.0,818,0,0.0,1,11,13
2025-11-12,P003,Home,258.0,3779.48,305.0,818,0,0.0,2,11,13
2025-11-13,P003,Home,247.0,3779.48,288.0,818,0,0.0,3,11,13
2025-11-14,P003,Home,489.0,2334.41,926.0,818,1,0.38,4,11,13
2025-11-15,P003,Home,375.0,3779.48,419.0,818,0,0.0,5,11,13
2025-11-16,P003,Home,379.0,3779.48,695.0,818,0,0.0,6,11,13
2025-11-17,P003,Home,229.0,3779.48,599.0,818,0,0.0,0,11,13
2025-11-18,P003,Home,253.0,3779.48,676.0,818,0,0.0,1,11,13
2025-11-19,P003,Home,222.0,3779.48,606.0,818,0,0.0,2,11,13
2025-11-20,P003,Home,267.0,3779.48,421.0,818,0,0.0,3,11,13
2025-11-21,P003,Home,261.0,3779.48,355.0,818,0,0.0,4,11,13
2025-11-22,P003,Home,373.0,3779.48,574.0,818,0,0.0,5,11,13
2025-11-23,P003,Home,378.0,3779.48,1022.0,818,0,0.0,6,11,13
2025-11-24,P003,Home,253.0,3779.48,669.0,818,0,0.0,0,11,13
2025-11-25,P003,Home,481.0,2293.37,897.0,818,1,0.39,1,11,13
2025-11-26,P003,Home,261.0,3779.48,728.0,818,0,0.0,2,11,13
2025-11-27,P003,Home,285.0,3779.48,395.0,818,0,0.0,3,11,13
2025-11-28,P003,Home,289.0,3779.48,562.0,818,0,0.0,4,11,13
2025-11-29,P003,Home,385.0,3779.48,760.0,818,0,0.0,5,11,13
2025-11-30,P003,Home,363.0,3779.48,628.0,818,0,0.0,6,11,13
2025-12-01,P003,Home,256.0,3779.48,469.0,818,0,0.0,0,12,13
2025-12-02,P003,Home,247.0,3779.48,605.0,818,0,0.0,1,12,13
2025-12-03,P003,Home,274.0,3779.48,405.0,818,0,0.0,2,12,13
2025-12-04,P003,Home,254.0,3779.48,283.0,818,0,0.0,3,12,13
2025-12-05,P003,Home,225.0,3779.48,465.0,818,0,0.0,4,12,13
2025-12-06,P003,Home,391.0,3779.48,808.0,818,0,0.0,5,12,13
2025-12-07,P003,Home,404.0,3779.48,507.0,818,0,0.0,6,12,13
2025-12-08,P003,Home,269.0,3779.48,692.0,818,0,0.0,0,12,13
2025-12-09,P003,Home,252.0,3779.48,691.0,818,0,0.0,1,12,13
2025-12-10,P003,Home,246.0,3779.48,490.0,818,0,0.0,2,12,13
2025-12-11,P003,Home,274.0,3779.48,324.0,818,0,0.0,3,12,13
2025-12-12,P003,Home,251.0,3779.48,410.0,818,0,0.0,4,12,13
2025-12-13,P003,Home,372.0,3779.48,1025.0,818,0,0.0,5,12,13
2025-12-14,P003,Home,377.0,3779.48,784.0,818,0,0.0,6,12,13
2025-12-15,P003,Home,272.0,3779.48,580.0,818,0,0.0,0,12,13
2025-12-16,P003,Home,248.0,3779.48,299.0,818,0,0.0,1,12,13
2025-12-17,P003,Home,252.0,3779.48,290.0,818,0,0.0,2,12,13
2025-12-18,P003,Home,271.0,3779.48,398.0,818,0,0.0,3,12,13
2025-12-19,P003,Home,256.0,3779.48,518.0,818,0,0.0,4,12,13
2025-12-20,P003,Home,372.0,3779.48,560.0,818,0,0.0,5,12,13
2025-12-21,P003,Home,407.0,3779.48,701.0,818,0,0.0,6,12,13
2025-12-22,P003,Home,254.0,3779.48,691.0,818,0,0.0,0,12,13
2025-12-23,P003,Home,249.0,3779.48,603.0,818,0,0.0,1,12,13
2025-12-24,P003,Home,252.0,3779.48,431.0,818,0,0.0,2,12,13
2025-12-25,P003,Home,258.0,3779.48,288.0,818,0,0.0,3,12,13
2025-12-26,P003,Home,261.0,3779.48,594.0,818,0,0.0,4,12,13
2025-12-27,P003,Home,399.0,3779.48,741.0,818,0,0.0,5,12,13
2025-12-28,P003,Home,380.0,3779.48,1055.0,818,0,0.0,6,12,13
2025-12-29,P003,Home,277.0,3779.48,378.0,818,0,0.0,0,12,13
2025-12-30,P003,Home,284.0,3779.48,445.0,818,0,0.0,1,12,13
2025-12-31,P003,Home,275.0,3779.48,568.0,818,0,0.0,2,12,13
2026-01-01,P003,Home,105.0,3779.48,124.0,818,0,0.0,3,1,13
2026-01-02,P003,Home,103.0,3779.48,201.0,818,0,0.0,4,1,13
2026-01-03,P003,Home,187.0,3779.48,353.0,818,0,0.0,5,1,13
2026-01-04,P003,Home,180.0,3779.48,445.0,818,0,0.0,6,1,13
2026-01-05,P003,Home,132.0,3779.48,289.0,818,0,0.0,0,1,13
2026-01-06,P003,Home,151.0,3779.48,301.0,818,0,0.0,1,1,13
2026-01-07,P003,Home,237.0,2488.07,435.0,818,1,0.34,2,1,13
2026-01-08,P003,Home,114.0,3779.48,279.0,818,0,0.0,3,1,13
2026-01-09,P003,Home,130.0,3779.48,175.0,818,0,0.0,4,1,13
2026-01-10,P003,Home,158.0,3779.48,348.0,818,0,0.0,5,1,13
2026-01-11,P003,Home,214.0,3779.48,463.0,818,0,0.0,6,1,13
2026-01-12,P003,Home,175.0,3085.12,473.0,818,1,0.18,0,1,13
2026-01-13,P003,Home,121.0,3779.48,279.0,818,0,0.0,1,1,13
2026-01-14,P003,Home,117.0,3779.48,196.0,818,0,0.0,2,1,13
2026-01-15,P003,Home,140.0,3779.48,220.0,818,0,0.0,3,1,13
2026-01-16,P003,Home,138.0,3779.48,380.0,818,0,0.0,4,1,13
2026-01-17,P003,Home,360.0,2280.72,792.0,818,1,0.4,5,1,13
2026-01-18,P003,Home,187.0,3779.48,320.0,818,0,0.0,6,1,13
2026-01-19,P003,Home,139.0,3779.48,261.0,818,0,0.0,0,1,13
2026-01-20,P003,Home,217.0,2728.52,353.0,818,1,0.28,1,1,13
2026-01-21,P003,Home,128.0,3779.48,352.0,818,0,0.0,2,1,13
2026-01-22,P003,Home,101.0,3779.48,224.0,818,0,0.0,3,1,13
2026-01-23,P003,Home,125.0,3779.48,204.0,818,0,0.0,4,1,13
2026-01-24,P003,Home,185.0,3779.48,477.0,818,0,0.0,5,1,13
2026-01-25,P003,Home,191.0,3779.48,359.0,818,0,0.0,6,1,13
2026-01-26,P003,Home,222.0,2452.01,560.0,818,1,0.35,0,1,13
2026-01-27,P003,Home,138.0,3779.48,280.0,818,0,0.0,1,1,13
2026-01-28,P003,Home,136.0,3779.48,344.0,818,0,0.0,2,1,13
2026-01-29,P003,Home,138.0,3779.48,280.0,818,0,0.0,3,1,13
2026-01-30,P003,Home,135.0,3779.48,191.0,818,0,0.0,4,1,13
2026-01-31,P003,Home,209.0,3779.48,438.0,818,0,0.0,5,1,13
2026-02-01,P003,Home,206.0,3779.48,349.0,818,0,0.0,6,2,13
2026-02-02,P003,Home,133.0,3779.48,152.0,818,0,0.0,0,2,13
2026-02-03,P003,Home,145.0,3779.48,325.0,818,0,0.0,1,2,13
2026-02-04,P003,Home,153.0,3779.48,201.0,818,0,0.0,2,2,13
2026-02-05,P003,Home,140.0,3779.48,303.0,818,0,0.0,3,2,13
2026-02-06,P003,Home,135.0,3779.48,335.0,818,0,0.0,4,2,13
2026-02-07,P003,Home,207.0,3779.48,521.0,818,0,0.0,5,2,13
2026-02-08,P003,Home,354.0,2364.99,561.0,818,1,0.37,6,2,13
2026-02-09,P003,Home,132.0,3779.48,275.0,818,0,0.0,0,2,13
2026-02-10,P003,Home,129.0,3779.48,180.0,818,0,0.0,1,2,13
2026-02-11,P003,Home,141.0,3779.48,189.0,818,0,0.0,2,2,13
2026-02-12,P003,Home,130.0,3779.48,344.0,818,0,0.0,3,2,13
2026-02-13,P003,Home,114.0,3779.48,257.0,818,0,0.0,4,2,13
2026-02-14,P003,Home,199.0,3779.48,323.0,818,0,0.0,5,2,13
2026-02-15,P003,Home,194.0,3779.48,310.0,818,0,0.0,6,2,13
2026-02-16,P003,Home,130.0,3779.48,198.0,818,0,0.0,0,2,13
2026-02-17,P003,Home,137.0,3779.48,303.0,818,0,0.0,1,2,13
2026-02-18,P003,Home,127.0,3779.48,348.0,818,0,0.0,2,2,13
2026-02-19,P003,Home,132.0,3779.48,187.0,818,0,0.0,3,2,13
2026-02-20,P003,Home,135.0,3779.48,181.0,818,0,0.0,4,2,13
2026-02-21,P003,Home,209.0,3779.48,276.0,818,0,0.0,5,2,13
2026-02-22,P003,Home,187.0,3779.48,236.0,818,0,0.0,6,2,13
2026-02-23,P003,Home,148.0,3779.48,333.0,818,0,0.0,0,2,13
2026-02-24,P003,Home,115.0,3779.48,178.0,818,0,0.0,1,2,13
2026-02-25,P003,Home,215.0,2696.02,598.0,818,1,0.29,2,2,13
2026-02-26,P003,Home,143.0,3779.48,321.0,818,0,0.0,3,2,13
2026-02-27,P003,Home,140.0,3779.48,339.0,818,0,0.0,4,2,13
2026-02-28,P003,Home,184.0,3779.48,399.0,818,0,0.0,5,2,13
2026-03-01,P003,Home,233.0,3779.48,627.0,818,0,0.0,6,3,13
2026-03-02,P003,Home,167.0,3779.48,432.0,818,0,0.0,0,3,13
2026-03-03,P003,Home,173.0,3779.48,458.0,818,0,0.0,1,3,13
2026-03-04,P003,Home,174.0,3779.48,267.0,818,0,0.0,2,3,13
2026-03-05,P003,Home,174.0,3779.48,234.0,818,0,0.0,3,3,13
2026-03-06,P003,Home,171.0,3779.48,377.0,818,0,0.0,4,3,13
2026-03-07,P003,Home,245.0,3779.48,648.0,818,0,0.0,5,3,13
2026-03-08,P003,Home,260.0,3779.48,727.0,818,0,0.0,6,3,13
2026-03-09,P003,Home,186.0,3779.48,494.0,818,0,0.0,0,3,13
2026-03-10,P003,Home,160.0,3779.48,212.0,818,0,0.0,1,3,13
2026-03-11,P003,Home,168.0,3779.48,417.0,818,0,0.0,2,3,13
2026-03-12,P003,Home,172.0,3779.48,289.0,818,0,0.0,3,3,13
2026-03-13,P003,Home,161.0,3779.48,447.0,818,0,0.0,4,3,13
2026-03-14,P003,Home,280.0,3779.48,341.0,818,0,0.0,5,3,13
2026-03-15,P003,Home,372.0,3076.07,942.0,818,1,0.19,6,3,13
2026-03-16,P003,Home,177.0,3779.48,414.0,818,0,0.0,0,3,13
2026-03-17,P003,Home,193.0,3779.48,330.0,818,0,0.0,1,3,13
2026-03-18,P003,Home,158.0,3779.48,301.0,818,0,0.0,2,3,13
2026-03-19,P003,Home,193.0,3779.48,503.0,818,0,0.0,3,3,13
2026-03-20,P003,Home,172.0,3779.48,373.0,818,0,0.0,4,3,13
2026-03-21,P003,Home,249.0,3779.48,409.0,818,0,0.0,5,3,13
2026-03-22,P003,Home,250.0,3779.48,682.0,818,0,0.0,6,3,13
2026-03-23,P003,Home,173.0,3779.48,232.0,818,0,0.0,0,3,13
2026-03-24,P003,Home,250.0,3189.91,468.0,818,1,0.16,1,3,13
2026-03-25,P003,Home,176.0,3779.48,326.0,818,0,0.0,2,3,13
2026-03-26,P003,Home,175.0,3779.48,434.0,818,0,0.0,3,3,13
2025-01-01,P004,Apparel,41.0,1776.58,91.0,371,0,0.0,2,1,12
2025-01-02,P004,Apparel,49.0,1776.58,70.0,371,0,0.0,3,1,12
2025-01-03,P004,Apparel,37.0,1776.58,98.0,371,0,0.0,4,1,12
2025-01-04,P004,Apparel,56.0,1776.58,130.0,371,0,0.0,5,1,12
2025-01-05,P004,Apparel,67.0,1776.58,101.0,371,0,0.0,6,1,12
2025-01-06,P004,Apparel,53.0,1776.58,144.0,371,0,0.0,0,1,12
2025-01-07,P004,Apparel,59.0,1776.58,102.0,371,0,0.0,1,1,12
2025-01-08,P004,Apparel,71.0,1776.58,132.0,371,0,0.0,2,1,12
2025-01-09,P004,Apparel,49.0,1776.58,131.0,371,0,0.0,3,1,12
2025-01-10,P004,Apparel,50.0,1776.58,98.0,371,0,0.0,4,1,12
2025-01-11,P004,Apparel,84.0,1776.58,230.0,371,0,0.0,5,1,12
2025-01-12,P004,Apparel,65.0,1776.58,98.0,371,0,0.0,6,1,12
2025-01-13,P004,Apparel,59.0,1776.58,154.0,371,0,0.0,0,1,12
2025-01-14,P004,Apparel,92.0,1333.72,255.0,371,1,0.25,1,1,12
2025-01-15,P004,Apparel,61.0,1776.58,91.0,371,0,0.0,2,1,12
2025-01-16,P004,Apparel,63.0,1776.58,94.0,371,0,0.0,3,1,12
2025-01-17,P004,Apparel,102.0,1041.4,113.0,371,1,0.41,4,1,12
2025-01-18,P004,Apparel,81.0,1776.58,109.0,371,0,0.0,5,1,12
2025-01-19,P004,Apparel,83.0,1776.58,179.0,371,0,0.0,6,1,12
2025-01-20,P004,Apparel,64.0,1776.58,154.0,371,0,0.0,0,1,12
2025-01-21,P004,Apparel,58.0,1776.58,139.0,371,0,0.0,1,1,12
2025-01-22,P004,Apparel,53.0,1776.58,140.0,371,0,0.0,2,1,12
2025-01-23,P004,Apparel,49.0,1776.58,124.0,371,0,0.0,3,1,12
2025-01-24,P004,Apparel,58.0,1776.58,68.0,371,0,0.0,4,1,12
2025-01-25,P004,Apparel,98.0,1776.58,110.0,371,0,0.0,5,1,12
2025-01-26,P004,Apparel,88.0,1776.58,118.0,371,0,0.0,6,1,12
2025-01-27,P004,Apparel,93.0,1207.97,104.0,371,1,0.32,0,1,12
2025-01-28,P004,Apparel,58.0,1776.58,112.0,371,0,0.0,1,1,12
2025-01-29,P004,Apparel,108.0,1145.3,146.0,371,1,0.36,2,1,12
2025-01-30,P004,Apparel,54.0,1776.58,139.0,371,0,0.0,3,1,12
2025-01-31,P004,Apparel,47.0,1776.58,71.0,371,0,0.0,4,1,12
2025-02-01,P004,Apparel,79.0,1776.58,218.0,371,0,0.0,5,2,12
2025-02-02,P004,Apparel,92.0,1776.58,186.0,371,0,0.0,6,2,12
2025-02-03,P004,Apparel,51.0,1776.58,92.0,371,0,0.0,0,2,12
2025-02-04,P004,Apparel,52.0,1776.58,68.0,371,0,0.0,1,2,12
2025-02-05,P004,Apparel,50.0,1776.58,107.0,371,0,0.0,2,2,12
2025-02-06,P004,Apparel,48.0,1776.58,72.0,371,0,0.0,3,2,12
2025-02-07,P004,Apparel,60.0,1776.58,78.0,371,0,0.0,4,2,12
2025-02-08,P004,Apparel,71.0,1776.58,97.0,371,0,0.0,5,2,12
2025-02-09,P004,Apparel,81.0,1776.58,103.0,371,0,0.0,6,2,12
2025-02-10,P004,Apparel,59.0,1776.58,104.0,371,0,0.0,0,2,12
2025-02-11,P004,Apparel,54.0,1776.58,102.0,371,0,0.0,1,2,12
2025-02-12,P004,Apparel,56.0,1776.58,93.0,371,0,0.0,2,2,12
2025-02-13,P004,Apparel,56.0,1776.58,84.0,371,0,0.0,3,2,12
2025-02-14,P004,Apparel,37.0,1776.58,55.0,371,0,0.0,4,2,12
2025-02-15,P004,Apparel,78.0,1776.58,108.0,371,0,0.0,5,2,12
2025-02-16,P004,Apparel,83.0,1776.58,141.0,371,0,0.0,6,2,12
2025-02-17,P004,Apparel,38.0,1776.58,66.0,371,0,0.0,0,2,12
2025-02-18,P004,Apparel,52.0,1776.58,75.0,371,0,0.0,1,2,12
2025-02-19,P004,Apparel,41.0,1776.58,74.0,371,0,0.0,2,2,12
2025-02-20,P004,Apparel,60.0,1776.58,141.0,371,0,0.0,3,2,12
2025-02-21,P004,Apparel,87.0,1055.71,225.0,371,1,0.41,4,2,12
2025-02-22,P004,Apparel,72.0,1776.58,94.0,371,0,0.0,5,2,12
2025-02-23,P004,Apparel,88.0,1776.58,109.0,371,0,0.0,6,2,12
2025-02-24,P004,Apparel,59.0,1776.58,91.0,371,0,0.0,0,2,12
2025-02-25,P004,Apparel,52.0,1776.58,144.0,371,0,0.0,1,2,12
2025-02-26,P004,Apparel,51.0,1776.58,56.0,371,0,0.0,2,2,12
2025-02-27,P004,Apparel,55.0,1776.58,134.0,371,0,0.0,3,2,12
2025-02-28,P004,Apparel,48.0,1776.58,83.0,371,0,0.0,4,2,12
2025-03-01,P004,Apparel,102.0,1776.58,125.0,371,0,0.0,5,3,12
2025-03-02,P004,Apparel,153.0,1455.55,376.0,371,1,0.18,6,3,12
2025-03-03,P004,Apparel,71.0,1776.58,91.0,371,0,0.0,0,3,12
2025-03-04,P004,Apparel,68.0,1776.58,131.0,371,0,0.0,1,3,12
2025-03-05,P004,Apparel,76.0,1776.58,158.0,371,0,0.0,2,3,12
2025-03-06,P004,Apparel,79.0,1776.58,199.0,371,0,0.0,3,3,12
2025-03-07,P004,Apparel,80.0,1776.58,121.0,371,0,0.0,4,3,12
2025-03-08,P004,Apparel,105.0,1776.58,291.0,371,0,0.0,5,3,12
2025-03-09,P004,Apparel,137.0,1434.31,296.0,371,1,0.19,6,3,12
2025-03-10,P004,Apparel,160.0,1064.29,222.0,371,1,0.4,0,3,12
2025-03-11,P004,Apparel,83.0,1776.58,175.0,371,0,0.0,1,3,12
2025-03-12,P004,Apparel,67.0,1776.58,90.0,371,0,0.0,2,3,12
2025-03-13,P004,Apparel,80.0,1776.58,194.0,371,0,0.0,3,3,12
2025-03-14,P004,Apparel,65.0,1776.58,164.0,371,0,0.0,4,3,12
2025-03-15,P004,Apparel,110.0,1776.58,252.0,371,0,0.0,5,3,12
2025-03-16,P004,Apparel,108.0,1776.58,292.0,371,0,0.0,6,3,12
2025-03-17,P004,Apparel,77.0,1776.58,137.0,371,0,0.0,0,3,12
2025-03-18,P004,Apparel,118.0,1245.46,284.0,371,1,0.3,1,3,12
2025-03-19,P004,Apparel,65.0,1776.58,112.0,371,0,0.0,2,3,12
2025-03-20,P004,Apparel,75.0,1776.58,106.0,371,0,0.0,3,3,12
2025-03-21,P004,Apparel,69.0,1776.58,149.0,371,0,0.0,4,3,12
2025-03-22,P004,Apparel,117.0,7994.61,238.0,371,0,0.0,5,3,12
2025-03-23,P004,Apparel,91.0,1776.58,230.0,371,0,0.0,6,3,12
2025-03-24,P004,Apparel,79.0,1776.58,210.0,371,0,0.0,0,3,12
2025-03-25,P004,Apparel,75.0,1776.58,176.0,371,0,0.0,1,3,12
2025-03-26,P004,Apparel,63.0,1776.58,146.0,371,0,0.0,2,3,12
2025-03-27,P004,Apparel,75.0,1776.58,104.0,371,0,0.0,3,3,12
2025-03-28,P004,Apparel,72.0,1776.58,155.0,371,0,0.0,4,3,12
2025-03-29,P004,Apparel,104.0,1776.58,152.0,371,0,0.0,5,3,12
2025-03-30,P004,Apparel,105.0,1776.58,265.0,371,0,0.0,6,3,12
2025-03-31,P004,Apparel,74.0,1776.58,93.0,371,0,0.0,0,3,12
2025-04-01,P004,Apparel,61.0,1776.58,73.0,371,0,0.0,1,4,12
2025-04-02,P004,Apparel,83.0,1776.58,183.0,371,0,0.0,2,4,12
2025-04-03,P004,Apparel,81.0,1776.58,202.0,371,0,0.0,3,4,12
2025-04-04,P004,Apparel,69.0,1776.58,159.0,371,0,0.0,4,4,12
2025-04-05,P004,Apparel,115.0,1776.58,315.0,371,0,0.0,5,4,12
2025-04-06,P004,Apparel,108.0,1776.58,190.0,371,0,0.0,6,4,12
2025-04-07,P004,Apparel,79.0,1776.58,133.0,371,0,0.0,0,4,12
2025-04-08,P004,Apparel,69.0,1776.58,112.0,371,0,0.0,1,4,12
2025-04-09,P004,Apparel,67.0,1776.58,117.0,371,0,0.0,2,4,12
2025-04-10,P004,Apparel,50.0,1776.58,86.0,371,0,0.0,3,4,12
2025-04-11,P004,Apparel,69.0,1776.58,154.0,371,0,0.0,4,4,12
2025-04-12,P004,Apparel,116.0,1776.58,311.0,371,0,0.0,5,4,12
2025-04-13,P004,Apparel,121.0,1776.58,260.0,371,0,0.0,6,4,12
2025-04-14,P004,Apparel,80.0,1776.58,136.0,371,0,0.0,0,4,12
2025-04-15,P004,Apparel,66.0,1776.58,76.0,371,0,0.0,1,4,12
2025-04-16,P004,Apparel,53.0,1776.58,104.0,371,0,0.0,2,4,12
2025-04-17,P004,Apparel,67.0,1776.58,126.0,371,0,0.0,3,4,12
2025-04-18,P004,Apparel,77.0,1776.58,169.0,371,0,0.0,4,4,12
2025-04-19,P004,Apparel,104.0,1776.58,162.0,371,0,0.0,5,4,12
2025-04-20,P004,Apparel,117.0,1776.58,269.0,371,0,0.0,6,4,12
2025-04-21,P004,Apparel,122.0,1233.9,335.0,371,1,0.31,0,4,12
2025-04-22,P004,Apparel,69.0,1776.58,186.0,371,0,0.0,1,4,12
2025-04-23,P004,Apparel,72.0,1776.58,136.0,371,0,0.0,2,4,12
2025-04-24,P004,Apparel,67.0,1776.58,114.0,371,0,0.0,3,4,12
2025-04-25,P004,Apparel,83.0,1776.58,139.0,371,0,0.0,4,4,12
2025-04-26,P004,Apparel,107.0,1776.58,155.0,371,0,0.0,5,4,12
2025-04-27,P004,Apparel,196.0,1114.99,224.0,371,1,0.37,6,4,12
2025-04-28,P004,Apparel,80.0,1776.58,173.0,371,0,0.0,0,4,12
2025-04-29,P004,Apparel,66.0,1776.58,82.0,371,0,0.0,1,4,12
2025-04-30,P004,Apparel,81.0,1776.58,184.0,371,0,0.0,2,4,12
2025-05-01,P004,Apparel,73.0,1776.58,134.0,371,0,0.0,3,5,12
2025-05-02,P004,Apparel,58.0,1776.58,150.0,371,0,0.0,4,5,12
2025-05-03,P004,Apparel,104.0,1776.58,204.0,371,0,0.0,5,5,12
2025-05-04,P004,Apparel,113.0,1776.58,191.0,371,0,0.0,6,5,12
2025-05-05,P004,Apparel,63.0,1776.58,110.0,371,0,0.0,0,5,12
2025-05-06,P004,Apparel,69.0,1776.58,135.0,371,0,0.0,1,5,12
2025-05-07,P004,Apparel,67.0,1776.58,123.0,371,0,0.0,2,5,12
2025-05-08,P004,Apparel,73.0,1776.58,175.0,371,0,0.0,3,5,12
2025-05-09,P004,Apparel,86.0,1776.58,223.0,371,0,0.0,4,5,12
2025-05-10,P004,Apparel,112.0,1776.58,230.0,371,0,0.0,5,5,12
2025-05-11,P004,Apparel,93.0,1776.58,216.0,371,0,0.0,6,5,12
2025-05-12,P004,Apparel,128.0,1192.82,351.0,371,1,0.33,0,5,12
2025-05-13,P004,Apparel,74.0,1776.58,206.0,371,0,0.0,1,5,12
2025-05-14,P004,Apparel,67.0,1776.58,176.0,371,0,0.0,2,5,12
2025-05-15,P004,Apparel,62.0,1776.58,104.0,371,0,0.0,3,5,12
2025-05-16,P004,Apparel,87.0,1776.58,236.0,371,0,0.0,4,5,12
2025-05-17,P004,Apparel,101.0,1776.58,242.0,371,0,0.0,5,5,12
2025-05-18,P004,Apparel,108.0,1776.58,237.0,371,0,0.0,6,5,12
2025-05-19,P004,Apparel,76.0,1776.58,98.0,371,0,0.0,0,5,12
2025-05-20,P004,Apparel,75.0,1776.58,158.0,371,0,0.0,1,5,12
2025-05-21,P004,Apparel,73.0,1776.58,127.0,371,0,0.0,2,5,12
2025-05-22,P004,Apparel,62.0,1776.58,131.0,371,0,0.0,3,5,12
2025-05-23,P004,Apparel,62.0,1776.58,81.0,371,0,0.0,4,5,12
2025-05-24,P004,Apparel,104.0,1776.58,153.0,371,0,0.0,5,5,12
2025-05-25,P004,Apparel,105.0,1776.58,259.0,371,0,0.0,6,5,12
2025-05-26,P004,Apparel,73.0,1776.58,186.0,371,0,0.0,0,5,12
2025-05-27,P004,Apparel,76.0,1776.58,113.0,371,0,0.0,1,5,12
2025-05-28,P004,Apparel,77.0,1776.58,213.0,371,0,0.0,2,5,12
2025-05-29,P004,Apparel,68.0,1776.58,96.0,371,0,0.0,3,5,12
2025-05-30,P004,Apparel,141.0,977.88,355.0,371,1,0.45,4,5,12
2025-05-31,P004,Apparel,109.0,1776.58,291.0,371,0,0.0,5,5,12
2025-06-01,P004,Apparel,158.0,1469.9,353.0,371,1,0.17,6,6,12
2025-06-02,P004,Apparel,92.0,1776.58,227.0,371,0,0.0,0,6,12
2025-06-03,P004,Apparel,67.0,1776.58,130.0,371,0,0.0,1,6,12
2025-06-04,P004,Apparel,74.0,1776.58,137.0,371,0,0.0,2,6,12
2025-06-05,P004,Apparel,97.0,1776.58,203.0,371,0,0.0,3,6,12
2025-06-06,P004,Apparel,127.0,1104.49,302.0,371,1,0.38,4,6,12
2025-06-07,P004,Apparel,119.0,1776.58,196.0,371,0,0.0,5,6,12
2025-06-08,P004,Apparel,99.0,1776.58,226.0,371,0,0.0,6,6,12
2025-06-09,P004,Apparel,76.0,1776.58,137.0,371,0,0.0,0,6,12
2025-06-10,P004,Apparel,77.0,1776.58,133.0,371,0,0.0,1,6,12
2025-06-11,P004,Apparel,75.0,1776.58,202.0,371,0,0.0,2,6,12
