src/data/raw/ecommerce_inventory_demand.csv
date,product_id,product_category,units_sold,unit_price,stock_on_hand,reorder_point,is_promotion,discount_pct,day_of_week,month,supplier_lead_days
2025-06-12,P004,Apparel,76.0,1776.58,144.0,371,0,0.0,3,6,12
2025-06-13,P004,Apparel,102.0,1408.26,190.0,371,1,0.21,4,6,12
2025-06-14,P004,Apparel,116.0,1776.58,181.0,371,0,0.0,5,6,12
2025-06-15,P004,Apparel,105.0,1776.58,279.0,371,0,0.0,6,6,12
2025-06-16,P004,Apparel,93.0,1776.58,229.0,371,0,0.0,0,6,12
2025-06-17,P004,Apparel,80.0,1776.58,105.0,371,0,0.0,1,6,12
2025-06-18,P004,Apparel,72.0,1776.58,172.0,371,0,0.0,2,6,12
2025-06-19,P004,Apparel,77.0,1776.58,98.0,371,0,0.0,3,6,12
2025-06-20,P004,Apparel,70.0,1776.58,163.0,371,0,0.0,4,6,12
2025-06-21,P004,Apparel,98.0,1776.58,188.0,371,0,0.0,5,6,12
2025-06-22,P004,Apparel,105.0,1776.58,239.0,371,0,0.0,6,6,12
2025-06-23,P004,Apparel,77.0,1776.58,138.0,371,0,0.0,0,6,12
2025-06-24,P004,Apparel,76.0,1776.58,127.0,371,0,0.0,1,6,12
2025-06-25,P004,Apparel,90.0,1776.58,112.0,371,0,0.0,2,6,12
2025-06-26,P004,Apparel,80.0,1776.58,209.0,371,0,0.0,3,6,12
2025-06-27,P004,Apparel,79.0,1776.58,207.0,371,0,0.0,4,6,12
2025-06-28,P004,Apparel,115.0,1776.58,295.0,371,0,0.0,5,6,12
2025-06-29,P004,Apparel,112.0,1776.58,168.0,371,0,0.0,6,6,12
2025-06-30,P004,Apparel,67.0,1776.58,107.0,371,0,0.0,0,6,12
2025-07-01,P004,Apparel,65.0,1776.58,109.0,371,0,0.0,1,7,12
2025-07-02,P004,Apparel,76.0,1776.58,179.0,371,0,0.0,2,7,12
2025-07-03,P004,Apparel,77.0,1776.58,129.0,371,0,0.0,3,7,12
2025-07-04,P004,Apparel,63.0,1776.58,125.0,371,0,0.0,4,7,12
2025-07-05,P004,Apparel,114.0,1776.58,292.0,371,0,0.0,5,7,12
2025-07-06,P004,Apparel,97.0,1776.58,118.0,371,0,0.0,6,7,12
2025-07-07,P004,Apparel,64.0,1776.58,144.0,371,0,0.0,0,7,12
2025-07-08,P004,Apparel,87.0,1776.58,148.0,371,0,0.0,1,7,12
2025-07-09,P004,Apparel,77.0,1776.58,159.0,371,0,0.0,2,7,12
2025-07-10,P004,Apparel,62.0,1776.58,154.0,371,0,0.0,3,7,12
2025-07-11,P004,Apparel,67.0,1776.58,149.0,371,0,0.0,4,7,12
2025-07-12,P004,Apparel,107.0,1776.58,267.0,371,0,0.0,5,7,12
2025-07-13,P004,Apparel,106.0,1776.58,132.0,371,0,0.0,6,7,12
2025-07-14,P004,Apparel,68.0,1776.58,83.0,371,0,0.0,0,7,12
2025-07-15,P004,Apparel,66.0,1776.58,139.0,371,0,0.0,1,7,12
2025-07-16,P004,Apparel,69.0,1776.58,170.0,371,0,0.0,2,7,12
2025-07-17,P004,Apparel,72.0,1776.58,193.0,371,0,0.0,3,7,12
2025-07-18,P004,Apparel,76.0,1776.58,84.0,371,0,0.0,4,7,12
2025-07-19,P004,Apparel,99.0,1776.58,137.0,371,0,0.0,5,7,12
2025-07-20,P004,Apparel,117.0,1776.58,326.0,371,0,0.0,6,7,12
2025-07-21,P004,Apparel,76.0,1776.58,211.0,371,0,0.0,0,7,12
2025-07-22,P004,Apparel,78.0,1776.58,97.0,371,0,0.0,1,7,12
2025-07-23,P004,Apparel,107.0,1270.47,221.0,371,1,0.28,2,7,12
2025-07-24,P004,Apparel,66.0,1776.58,91.0,371,0,0.0,3,7,12
2025-07-25,P004,Apparel,66.0,1776.58,174.0,371,0,0.0,4,7,12
2025-07-26,P004,Apparel,112.0,1776.58,144.0,371,0,0.0,5,7,12
2025-07-27,P004,Apparel,106.0,1776.58,146.0,371,0,0.0,6,7,12
2025-07-28,P004,Apparel,82.0,1776.58,228.0,371,0,0.0,0,7,12
2025-07-29,P004,Apparel,109.0,1320.88,213.0,371,1,0.26,1,7,12
2025-07-30,P004,Apparel,79.0,1776.58,195.0,371,0,0.0,2,7,12
2025-07-31,P004,Apparel,77.0,1776.58,192.0,371,0,0.0,3,7,12
2025-08-01,P004,Apparel,61.0,1776.58,96.0,371,0,0.0,4,8,12
2025-08-02,P004,Apparel,102.0,1776.58,129.0,371,0,0.0,5,8,12
2025-08-03,P004,Apparel,107.0,1776.58,263.0,371,0,0.0,6,8,12
2025-08-04,P004,Apparel,62.0,1776.58,103.0,371,0,0.0,0,8,12
2025-08-05,P004,Apparel,66.0,1776.58,177.0,371,0,0.0,1,8,12
2025-08-06,P004,Apparel,74.0,1776.58,142.0,371,0,0.0,2,8,12
2025-08-07,P004,Apparel,79.0,1776.58,115.0,371,0,0.0,3,8,12
2025-08-08,P004,Apparel,70.0,1776.58,187.0,371,0,0.0,4,8,12
2025-08-09,P004,Apparel,116.0,1776.58,158.0,371,0,0.0,5,8,12
2025-08-10,P004,Apparel,109.0,1776.58,149.0,371,0,0.0,6,8,12
2025-08-11,P004,Apparel,64.0,1776.58,78.0,371,0,0.0,0,8,12
2025-08-12,P004,Apparel,57.0,1776.58,150.0,371,0,0.0,1,8,12
2025-08-13,P004,Apparel,63.0,1776.58,137.0,371,0,0.0,2,8,12
2025-08-14,P004,Apparel,150.0,1025.61,184.0,371,1,0.42,3,8,12
2025-08-15,P004,Apparel,68.0,1776.58,141.0,371,0,0.0,4,8,12
2025-08-16,P004,Apparel,97.0,1776.58,120.0,371,0,0.0,5,8,12
2025-08-17,P004,Apparel,117.0,1776.58,167.0,371,0,0.0,6,8,12
2025-08-18,P004,Apparel,71.0,1776.58,110.0,371,0,0.0,0,8,12
2025-08-19,P004,Apparel,69.0,1776.58,186.0,371,0,0.0,1,8,12
2025-08-20,P004,Apparel,66.0,1776.58,112.0,371,0,0.0,2,8,12
2025-08-21,P004,Apparel,50.0,1776.58,134.0,371,0,0.0,3,8,12
2025-08-22,P004,Apparel,81.0,1776.58,212.0,371,0,0.0,4,8,12
2025-08-23,P004,Apparel,98.0,1776.58,114.0,371,0,0.0,5,8,12
2025-08-24,P004,Apparel,106.0,1776.58,126.0,371,0,0.0,6,8,12
2025-08-25,P004,Apparel,78.0,1776.58,140.0,371,0,0.0,0,8,12
2025-08-26,P004,Apparel,77.0,1776.58,112.0,371,0,0.0,1,8,12
2025-08-27,P004,Apparel,71.0,1776.58,152.0,371,0,0.0,2,8,12
2025-08-28,P004,Apparel,66.0,1776.58,78.0,371,0,0.0,3,8,12
2025-08-29,P004,Apparel,91.0,1776.58,162.0,371,0,0.0,4,8,12
2025-08-30,P004,Apparel,119.0,1776.58,259.0,371,0,0.0,5,8,12
2025-08-31,P004,Apparel,108.0,1776.58,292.0,371,0,0.0,6,8,12
2025-09-01,P004,Apparel,68.0,1776.58,163.0,371,0,0.0,0,9,12
2025-09-02,P004,Apparel,82.0,1776.58,184.0,371,0,0.0,1,9,12
2025-09-03,P004,Apparel,123.0,1208.26,163.0,371,1,0.32,2,9,12
2025-09-04,P004,Apparel,73.0,1776.58,81.0,371,0,0.0,3,9,12
2025-09-05,P004,Apparel,88.0,1776.58,177.0,371,0,0.0,4,9,12
2025-09-06,P004,Apparel,110.0,1776.58,195.0,371,0,0.0,5,9,12
2025-09-07,P004,Apparel,110.0,1776.58,176.0,371,0,0.0,6,9,12
2025-09-08,P004,Apparel,71.0,1776.58,134.0,371,0,0.0,0,9,12
2025-09-09,P004,Apparel,83.0,1776.58,99.0,371,0,0.0,1,9,12
2025-09-10,P004,Apparel,57.0,1776.58,142.0,371,0,0.0,2,9,12
2025-09-11,P004,Apparel,88.0,1776.58,125.0,371,0,0.0,3,9,12
2025-09-12,P004,Apparel,71.0,1776.58,134.0,371,0,0.0,4,9,12
2025-09-13,P004,Apparel,117.0,1776.58,317.0,371,0,0.0,5,9,12
2025-09-14,P004,Apparel,108.0,1776.58,225.0,371,0,0.0,6,9,12
2025-09-15,P004,Apparel,74.0,1776.58,124.0,371,0,0.0,0,9,12
2025-09-16,P004,Apparel,79.0,1776.58,137.0,371,0,0.0,1,9,12
2025-09-17,P004,Apparel,,1776.58,,371,0,0.0,2,9,12
2025-09-18,P004,Apparel,70.0,1776.58,110.0,371,0,0.0,3,9,12
2025-09-19,P004,Apparel,69.0,1776.58,177.0,371,0,0.0,4,9,12
2025-09-20,P004,Apparel,108.0,1776.58,219.0,371,0,0.0,5,9,12
2025-09-21,P004,Apparel,105.0,1776.58,256.0,371,0,0.0,6,9,12
2025-09-22,P004,Apparel,70.0,1776.58,122.0,371,0,0.0,0,9,12
2025-09-23,P004,Apparel,75.0,1776.58,118.0,371,0,0.0,1,9,12
2025-09-24,P004,Apparel,64.0,1776.58,99.0,371,0,0.0,2,9,12
2025-09-25,P004,Apparel,92.0,1776.58,204.0,371,0,0.0,3,9,12
2025-09-26,P004,Apparel,88.0,1776.58,236.0,371,0,0.0,4,9,12
2025-09-27,P004,Apparel,101.0,1776.58,114.0,371,0,0.0,5,9,12
2025-09-28,P004,Apparel,119.0,1776.58,319.0,371,0,0.0,6,9,12
2025-09-29,P004,Apparel,75.0,1776.58,97.0,371,0,0.0,0,9,12
2025-09-30,P004,Apparel,78.0,1776.58,210.0,371,0,0.0,1,9,12
2025-10-01,P004,Apparel,114.0,1776.58,276.0,371,0,0.0,2,10,12
2025-10-02,P004,Apparel,113.0,1776.58,154.0,371,0,0.0,3,10,12
2025-10-03,P004,Apparel,117.0,1776.58,214.0,371,0,0.0,4,10,12
2025-10-04,P004,Apparel,171.0,1776.58,354.0,371,0,0.0,5,10,12
2025-10-05,P004,Apparel,165.0,1776.58,388.0,371,0,0.0,6,10,12
2025-10-06,P004,Apparel,113.0,1776.58,248.0,371,0,0.0,0,10,12
2025-10-07,P004,Apparel,217.0,1161.53,353.0,371,1,0.35,1,10,12
2025-10-08,P004,Apparel,111.0,1776.58,233.0,371,0,0.0,2,10,12
2025-10-09,P004,Apparel,120.0,1776.58,180.0,371,0,0.0,3,10,12
2025-10-10,P004,Apparel,118.0,1776.58,143.0,371,0,0.0,4,10,12
2025-10-11,P004,Apparel,259.0,1379.65,468.0,371,1,0.22,5,10,12
2025-10-12,P004,Apparel,170.0,1776.58,336.0,371,0,0.0,6,10,12
2025-10-13,P004,Apparel,123.0,1776.58,149.0,371,0,0.0,0,10,12
2025-10-14,P004,Apparel,124.0,1776.58,248.0,371,0,0.0,1,10,12
2025-10-15,P004,Apparel,118.0,1776.58,226.0,371,0,0.0,2,10,12
2025-10-16,P004,Apparel,180.0,1361.85,339.0,371,1,0.23,3,10,12
2025-10-17,P004,Apparel,116.0,1776.58,223.0,371,0,0.0,4,10,12
2025-10-18,P004,Apparel,174.0,1776.58,228.0,371,0,0.0,5,10,12
2025-10-19,P004,Apparel,179.0,1776.58,432.0,371,0,0.0,6,10,12
2025-10-20,P004,Apparel,118.0,1776.58,173.0,371,0,0.0,0,10,12
2025-10-21,P004,Apparel,119.0,1776.58,286.0,371,0,0.0,1,10,12
2025-10-22,P004,Apparel,123.0,1776.58,231.0,371,0,0.0,2,10,12
2025-10-23,P004,Apparel,112.0,1776.58,262.0,371,0,0.0,3,10,12
2025-10-24,P004,Apparel,129.0,1776.58,153.0,371,0,0.0,4,10,12
2025-10-25,P004,Apparel,179.0,1776.58,276.0,371,0,0.0,5,10,12
2025-10-26,P004,Apparel,180.0,1776.58,427.0,371,0,0.0,6,10,12
2025-10-27,P004,Apparel,117.0,1776.58,325.0,371,0,0.0,0,10,12
2025-10-28,P004,Apparel,117.0,1776.58,210.0,371,0,0.0,1,10,12
2025-10-29,P004,Apparel,105.0,1776.58,156.0,371,0,0.0,2,10,12
2025-10-30,P004,Apparel,103.0,1776.58,219.0,371,0,0.0,3,10,12
2025-10-31,P004,Apparel,128.0,1776.58,250.0,371,0,0.0,4,10,12
2025-11-01,P004,Apparel,173.0,1776.58,415.0,371,0,0.0,5,11,12
2025-11-02,P004,Apparel,183.0,1776.58,316.0,371,0,0.0,6,11,12
2025-11-03,P004,Apparel,109.0,1776.58,153.0,371,0,0.0,0,11,12
2025-11-04,P004,Apparel,118.0,1776.58,206.0,371,0,0.0,1,11,12
2025-11-05,P004,Apparel,107.0,1776.58,210.0,371,0,0.0,2,11,12
2025-11-06,P004,Apparel,116.0,1776.58,239.0,371,0,0.0,3,11,12
2025-11-07,P004,Apparel,114.0,1776.58,313.0,371,0,0.0,4,11,12
2025-11-08,P004,Apparel,166.0,1776.58,449.0,371,0,0.0,5,11,12
2025-11-09,P004,Apparel,172.0,1776.58,348.0,371,0,0.0,6,11,12
2025-11-10,P004,Apparel,116.0,1776.58,248.0,371,0,0.0,0,11,12
2025-11-11,P004,Apparel,111.0,1776.58,292.0,371,0,0.0,1,11,12
2025-11-12,P004,Apparel,133.0,1776.58,210.0,371,0,0.0,2,11,12
2025-11-13,P004,Apparel,207.0,1153.77,528.0,371,1,0.35,3,11,12
2025-11-14,P004,Apparel,119.0,1776.58,313.0,371,0,0.0,4,11,12
2025-11-15,P004,Apparel,167.0,1776.58,388.0,371,0,0.0,5,11,12
2025-11-16,P004,Apparel,173.0,1776.58,246.0,371,0,0.0,6,11,12
2025-11-17,P004,Apparel,115.0,1776.58,189.0,371,0,0.0,0,11,12
2025-11-18,P004,Apparel,98.0,1776.58,111.0,371,0,0.0,1,11,12
2025-11-19,P004,Apparel,114.0,1776.58,272.0,371,0,0.0,2,11,12
2025-11-20,P004,Apparel,123.0,1776.58,146.0,371,0,0.0,3,11,12
2025-11-21,P004,Apparel,108.0,1776.58,218.0,371,0,0.0,4,11,12
2025-11-22,P004,Apparel,177.0,1776.58,448.0,371,0,0.0,5,11,12
2025-11-23,P004,Apparel,163.0,1776.58,223.0,371,0,0.0,6,11,12
2025-11-24,P004,Apparel,117.0,1776.58,255.0,371,0,0.0,0,11,12
2025-11-25,P004,Apparel,104.0,1776.58,121.0,371,0,0.0,1,11,12
2025-11-26,P004,Apparel,114.0,1776.58,183.0,371,0,0.0,2,11,12
2025-11-27,P004,Apparel,102.0,1776.58,123.0,371,0,0.0,3,11,12
2025-11-28,P004,Apparel,120.0,1776.58,265.0,371,0,0.0,4,11,12
2025-11-29,P004,Apparel,160.0,1776.58,194.0,371,0,0.0,5,11,12
2025-11-30,P004,Apparel,195.0,1776.58,459.0,371,0,0.0,6,11,12
2025-12-01,P004,Apparel,106.0,1776.58,286.0,371,0,0.0,0,12,12
2025-12-02,P004,Apparel,121.0,1776.58,181.0,371,0,0.0,1,12,12
2025-12-03,P004,Apparel,181.0,1366.99,321.0,371,1,0.23,2,12,12
2025-12-04,P004,Apparel,135.0,1776.58,266.0,371,0,0.0,3,12,12
2025-12-05,P004,Apparel,105.0,1776.58,283.0,371,0,0.0,4,12,12
2025-12-06,P004,Apparel,153.0,1776.58,297.0,371,0,0.0,5,12,12
2025-12-07,P004,Apparel,177.0,1776.58,479.0,371,0,0.0,6,12,12
2025-12-08,P004,Apparel,113.0,1776.58,259.0,371,0,0.0,0,12,12
2025-12-09,P004,Apparel,127.0,1776.58,220.0,371,0,0.0,1,12,12
2025-12-10,P004,Apparel,119.0,1776.58,169.0,371,0,0.0,2,12,12
2025-12-11,P004,Apparel,127.0,1776.58,270.0,371,0,0.0,3,12,12
2025-12-12,P004,Apparel,130.0,1776.58,259.0,371,0,0.0,4,12,12
2025-12-13,P004,Apparel,167.0,1776.58,233.0,371,0,0.0,5,12,12
2025-12-14,P004,Apparel,175.0,1776.58,397.0,371,0,0.0,6,12,12
2025-12-15,P004,Apparel,113.0,1776.58,129.0,371,0,0.0,0,12,12
2025-12-16,P004,Apparel,105.0,1776.58,165.0,371,0,0.0,1,12,12
2025-12-17,P004,Apparel,172.0,1423.48,208.0,371,1,0.2,2,12,12
2025-12-18,P004,Apparel,123.0,1776.58,219.0,371,0,0.0,3,12,12
2025-12-19,P004,Apparel,123.0,1776.58,172.0,371,0,0.0,4,12,12
2025-12-20,P004,Apparel,165.0,1776.58,306.0,371,0,0.0,5,12,12
2025-12-21,P004,Apparel,173.0,1776.58,279.0,371,0,0.0,6,12,12
2025-12-22,P004,Apparel,129.0,1776.58,298.0,371,0,0.0,0,12,12
2025-12-23,P004,Apparel,111.0,1776.58,210.0,371,0,0.0,1,12,12
2025-12-24,P004,Apparel,131.0,1776.58,213.0,371,0,0.0,2,12,12
2025-12-25,P004,Apparel,108.0,1776.58,154.0,371,0,0.0,3,12,12
2025-12-26,P004,Apparel,126.0,1776.58,330.0,371,0,0.0,4,12,12
2025-12-27,P004,Apparel,168.0,1776.58,367.0,371,0,0.0,5,12,12
2025-12-28,P004,Apparel,239.0,1438.56,400.0,371,1,0.19,6,12,12
2025-12-29,P004,Apparel,105.0,1776.58,136.0,371,0,0.0,0,12,12
2025-12-30,P004,Apparel,121.0,1776.58,188.0,371,0,0.0,1,12,12
2025-12-31,P004,Apparel,107.0,1776.58,164.0,371,0,0.0,2,12,12
2026-01-01,P004,Apparel,71.0,1776.58,188.0,371,0,0.0,3,1,12
2026-01-02,P004,Apparel,46.0,1776.58,101.0,371,0,0.0,4,1,12
2026-01-03,P004,Apparel,72.0,1776.58,179.0,371,0,0.0,5,1,12
2026-01-04,P004,Apparel,140.0,1045.98,312.0,371,1,0.41,6,1,12
2026-01-05,P004,Apparel,112.0,1045.58,188.0,371,1,0.41,0,1,12
2026-01-06,P004,Apparel,56.0,1776.58,126.0,371,0,0.0,1,1,12
2026-01-07,P004,Apparel,34.0,1776.58,72.0,371,0,0.0,2,1,12
2026-01-08,P004,Apparel,56.0,1776.58,115.0,371,0,0.0,3,1,12
2026-01-09,P004,Apparel,50.0,1776.58,61.0,371,0,0.0,4,1,12
2026-01-10,P004,Apparel,89.0,1776.58,223.0,371,0,0.0,5,1,12
2026-01-11,P004,Apparel,75.0,1776.58,153.0,371,0,0.0,6,1,12
2026-01-12,P004,Apparel,43.0,1776.58,115.0,371,0,0.0,0,1,12
2026-01-13,P004,Apparel,51.0,1776.58,58.0,371,0,0.0,1,1,12
2026-01-14,P004,Apparel,67.0,1776.58,100.0,371,0,0.0,2,1,12
2026-01-15,P004,Apparel,61.0,1776.58,105.0,371,0,0.0,3,1,12
2026-01-16,P004,Apparel,71.0,1776.58,152.0,371,0,0.0,4,1,12
2026-01-17,P004,Apparel,88.0,1776.58,192.0,371,0,0.0,5,1,12
2026-01-18,P004,Apparel,84.0,1776.58,192.0,371,0,0.0,6,1,12
2026-01-19,P004,Apparel,45.0,1776.58,80.0,371,0,0.0,0,1,12
2026-01-20,P004,Apparel,59.0,1776.58,69.0,371,0,0.0,1,1,12
2026-01-21,P004,Apparel,58.0,1776.58,145.0,371,0,0.0,2,1,12
2026-01-22,P004,Apparel,57.0,1776.58,107.0,371,0,0.0,3,1,12
2026-01-23,P004,Apparel,62.0,1776.58,88.0,371,0,0.0,4,1,12
2026-01-24,P004,Apparel,95.0,1776.58,211.0,371,0,0.0,5,1,12
2026-01-25,P004,Apparel,85.0,1776.58,165.0,371,0,0.0,6,1,12
2026-01-26,P004,Apparel,63.0,1776.58,149.0,371,0,0.0,0,1,12
2026-01-27,P004,Apparel,66.0,1420.23,152.0,371,1,0.2,1,1,12
2026-01-28,P004,Apparel,66.0,1776.58,72.0,371,0,0.0,2,1,12
2026-01-29,P004,Apparel,67.0,1776.58,150.0,371,0,0.0,3,1,12
2026-01-30,P004,Apparel,59.0,1776.58,84.0,371,0,0.0,4,1,12
2026-01-31,P004,Apparel,99.0,1776.58,259.0,371,0,0.0,5,1,12
2026-02-01,P004,Apparel,92.0,1776.58,191.0,371,0,0.0,6,2,12
2026-02-02,P004,Apparel,48.0,1776.58,107.0,371,0,0.0,0,2,12
2026-02-03,P004,Apparel,46.0,1776.58,75.0,371,0,0.0,1,2,12
2026-02-04,P004,Apparel,67.0,1776.58,118.0,371,0,0.0,2,2,12
2026-02-05,P004,Apparel,42.0,1776.58,115.0,371,0,0.0,3,2,12
2026-02-06,P004,Apparel,53.0,1776.58,109.0,371,0,0.0,4,2,12
2026-02-07,P004,Apparel,86.0,1776.58,224.0,371,0,0.0,5,2,12
2026-02-08,P004,Apparel,100.0,1776.58,237.0,371,0,0.0,6,2,12
2026-02-09,P004,Apparel,45.0,1776.58,100.0,371,0,0.0,0,2,12
2026-02-10,P004,Apparel,97.0,1336.01,115.0,371,1,0.25,1,2,12
2026-02-11,P004,Apparel,88.0,1270.24,121.0,371,1,0.29,2,2,12
2026-02-12,P004,Apparel,43.0,1776.58,61.0,371,0,0.0,3,2,12
2026-02-13,P004,Apparel,52.0,1776.58,63.0,371,0,0.0,4,2,12
2026-02-14,P004,Apparel,86.0,1776.58,204.0,371,0,0.0,5,2,12
2026-02-15,P004,Apparel,83.0,1776.58,96.0,371,0,0.0,6,2,12
2026-02-16,P004,Apparel,74.0,1776.58,144.0,371,0,0.0,0,2,12
2026-02-17,P004,Apparel,65.0,1776.58,167.0,371,0,0.0,1,2,12
2026-02-18,P004,Apparel,47.0,1776.58,96.0,371,0,0.0,2,2,12
2026-02-19,P004,Apparel,72.0,1776.58,170.0,371,0,0.0,3,2,12
2026-02-20,P004,Apparel,80.0,1776.58,95.0,371,0,0.0,4,2,12
2026-02-21,P004,Apparel,103.0,1776.58,129.0,371,0,0.0,5,2,12
2026-02-22,P004,Apparel,90.0,1776.58,146.0,371,0,0.0,6,2,12
2026-02-23,P004,Apparel,55.0,1776.58,148.0,371,0,0.0,0,2,12
2026-02-24,P004,Apparel,62.0,1776.58,140.0,371,0,0.0,1,2,12
2026-02-25,P004,Apparel,64.0,1776.58,75.0,371,0,0.0,2,2,12
2026-02-26,P004,Apparel,108.0,1214.73,217.0,371,1,0.32,3,2,12
2026-02-27,P004,Apparel,57.0,1776.58,106.0,371,0,0.0,4,2,12
2026-02-28,P004,Apparel,164.0,1001.56,437.0,371,1,0.44,5,2,12
2026-03-01,P004,Apparel,114.0,1776.58,126.0,371,0,0.0,6,3,12
2026-03-02,P004,Apparel,80.0,1776.58,107.0,371,0,0.0,0,3,12
2026-03-03,P004,Apparel,83.0,1776.58,165.0,371,0,0.0,1,3,12
2026-03-04,P004,Apparel,,1776.58,,371,0,0.0,2,3,12
2026-03-05,P004,Apparel,79.0,1776.58,114.0,371,0,0.0,3,3,12
2026-03-06,P004,Apparel,72.0,1776.58,153.0,371,0,0.0,4,3,12
2026-03-07,P004,Apparel,106.0,1776.58,224.0,371,0,0.0,5,3,12
2026-03-08,P004,Apparel,122.0,1776.58,196.0,371,0,0.0,6,3,12
2026-03-09,P004,Apparel,81.0,1776.58,147.0,371,0,0.0,0,3,12
2026-03-10,P004,Apparel,70.0,1776.58,108.0,371,0,0.0,1,3,12
2026-03-11,P004,Apparel,77.0,1776.58,96.0,371,0,0.0,2,3,12
2026-03-12,P004,Apparel,79.0,1776.58,175.0,371,0,0.0,3,3,12
2026-03-13,P004,Apparel,71.0,1776.58,164.0,371,0,0.0,4,3,12
2026-03-14,P004,Apparel,102.0,1776.58,155.0,371,0,0.0,5,3,12
2026-03-15,P004,Apparel,122.0,1776.58,241.0,371,0,0.0,6,3,12
2026-03-16,P004,Apparel,73.0,1776.58,189.0,371,0,0.0,0,3,12
2026-03-17,P004,Apparel,134.0,1006.56,152.0,371,1,0.43,1,3,12
2026-03-18,P004,Apparel,76.0,1776.58,111.0,371,0,0.0,2,3,12
2026-03-19,P004,Apparel,,1776.58,,371,0,0.0,3,3,12
2026-03-20,P004,Apparel,84.0,1776.58,125.0,371,0,0.0,4,3,12
2026-03-21,P004,Apparel,120.0,1776.58,136.0,371,0,0.0,5,3,12
2026-03-22,P004,Apparel,117.0,1776.58,149.0,371,0,0.0,6,3,12
2026-03-23,P004,Apparel,78.0,1776.58,210.0,371,0,0.0,0,3,12
2026-03-24,P004,Apparel,65.0,1776.58,110.0,371,0,0.0,1,3,12
2026-03-25,P004,Apparel,90.0,1776.58,230.0,371,0,0.0,2,3,12
2026-03-26,P004,Apparel,73.0,1776.58,149.0,371,0,0.0,3,3,12
2025-01-01,P005,Electronics,75.0,826.33,189.0,300,0,0.0,2,1,6
2025-01-02,P005,Electronics,92.0,826.33,138.0,300,0,0.0,3,1,6
2025-01-03,P005,Electronics,90.0,826.33,133.0,300,0,0.0,4,1,6
2025-01-04,P005,Electronics,119.0,826.33,315.0,300,0,0.0,5,1,6
2025-01-05,P005,Electronics,114.0,826.33,224.0,300,0,0.0,6,1,6
