src/data/raw/ecommerce_inventory_demand.csv
date,product_id,product_category,units_sold,unit_price,stock_on_hand,reorder_point,is_promotion,discount_pct,day_of_week,month,supplier_lead_days
2025-01-06,P005,Electronics,94.0,826.33,168.0,300,0,0.0,0,1,6
2025-01-07,P005,Electronics,84.0,826.33,94.0,300,0,0.0,1,1,6
2025-01-08,P005,Electronics,96.0,826.33,166.0,300,0,0.0,2,1,6
2025-01-09,P005,Electronics,89.0,826.33,188.0,300,0,0.0,3,1,6
2025-01-10,P005,Electronics,86.0,826.33,142.0,300,0,0.0,4,1,6
2025-01-11,P005,Electronics,112.0,826.33,202.0,300,0,0.0,5,1,6
2025-01-12,P005,Electronics,123.0,826.33,242.0,300,0,0.0,6,1,6
2025-01-13,P005,Electronics,104.0,826.33,281.0,300,0,0.0,0,1,6
2025-01-14,P005,Electronics,86.0,826.33,215.0,300,0,0.0,1,1,6
2025-01-15,P005,Electronics,88.0,826.33,230.0,300,0,0.0,2,1,6
2025-01-16,P005,Electronics,82.0,826.33,148.0,300,0,0.0,3,1,6
2025-01-17,P005,Electronics,97.0,826.33,185.0,300,0,0.0,4,1,6
2025-01-18,P005,Electronics,187.0,625.64,463.0,300,1,0.24,5,1,6
2025-01-19,P005,Electronics,132.0,826.33,242.0,300,0,0.0,6,1,6
2025-01-20,P005,Electronics,96.0,826.33,231.0,300,0,0.0,0,1,6
2025-01-21,P005,Electronics,108.0,826.33,198.0,300,0,0.0,1,1,6
2025-01-22,P005,Electronics,82.0,826.33,134.0,300,0,0.0,2,1,6
2025-01-23,P005,Electronics,78.0,826.33,98.0,300,0,0.0,3,1,6
2025-01-24,P005,Electronics,89.0,826.33,146.0,300,0,0.0,4,1,6
2025-01-25,P005,Electronics,125.0,826.33,212.0,300,0,0.0,5,1,6
2025-01-26,P005,Electronics,121.0,826.33,143.0,300,0,0.0,6,1,6
2025-01-27,P005,Electronics,74.0,826.33,195.0,300,0,0.0,0,1,6
2025-01-28,P005,Electronics,92.0,826.33,224.0,300,0,0.0,1,1,6
2025-01-29,P005,Electronics,75.0,826.33,170.0,300,0,0.0,2,1,6
2025-01-30,P005,Electronics,81.0,826.33,214.0,300,0,0.0,3,1,6
2025-01-31,P005,Electronics,90.0,826.33,249.0,300,0,0.0,4,1,6
2025-02-01,P005,Electronics,140.0,826.33,160.0,300,0,0.0,5,2,6
2025-02-02,P005,Electronics,132.0,826.33,164.0,300,0,0.0,6,2,6
2025-02-03,P005,Electronics,87.0,826.33,101.0,300,0,0.0,0,2,6
2025-02-04,P005,Electronics,75.0,826.33,116.0,300,0,0.0,1,2,6
2025-02-05,P005,Electronics,68.0,826.33,161.0,300,0,0.0,2,2,6
2025-02-06,P005,Electronics,84.0,826.33,212.0,300,0,0.0,3,2,6
2025-02-07,P005,Electronics,66.0,826.33,87.0,300,0,0.0,4,2,6
2025-02-08,P005,Electronics,127.0,826.33,347.0,300,0,0.0,5,2,6
2025-02-09,P005,Electronics,133.0,826.33,212.0,300,0,0.0,6,2,6
2025-02-10,P005,Electronics,76.0,826.33,211.0,300,0,0.0,0,2,6
2025-02-11,P005,Electronics,96.0,826.33,115.0,300,0,0.0,1,2,6
2025-02-12,P005,Electronics,88.0,826.33,197.0,300,0,0.0,2,2,6
2025-02-13,P005,Electronics,79.0,826.33,157.0,300,0,0.0,3,2,6
2025-02-14,P005,Electronics,95.0,826.33,221.0,300,0,0.0,4,2,6
2025-02-15,P005,Electronics,119.0,826.33,198.0,300,0,0.0,5,2,6
2025-02-16,P005,Electronics,141.0,826.33,157.0,300,0,0.0,6,2,6
2025-02-17,P005,Electronics,82.0,826.33,98.0,300,0,0.0,0,2,6
2025-02-18,P005,Electronics,98.0,826.33,249.0,300,0,0.0,1,2,6
2025-02-19,P005,Electronics,80.0,826.33,198.0,300,0,0.0,2,2,6
2025-02-20,P005,Electronics,85.0,826.33,221.0,300,0,0.0,3,2,6
2025-02-21,P005,Electronics,79.0,826.33,195.0,300,0,0.0,4,2,6
2025-02-22,P005,Electronics,143.0,826.33,184.0,300,0,0.0,5,2,6
2025-02-23,P005,Electronics,122.0,826.33,269.0,300,0,0.0,6,2,6
2025-02-24,P005,Electronics,74.0,826.33,122.0,300,0,0.0,0,2,6
2025-02-25,P005,Electronics,80.0,826.33,146.0,300,0,0.0,1,2,6
2025-02-26,P005,Electronics,80.0,826.33,105.0,300,0,0.0,2,2,6
2025-02-27,P005,Electronics,91.0,826.33,151.0,300,0,0.0,3,2,6
2025-02-28,P005,Electronics,102.0,826.33,273.0,300,0,0.0,4,2,6
2025-03-01,P005,Electronics,170.0,826.33,411.0,300,0,0.0,5,3,6
2025-03-02,P005,Electronics,165.0,826.33,298.0,300,0,0.0,6,3,6
2025-03-03,P005,Electronics,123.0,826.33,185.0,300,0,0.0,0,3,6
2025-03-04,P005,Electronics,117.0,826.33,192.0,300,0,0.0,1,3,6
2025-03-05,P005,Electronics,98.0,826.33,232.0,300,0,0.0,2,3,6
2025-03-06,P005,Electronics,120.0,826.33,210.0,300,0,0.0,3,3,6
2025-03-07,P005,Electronics,107.0,826.33,292.0,300,0,0.0,4,3,6
2025-03-08,P005,Electronics,171.0,826.33,224.0,300,0,0.0,5,3,6
2025-03-09,P005,Electronics,154.0,826.33,295.0,300,0,0.0,6,3,6
2025-03-10,P005,Electronics,104.0,826.33,219.0,300,0,0.0,0,3,6
2025-03-11,P005,Electronics,124.0,826.33,279.0,300,0,0.0,1,3,6
2025-03-12,P005,Electronics,113.0,826.33,174.0,300,0,0.0,2,3,6
2025-03-13,P005,Electronics,112.0,826.33,222.0,300,0,0.0,3,3,6
2025-03-14,P005,Electronics,102.0,826.33,135.0,300,0,0.0,4,3,6
2025-03-15,P005,Electronics,192.0,826.33,436.0,300,0,0.0,5,3,6
2025-03-16,P005,Electronics,163.0,826.33,189.0,300,0,0.0,6,3,6
2025-03-17,P005,Electronics,123.0,826.33,159.0,300,0,0.0,0,3,6
2025-03-18,P005,Electronics,107.0,826.33,239.0,300,0,0.0,1,3,6
2025-03-19,P005,Electronics,125.0,826.33,159.0,300,0,0.0,2,3,6
2025-03-20,P005,Electronics,124.0,826.33,279.0,300,0,0.0,3,3,6
2025-03-21,P005,Electronics,113.0,826.33,218.0,300,0,0.0,4,3,6
2025-03-22,P005,Electronics,181.0,826.33,273.0,300,0,0.0,5,3,6
2025-03-23,P005,Electronics,177.0,826.33,490.0,300,0,0.0,6,3,6
2025-03-24,P005,Electronics,,826.33,,300,0,0.0,0,3,6
2025-03-25,P005,Electronics,120.0,826.33,334.0,300,0,0.0,1,3,6
2025-03-26,P005,Electronics,106.0,826.33,120.0,300,0,0.0,2,3,6
2025-03-27,P005,Electronics,102.0,826.33,133.0,300,0,0.0,3,3,6
2025-03-28,P005,Electronics,125.0,826.33,283.0,300,0,0.0,4,3,6
2025-03-29,P005,Electronics,158.0,826.33,174.0,300,0,0.0,5,3,6
2025-03-30,P005,Electronics,163.0,826.33,299.0,300,0,0.0,6,3,6
2025-03-31,P005,Electronics,103.0,826.33,266.0,300,0,0.0,0,3,6
2025-04-01,P005,Electronics,115.0,826.33,147.0,300,0,0.0,1,4,6
2025-04-02,P005,Electronics,117.0,826.33,273.0,300,0,0.0,2,4,6
2025-04-03,P005,Electronics,108.0,826.33,181.0,300,0,0.0,3,4,6
2025-04-04,P005,Electronics,116.0,826.33,319.0,300,0,0.0,4,4,6
2025-04-05,P005,Electronics,167.0,826.33,215.0,300,0,0.0,5,4,6
2025-04-06,P005,Electronics,145.0,826.33,383.0,300,0,0.0,6,4,6
2025-04-07,P005,Electronics,124.0,826.33,231.0,300,0,0.0,0,4,6
2025-04-08,P005,Electronics,99.0,826.33,221.0,300,0,0.0,1,4,6
2025-04-09,P005,Electronics,184.0,605.51,266.0,300,1,0.27,2,4,6
2025-04-10,P005,Electronics,118.0,826.33,150.0,300,0,0.0,3,4,6
2025-04-11,P005,Electronics,108.0,826.33,210.0,300,0,0.0,4,4,6
2025-04-12,P005,Electronics,156.0,826.33,180.0,300,0,0.0,5,4,6
2025-04-13,P005,Electronics,181.0,826.33,450.0,300,0,0.0,6,4,6
2025-04-14,P005,Electronics,224.0,500.22,297.0,300,1,0.39,0,4,6
2025-04-15,P005,Electronics,102.0,826.33,136.0,300,0,0.0,1,4,6
2025-04-16,P005,Electronics,116.0,826.33,172.0,300,0,0.0,2,4,6
2025-04-17,P005,Electronics,207.0,523.16,545.0,300,1,0.37,3,4,6
2025-04-18,P005,Electronics,117.0,826.33,217.0,300,0,0.0,4,4,6
2025-04-19,P005,Electronics,163.0,826.33,411.0,300,0,0.0,5,4,6
2025-04-20,P005,Electronics,165.0,826.33,377.0,300,0,0.0,6,4,6
2025-04-21,P005,Electronics,111.0,826.33,167.0,300,0,0.0,0,4,6
2025-04-22,P005,Electronics,108.0,826.33,259.0,300,0,0.0,1,4,6
2025-04-23,P005,Electronics,119.0,826.33,330.0,300,0,0.0,2,4,6
2025-04-24,P005,Electronics,118.0,826.33,319.0,300,0,0.0,3,4,6
2025-04-25,P005,Electronics,104.0,826.33,124.0,300,0,0.0,4,4,6
2025-04-26,P005,Electronics,162.0,826.33,272.0,300,0,0.0,5,4,6
2025-04-27,P005,Electronics,154.0,826.33,353.0,300,0,0.0,6,4,6
2025-04-28,P005,Electronics,118.0,826.33,152.0,300,0,0.0,0,4,6
2025-04-29,P005,Electronics,101.0,826.33,179.0,300,0,0.0,1,4,6
2025-04-30,P005,Electronics,109.0,826.33,182.0,300,0,0.0,2,4,6
2025-05-01,P005,Electronics,99.0,826.33,-30.0,300,0,0.0,3,5,6
2025-05-02,P005,Electronics,215.0,484.27,503.0,300,1,0.41,4,5,6
2025-05-03,P005,Electronics,162.0,826.33,407.0,300,0,0.0,5,5,6
2025-05-04,P005,Electronics,154.0,826.33,387.0,300,0,0.0,6,5,6
2025-05-05,P005,Electronics,110.0,826.33,307.0,300,0,0.0,0,5,6
2025-05-06,P005,Electronics,121.0,826.33,135.0,300,0,0.0,1,5,6
2025-05-07,P005,Electronics,121.0,826.33,310.0,300,0,0.0,2,5,6
2025-05-08,P005,Electronics,124.0,826.33,236.0,300,0,0.0,3,5,6
2025-05-09,P005,Electronics,119.0,826.33,190.0,300,0,0.0,4,5,6
2025-05-10,P005,Electronics,186.0,826.33,255.0,300,0,0.0,5,5,6
2025-05-11,P005,Electronics,172.0,826.33,431.0,300,0,0.0,6,5,6
2025-05-12,P005,Electronics,94.0,826.33,215.0,300,0,0.0,0,5,6
2025-05-13,P005,Electronics,117.0,826.33,321.0,300,0,0.0,1,5,6
2025-05-14,P005,Electronics,111.0,826.33,134.0,300,0,0.0,2,5,6
2025-05-15,P005,Electronics,97.0,826.33,167.0,300,0,0.0,3,5,6
2025-05-16,P005,Electronics,102.0,826.33,258.0,300,0,0.0,4,5,6
2025-05-17,P005,Electronics,165.0,826.33,200.0,300,0,0.0,5,5,6
2025-05-18,P005,Electronics,275.0,572.65,768.0,300,1,0.31,6,5,6
2025-05-19,P005,Electronics,107.0,826.33,253.0,300,0,0.0,0,5,6
2025-05-20,P005,Electronics,118.0,826.33,256.0,300,0,0.0,1,5,6
2025-05-21,P005,Electronics,125.0,826.33,285.0,300,0,0.0,2,5,6
2025-05-22,P005,Electronics,207.0,486.33,478.0,300,1,0.41,3,5,6
2025-05-23,P005,Electronics,140.0,636.38,233.0,300,1,0.23,4,5,6
2025-05-24,P005,Electronics,161.0,826.33,196.0,300,0,0.0,5,5,6
2025-05-25,P005,Electronics,163.0,826.33,342.0,300,0,0.0,6,5,6
2025-05-26,P005,Electronics,104.0,826.33,169.0,300,0,0.0,0,5,6
2025-05-27,P005,Electronics,116.0,826.33,271.0,300,0,0.0,1,5,6
2025-05-28,P005,Electronics,107.0,826.33,252.0,300,0,0.0,2,5,6
2025-05-29,P005,Electronics,106.0,826.33,240.0,300,0,0.0,3,5,6
2025-05-30,P005,Electronics,115.0,826.33,251.0,300,0,0.0,4,5,6
2025-05-31,P005,Electronics,159.0,826.33,435.0,300,0,0.0,5,5,6
2025-06-01,P005,Electronics,156.0,826.33,186.0,300,0,0.0,6,6,6
2025-06-02,P005,Electronics,222.0,477.33,539.0,300,1,0.42,0,6,6
2025-06-03,P005,Electronics,122.0,826.33,235.0,300,0,0.0,1,6,6
2025-06-04,P005,Electronics,93.0,826.33,123.0,300,0,0.0,2,6,6
2025-06-05,P005,Electronics,103.0,826.33,276.0,300,0,0.0,3,6,6
2025-06-06,P005,Electronics,111.0,826.33,285.0,300,0,0.0,4,6,6
2025-06-07,P005,Electronics,162.0,826.33,295.0,300,0,0.0,5,6,6
2025-06-08,P005,Electronics,183.0,826.33,408.0,300,0,0.0,6,6,6
2025-06-09,P005,Electronics,121.0,826.33,157.0,300,0,0.0,0,6,6
2025-06-10,P005,Electronics,109.0,826.33,128.0,300,0,0.0,1,6,6
2025-06-11,P005,Electronics,120.0,826.33,230.0,300,0,0.0,2,6,6
2025-06-12,P005,Electronics,100.0,826.33,244.0,300,0,0.0,3,6,6
2025-06-13,P005,Electronics,106.0,826.33,204.0,300,0,0.0,4,6,6
2025-06-14,P005,Electronics,138.0,826.33,379.0,300,0,0.0,5,6,6
2025-06-15,P005,Electronics,168.0,826.33,300.0,300,0,0.0,6,6,6
2025-06-16,P005,Electronics,107.0,826.33,291.0,300,0,0.0,0,6,6
2025-06-17,P005,Electronics,107.0,826.33,266.0,300,0,0.0,1,6,6
2025-06-18,P005,Electronics,113.0,826.33,281.0,300,0,0.0,2,6,6
2025-06-19,P005,Electronics,120.0,826.33,155.0,300,0,0.0,3,6,6
2025-06-20,P005,Electronics,109.0,826.33,150.0,300,0,0.0,4,6,6
2025-06-21,P005,Electronics,165.0,826.33,281.0,300,0,0.0,5,6,6
2025-06-22,P005,Electronics,169.0,826.33,463.0,300,0,0.0,6,6,6
2025-06-23,P005,Electronics,98.0,826.33,156.0,300,0,0.0,0,6,6
2025-06-24,P005,Electronics,171.0,581.45,317.0,300,1,0.3,1,6,6
2025-06-25,P005,Electronics,103.0,826.33,162.0,300,0,0.0,2,6,6
2025-06-26,P005,Electronics,101.0,826.33,161.0,300,0,0.0,3,6,6
2025-06-27,P005,Electronics,98.0,826.33,159.0,300,0,0.0,4,6,6
2025-06-28,P005,Electronics,164.0,826.33,330.0,300,0,0.0,5,6,6
2025-06-29,P005,Electronics,156.0,826.33,367.0,300,0,0.0,6,6,6
2025-06-30,P005,Electronics,,826.33,,300,0,0.0,0,6,6
2025-07-01,P005,Electronics,92.0,826.33,229.0,300,0,0.0,1,7,6
2025-07-02,P005,Electronics,132.0,826.33,254.0,300,0,0.0,2,7,6
2025-07-03,P005,Electronics,107.0,826.33,177.0,300,0,0.0,3,7,6
2025-07-04,P005,Electronics,118.0,826.33,326.0,300,0,0.0,4,7,6
2025-07-05,P005,Electronics,162.0,826.33,355.0,300,0,0.0,5,7,6
2025-07-06,P005,Electronics,163.0,826.33,355.0,300,0,0.0,6,7,6
2025-07-07,P005,Electronics,121.0,826.33,204.0,300,0,0.0,0,7,6
2025-07-08,P005,Electronics,98.0,826.33,256.0,300,0,0.0,1,7,6
2025-07-09,P005,Electronics,84.0,826.33,208.0,300,0,0.0,2,7,6
2025-07-10,P005,Electronics,109.0,826.33,186.0,300,0,0.0,3,7,6
2025-07-11,P005,Electronics,116.0,826.33,235.0,300,0,0.0,4,7,6
2025-07-12,P005,Electronics,141.0,826.33,296.0,300,0,0.0,5,7,6
2025-07-13,P005,Electronics,160.0,826.33,384.0,300,0,0.0,6,7,6
2025-07-14,P005,Electronics,99.0,826.33,189.0,300,0,0.0,0,7,6
2025-07-15,P005,Electronics,109.0,826.33,296.0,300,0,0.0,1,7,6
2025-07-16,P005,Electronics,114.0,826.33,137.0,300,0,0.0,2,7,6
2025-07-17,P005,Electronics,99.0,826.33,200.0,300,0,0.0,3,7,6
2025-07-18,P005,Electronics,183.0,660.14,325.0,300,1,0.2,4,7,6
2025-07-19,P005,Electronics,160.0,826.33,444.0,300,0,0.0,5,7,6
2025-07-20,P005,Electronics,176.0,826.33,387.0,300,0,0.0,6,7,6
2025-07-21,P005,Electronics,100.0,826.33,199.0,300,0,0.0,0,7,6
2025-07-22,P005,Electronics,190.0,506.36,411.0,300,1,0.39,1,7,6
2025-07-23,P005,Electronics,85.0,826.33,201.0,300,0,0.0,2,7,6
2025-07-24,P005,Electronics,113.0,826.33,246.0,300,0,0.0,3,7,6
2025-07-25,P005,Electronics,117.0,826.33,294.0,300,0,0.0,4,7,6
2025-07-26,P005,Electronics,171.0,826.33,462.0,300,0,0.0,5,7,6
2025-07-27,P005,Electronics,170.0,826.33,379.0,300,0,0.0,6,7,6
2025-07-28,P005,Electronics,100.0,826.33,247.0,300,0,0.0,0,7,6
2025-07-29,P005,Electronics,127.0,826.33,200.0,300,0,0.0,1,7,6
2025-07-30,P005,Electronics,98.0,826.33,155.0,300,0,0.0,2,7,6
2025-07-31,P005,Electronics,107.0,826.33,160.0,300,0,0.0,3,7,6
2025-08-01,P005,Electronics,109.0,826.33,208.0,300,0,0.0,4,8,6
2025-08-02,P005,Electronics,156.0,826.33,369.0,300,0,0.0,5,8,6
2025-08-03,P005,Electronics,165.0,826.33,241.0,300,0,0.0,6,8,6
2025-08-04,P005,Electronics,113.0,826.33,204.0,300,0,0.0,0,8,6
2025-08-05,P005,Electronics,110.0,826.33,167.0,300,0,0.0,1,8,6
2025-08-06,P005,Electronics,106.0,826.33,121.0,300,0,0.0,2,8,6
2025-08-07,P005,Electronics,117.0,826.33,226.0,300,0,0.0,3,8,6
2025-08-08,P005,Electronics,183.0,569.69,306.0,300,1,0.31,4,8,6
2025-08-09,P005,Electronics,168.0,826.33,416.0,300,0,0.0,5,8,6
2025-08-10,P005,Electronics,151.0,826.33,277.0,300,0,0.0,6,8,6
2025-08-11,P005,Electronics,107.0,826.33,293.0,300,0,0.0,0,8,6
2025-08-12,P005,Electronics,107.0,826.33,182.0,300,0,0.0,1,8,6
2025-08-13,P005,Electronics,108.0,826.33,147.0,300,0,0.0,2,8,6
2025-08-14,P005,Electronics,104.0,826.33,174.0,300,0,0.0,3,8,6
2025-08-15,P005,Electronics,124.0,826.33,182.0,300,0,0.0,4,8,6
2025-08-16,P005,Electronics,162.0,826.33,361.0,300,0,0.0,5,8,6
2025-08-17,P005,Electronics,144.0,826.33,344.0,300,0,0.0,6,8,6
2025-08-18,P005,Electronics,117.0,826.33,175.0,300,0,0.0,0,8,6
2025-08-19,P005,Electronics,100.0,826.33,175.0,300,0,0.0,1,8,6
2025-08-20,P005,Electronics,112.0,826.33,234.0,300,0,0.0,2,8,6
2025-08-21,P005,Electronics,178.0,539.9,437.0,300,1,0.35,3,8,6
2025-08-22,P005,Electronics,119.0,826.33,191.0,300,0,0.0,4,8,6
2025-08-23,P005,Electronics,156.0,826.33,434.0,300,0,0.0,5,8,6
2025-08-24,P005,Electronics,156.0,826.33,310.0,300,0,0.0,6,8,6
2025-08-25,P005,Electronics,109.0,826.33,232.0,300,0,0.0,0,8,6
2025-08-26,P005,Electronics,108.0,826.33,162.0,300,0,0.0,1,8,6
2025-08-27,P005,Electronics,113.0,826.33,284.0,300,0,0.0,2,8,6
2025-08-28,P005,Electronics,113.0,826.33,257.0,300,0,0.0,3,8,6
2025-08-29,P005,Electronics,98.0,826.33,260.0,300,0,0.0,4,8,6
2025-08-30,P005,Electronics,165.0,826.33,404.0,300,0,0.0,5,8,6
2025-08-31,P005,Electronics,162.0,826.33,436.0,300,0,0.0,6,8,6
2025-09-01,P005,Electronics,103.0,826.33,175.0,300,0,0.0,0,9,6
2025-09-02,P005,Electronics,128.0,687.28,226.0,300,1,0.17,1,9,6
2025-09-03,P005,Electronics,94.0,826.33,151.0,300,0,0.0,2,9,6
2025-09-04,P005,Electronics,101.0,826.33,201.0,300,0,0.0,3,9,6
2025-09-05,P005,Electronics,107.0,826.33,179.0,300,0,0.0,4,9,6
2025-09-06,P005,Electronics,258.0,612.25,332.0,300,1,0.26,5,9,6
2025-09-07,P005,Electronics,158.0,826.33,226.0,300,0,0.0,6,9,6
2025-09-08,P005,Electronics,215.0,502.82,551.0,300,1,0.39,0,9,6
2025-09-09,P005,Electronics,114.0,826.33,222.0,300,0,0.0,1,9,6
2025-09-10,P005,Electronics,103.0,826.33,186.0,300,0,0.0,2,9,6
2025-09-11,P005,Electronics,117.0,826.33,169.0,300,0,0.0,3,9,6
2025-09-12,P005,Electronics,97.0,826.33,265.0,300,0,0.0,4,9,6
2025-09-13,P005,Electronics,172.0,826.33,426.0,300,0,0.0,5,9,6
2025-09-14,P005,Electronics,163.0,826.33,333.0,300,0,0.0,6,9,6
2025-09-15,P005,Electronics,102.0,826.33,141.0,300,0,0.0,0,9,6
2025-09-16,P005,Electronics,111.0,826.33,228.0,300,0,0.0,1,9,6
2025-09-17,P005,Electronics,110.0,826.33,267.0,300,0,0.0,2,9,6
2025-09-18,P005,Electronics,121.0,826.33,292.0,300,0,0.0,3,9,6
2025-09-19,P005,Electronics,119.0,826.33,168.0,300,0,0.0,4,9,6
2025-09-20,P005,Electronics,176.0,826.33,311.0,300,0,0.0,5,9,6
2025-09-21,P005,Electronics,162.0,826.33,369.0,300,0,0.0,6,9,6
2025-09-22,P005,Electronics,97.0,826.33,231.0,300,0,0.0,0,9,6
2025-09-23,P005,Electronics,122.0,826.33,261.0,300,0,0.0,1,9,6
2025-09-24,P005,Electronics,115.0,826.33,226.0,300,0,0.0,2,9,6
2025-09-25,P005,Electronics,112.0,826.33,252.0,300,0,0.0,3,9,6
2025-09-26,P005,Electronics,99.0,826.33,241.0,300,0,0.0,4,9,6
2025-09-27,P005,Electronics,159.0,826.33,187.0,300,0,0.0,5,9,6
2025-09-28,P005,Electronics,242.0,640.21,485.0,300,1,0.23,6,9,6
2025-09-29,P005,Electronics,111.0,826.33,144.0,300,0,0.0,0,9,6
2025-09-30,P005,Electronics,106.0,826.33,281.0,300,0,0.0,1,9,6
2025-10-01,P005,Electronics,173.0,826.33,371.0,300,0,0.0,2,10,6
2025-10-02,P005,Electronics,175.0,826.33,226.0,300,0,0.0,3,10,6
2025-10-03,P005,Electronics,154.0,826.33,397.0,300,0,0.0,4,10,6
2025-10-04,P005,Electronics,237.0,826.33,277.0,300,0,0.0,5,10,6
2025-10-05,P005,Electronics,254.0,826.33,521.0,300,0,0.0,6,10,6
2025-10-06,P005,Electronics,289.0,573.33,629.0,300,1,0.31,0,10,6
2025-10-07,P005,Electronics,146.0,826.33,267.0,300,0,0.0,1,10,6
2025-10-08,P005,Electronics,183.0,826.33,362.0,300,0,0.0,2,10,6
2025-10-09,P005,Electronics,156.0,826.33,417.0,300,0,0.0,3,10,6
2025-10-10,P005,Electronics,170.0,826.33,272.0,300,0,0.0,4,10,6
2025-10-11,P005,Electronics,240.0,826.33,595.0,300,0,0.0,5,10,6
2025-10-12,P005,Electronics,234.0,826.33,367.0,300,0,0.0,6,10,6
2025-10-13,P005,Electronics,170.0,826.33,434.0,300,0,0.0,0,10,6
2025-10-14,P005,Electronics,155.0,826.33,390.0,300,0,0.0,1,10,6
2025-10-15,P005,Electronics,165.0,826.33,194.0,300,0,0.0,2,10,6
