src/data/raw/ecommerce_inventory_demand.csv
date,product_id,product_category,units_sold,unit_price,stock_on_hand,reorder_point,is_promotion,discount_pct,day_of_week,month,supplier_lead_days
2025-10-16,P005,Electronics,175.0,826.33,414.0,300,0,0.0,3,10,6
2025-10-17,P005,Electronics,173.0,826.33,374.0,300,0,0.0,4,10,6
2025-10-18,P005,Electronics,237.0,826.33,503.0,300,0,0.0,5,10,6
2025-10-19,P005,Electronics,240.0,826.33,448.0,300,0,0.0,6,10,6
2025-10-20,P005,Electronics,165.0,826.33,328.0,300,0,0.0,0,10,6
2025-10-21,P005,Electronics,178.0,826.33,252.0,300,0,0.0,1,10,6
2025-10-22,P005,Electronics,161.0,826.33,369.0,300,0,0.0,2,10,6
2025-10-23,P005,Electronics,136.0,826.33,159.0,300,0,0.0,3,10,6
2025-10-24,P005,Electronics,144.0,826.33,293.0,300,0,0.0,4,10,6
2025-10-25,P005,Electronics,254.0,826.33,464.0,300,0,0.0,5,10,6
2025-10-26,P005,Electronics,247.0,826.33,666.0,300,0,0.0,6,10,6
2025-10-27,P005,Electronics,180.0,826.33,409.0,300,0,0.0,0,10,6
2025-10-28,P005,Electronics,169.0,826.33,322.0,300,0,0.0,1,10,6
2025-10-29,P005,Electronics,149.0,826.33,401.0,300,0,0.0,2,10,6
2025-10-30,P005,Electronics,160.0,826.33,348.0,300,0,0.0,3,10,6
2025-10-31,P005,Electronics,165.0,826.33,199.0,300,0,0.0,4,10,6
2025-11-01,P005,Electronics,234.0,826.33,582.0,300,0,0.0,5,11,6
2025-11-02,P005,Electronics,246.0,826.33,544.0,300,0,0.0,6,11,6
2025-11-03,P005,Electronics,153.0,826.33,196.0,300,0,0.0,0,11,6
2025-11-04,P005,Electronics,156.0,826.33,229.0,300,0,0.0,1,11,6
2025-11-05,P005,Electronics,166.0,826.33,219.0,300,0,0.0,2,11,6
2025-11-06,P005,Electronics,146.0,826.33,168.0,300,0,0.0,3,11,6
2025-11-07,P005,Electronics,177.0,826.33,372.0,300,0,0.0,4,11,6
2025-11-08,P005,Electronics,256.0,826.33,302.0,300,0,0.0,5,11,6
2025-11-09,P005,Electronics,236.0,826.33,443.0,300,0,0.0,6,11,6
2025-11-10,P005,Electronics,159.0,826.33,258.0,300,0,0.0,0,11,6
2025-11-11,P005,Electronics,162.0,826.33,410.0,300,0,0.0,1,11,6
2025-11-12,P005,Electronics,176.0,826.33,441.0,300,0,0.0,2,11,6
2025-11-13,P005,Electronics,163.0,826.33,422.0,300,0,0.0,3,11,6
2025-11-14,P005,Electronics,151.0,826.33,297.0,300,0,0.0,4,11,6
2025-11-15,P005,Electronics,244.0,826.33,424.0,300,0,0.0,5,11,6
2025-11-16,P005,Electronics,231.0,826.33,566.0,300,0,0.0,6,11,6
2025-11-17,P005,Electronics,268.0,545.86,407.0,300,1,0.34,0,11,6
2025-11-18,P005,Electronics,172.0,826.33,344.0,300,0,0.0,1,11,6
2025-11-19,P005,Electronics,171.0,826.33,333.0,300,0,0.0,2,11,6
2025-11-20,P005,Electronics,157.0,826.33,241.0,300,0,0.0,3,11,6
2025-11-21,P005,Electronics,165.0,826.33,197.0,300,0,0.0,4,11,6
2025-11-22,P005,Electronics,235.0,826.33,508.0,300,0,0.0,5,11,6
2025-11-23,P005,Electronics,236.0,826.33,597.0,300,0,0.0,6,11,6
2025-11-24,P005,Electronics,152.0,826.33,228.0,300,0,0.0,0,11,6
2025-11-25,P005,Electronics,156.0,826.33,392.0,300,0,0.0,1,11,6
2025-11-26,P005,Electronics,154.0,826.33,398.0,300,0,0.0,2,11,6
2025-11-27,P005,Electronics,168.0,826.33,467.0,300,0,0.0,3,11,6
2025-11-28,P005,Electronics,170.0,826.33,410.0,300,0,0.0,4,11,6
2025-11-29,P005,Electronics,228.0,826.33,555.0,300,0,0.0,5,11,6
2025-11-30,P005,Electronics,233.0,826.33,382.0,300,0,0.0,6,11,6
2025-12-01,P005,Electronics,173.0,826.33,212.0,300,0,0.0,0,12,6
2025-12-02,P005,Electronics,170.0,826.33,373.0,300,0,0.0,1,12,6
2025-12-03,P005,Electronics,175.0,826.33,470.0,300,0,0.0,2,12,6
2025-12-04,P005,Electronics,163.0,826.33,348.0,300,0,0.0,3,12,6
2025-12-05,P005,Electronics,174.0,826.33,329.0,300,0,0.0,4,12,6
2025-12-06,P005,Electronics,243.0,826.33,543.0,300,0,0.0,5,12,6
2025-12-07,P005,Electronics,238.0,826.33,272.0,300,0,0.0,6,12,6
2025-12-08,P005,Electronics,158.0,826.33,265.0,300,0,0.0,0,12,6
2025-12-09,P005,Electronics,234.0,657.88,415.0,300,1,0.2,1,12,6
2025-12-10,P005,Electronics,178.0,826.33,411.0,300,0,0.0,2,12,6
2025-12-11,P005,Electronics,164.0,826.33,399.0,300,0,0.0,3,12,6
2025-12-12,P005,Electronics,170.0,826.33,259.0,300,0,0.0,4,12,6
2025-12-13,P005,Electronics,240.0,826.33,294.0,300,0,0.0,5,12,6
2025-12-14,P005,Electronics,237.0,826.33,332.0,300,0,0.0,6,12,6
2025-12-15,P005,Electronics,150.0,826.33,300.0,300,0,0.0,0,12,6
2025-12-16,P005,Electronics,146.0,826.33,339.0,300,0,0.0,1,12,6
2025-12-17,P005,Electronics,178.0,826.33,405.0,300,0,0.0,2,12,6
2025-12-18,P005,Electronics,169.0,826.33,295.0,300,0,0.0,3,12,6
2025-12-19,P005,Electronics,171.0,826.33,303.0,300,0,0.0,4,12,6
2025-12-20,P005,Electronics,239.0,826.33,355.0,300,0,0.0,5,12,6
2025-12-21,P005,Electronics,247.0,826.33,517.0,300,0,0.0,6,12,6
2025-12-22,P005,Electronics,151.0,826.33,214.0,300,0,0.0,0,12,6
2025-12-23,P005,Electronics,179.0,826.33,218.0,300,0,0.0,1,12,6
2025-12-24,P005,Electronics,165.0,826.33,250.0,300,0,0.0,2,12,6
2025-12-25,P005,Electronics,182.0,826.33,224.0,300,0,0.0,3,12,6
2025-12-26,P005,Electronics,152.0,826.33,312.0,300,0,0.0,4,12,6
2025-12-27,P005,Electronics,231.0,826.33,573.0,300,0,0.0,5,12,6
2025-12-28,P005,Electronics,237.0,826.33,289.0,300,0,0.0,6,12,6
2025-12-29,P005,Electronics,156.0,826.33,247.0,300,0,0.0,0,12,6
2025-12-30,P005,Electronics,164.0,826.33,216.0,300,0,0.0,1,12,6
2025-12-31,P005,Electronics,149.0,826.33,166.0,300,0,0.0,2,12,6
2026-01-01,P005,Electronics,74.0,826.33,93.0,300,0,0.0,3,1,6
2026-01-02,P005,Electronics,79.0,826.33,181.0,300,0,0.0,4,1,6
2026-01-03,P005,Electronics,150.0,687.68,393.0,300,1,0.17,5,1,6
2026-01-04,P005,Electronics,109.0,826.33,121.0,300,0,0.0,6,1,6
2026-01-05,P005,Electronics,82.0,826.33,142.0,300,0,0.0,0,1,6
2026-01-06,P005,Electronics,87.0,826.33,136.0,300,0,0.0,1,1,6
2026-01-07,P005,Electronics,98.0,826.33,218.0,300,0,0.0,2,1,6
2026-01-08,P005,Electronics,83.0,826.33,114.0,300,0,0.0,3,1,6
2026-01-09,P005,Electronics,62.0,826.33,108.0,300,0,0.0,4,1,6
2026-01-10,P005,Electronics,114.0,826.33,151.0,300,0,0.0,5,1,6
2026-01-11,P005,Electronics,112.0,826.33,292.0,300,0,0.0,6,1,6
2026-01-12,P005,Electronics,58.0,826.33,130.0,300,0,0.0,0,1,6
2026-01-13,P005,Electronics,69.0,826.33,192.0,300,0,0.0,1,1,6
2026-01-14,P005,Electronics,117.0,538.32,180.0,300,1,0.35,2,1,6
2026-01-15,P005,Electronics,58.0,826.33,91.0,300,0,0.0,3,1,6
2026-01-16,P005,Electronics,89.0,826.33,123.0,300,0,0.0,4,1,6
2026-01-17,P005,Electronics,104.0,826.33,228.0,300,0,0.0,5,1,6
2026-01-18,P005,Electronics,111.0,826.33,248.0,300,0,0.0,6,1,6
2026-01-19,P005,Electronics,,826.33,,300,0,0.0,0,1,6
2026-01-20,P005,Electronics,100.0,826.33,230.0,300,0,0.0,1,1,6
2026-01-21,P005,Electronics,78.0,826.33,161.0,300,0,0.0,2,1,6
2026-01-22,P005,Electronics,100.0,826.33,271.0,300,0,0.0,3,1,6
2026-01-23,P005,Electronics,70.0,826.33,190.0,300,0,0.0,4,1,6
2026-01-24,P005,Electronics,107.0,826.33,143.0,300,0,0.0,5,1,6
2026-01-25,P005,Electronics,115.0,826.33,169.0,300,0,0.0,6,1,6
2026-01-26,P005,Electronics,64.0,826.33,98.0,300,0,0.0,0,1,6
2026-01-27,P005,Electronics,86.0,826.33,216.0,300,0,0.0,1,1,6
2026-01-28,P005,Electronics,71.0,826.33,98.0,300,0,0.0,2,1,6
2026-01-29,P005,Electronics,55.0,826.33,150.0,300,0,0.0,3,1,6
2026-01-30,P005,Electronics,70.0,826.33,148.0,300,0,0.0,4,1,6
2026-01-31,P005,Electronics,106.0,826.33,129.0,300,0,0.0,5,1,6
2026-02-01,P005,Electronics,175.0,650.22,205.0,300,1,0.21,6,2,6
2026-02-02,P005,Electronics,70.0,826.33,130.0,300,0,0.0,0,2,6
2026-02-03,P005,Electronics,80.0,826.33,130.0,300,0,0.0,1,2,6
2026-02-04,P005,Electronics,71.0,826.33,155.0,300,0,0.0,2,2,6
2026-02-05,P005,Electronics,92.0,826.33,232.0,300,0,0.0,3,2,6
2026-02-06,P005,Electronics,77.0,826.33,171.0,300,0,0.0,4,2,6
2026-02-07,P005,Electronics,113.0,826.33,218.0,300,0,0.0,5,2,6
2026-02-08,P005,Electronics,110.0,826.33,150.0,300,0,0.0,6,2,6
2026-02-09,P005,Electronics,66.0,826.33,90.0,300,0,0.0,0,2,6
2026-02-10,P005,Electronics,90.0,826.33,244.0,300,0,0.0,1,2,6
2026-02-11,P005,Electronics,74.0,826.33,145.0,300,0,0.0,2,2,6
2026-02-12,P005,Electronics,65.0,826.33,144.0,300,0,0.0,3,2,6
2026-02-13,P005,Electronics,84.0,826.33,114.0,300,0,0.0,4,2,6
2026-02-14,P005,Electronics,104.0,826.33,124.0,300,0,0.0,5,2,6
2026-02-15,P005,Electronics,113.0,826.33,168.0,300,0,0.0,6,2,6
2026-02-16,P005,Electronics,86.0,826.33,215.0,300,0,0.0,0,2,6
2026-02-17,P005,Electronics,115.0,641.93,205.0,300,1,0.22,1,2,6
2026-02-18,P005,Electronics,76.0,826.33,193.0,300,0,0.0,2,2,6
2026-02-19,P005,Electronics,68.0,826.33,123.0,300,0,0.0,3,2,6
2026-02-20,P005,Electronics,71.0,826.33,188.0,300,0,0.0,4,2,6
2026-02-21,P005,Electronics,126.0,826.33,188.0,300,0,0.0,5,2,6
2026-02-22,P005,Electronics,115.0,826.33,291.0,300,0,0.0,6,2,6
2026-02-23,P005,Electronics,82.0,826.33,201.0,300,0,0.0,0,2,6
2026-02-24,P005,Electronics,74.0,826.33,182.0,300,0,0.0,1,2,6
2026-02-25,P005,Electronics,82.0,826.33,160.0,300,0,0.0,2,2,6
2026-02-26,P005,Electronics,66.0,826.33,166.0,300,0,0.0,3,2,6
2026-02-27,P005,Electronics,80.0,826.33,217.0,300,0,0.0,4,2,6
2026-02-28,P005,Electronics,92.0,826.33,245.0,300,0,0.0,5,2,6
2026-03-01,P005,Electronics,148.0,826.33,381.0,300,0,0.0,6,3,6
2026-03-02,P005,Electronics,105.0,826.33,136.0,300,0,0.0,0,3,6
2026-03-03,P005,Electronics,145.0,600.25,286.0,300,1,0.27,1,3,6
2026-03-04,P005,Electronics,115.0,826.33,209.0,300,0,0.0,2,3,6
2026-03-05,P005,Electronics,102.0,826.33,194.0,300,0,0.0,3,3,6
2026-03-06,P005,Electronics,90.0,826.33,110.0,300,0,0.0,4,3,6
2026-03-07,P005,Electronics,125.0,826.33,139.0,300,0,0.0,5,3,6
2026-03-08,P005,Electronics,139.0,826.33,308.0,300,0,0.0,6,3,6
2026-03-09,P005,Electronics,94.0,826.33,186.0,300,0,0.0,0,3,6
2026-03-10,P005,Electronics,108.0,826.33,156.0,300,0,0.0,1,3,6
2026-03-11,P005,Electronics,122.0,826.33,238.0,300,0,0.0,2,3,6
2026-03-12,P005,Electronics,102.0,826.33,262.0,300,0,0.0,3,3,6
2026-03-13,P005,Electronics,98.0,826.33,178.0,300,0,0.0,4,3,6
2026-03-14,P005,Electronics,144.0,826.33,162.0,300,0,0.0,5,3,6
2026-03-15,P005,Electronics,151.0,826.33,200.0,300,0,0.0,6,3,6
2026-03-16,P005,Electronics,95.0,826.33,146.0,300,0,0.0,0,3,6
2026-03-17,P005,Electronics,108.0,826.33,142.0,300,0,0.0,1,3,6
2026-03-18,P005,Electronics,82.0,826.33,207.0,300,0,0.0,2,3,6
2026-03-19,P005,Electronics,99.0,826.33,194.0,300,0,0.0,3,3,6
2026-03-20,P005,Electronics,113.0,826.33,271.0,300,0,0.0,4,3,6
2026-03-21,P005,Electronics,160.0,826.33,355.0,300,0,0.0,5,3,6
2026-03-22,P005,Electronics,120.0,826.33,263.0,300,0,0.0,6,3,6
2026-03-23,P005,Electronics,105.0,826.33,254.0,300,0,0.0,0,3,6
2026-03-24,P005,Electronics,111.0,826.33,168.0,300,0,0.0,1,3,6
2026-03-25,P005,Electronics,,685.05,,300,1,0.17,2,3,6
2026-03-26,P005,Electronics,103.0,826.33,241.0,300,0,0.0,3,3,6
2025-01-01,P006,Home,69.0,2962.67,97.0,272,0,0.0,2,1,8
2025-01-02,P006,Home,58.0,2962.67,114.0,272,0,0.0,3,1,8
2025-01-03,P006,Home,58.0,2962.67,153.0,272,0,0.0,4,1,8
2025-01-04,P006,Home,136.0,2134.61,171.0,272,1,0.28,5,1,8
2025-01-05,P006,Home,,2962.67,,272,0,0.0,6,1,8
2025-01-06,P006,Home,108.0,1840.11,125.0,272,1,0.38,0,1,8
2025-01-07,P006,Home,64.0,2962.67,106.0,272,0,0.0,1,1,8
2025-01-08,P006,Home,62.0,2962.67,150.0,272,0,0.0,2,1,8
2025-01-09,P006,Home,44.0,2962.67,71.0,272,0,0.0,3,1,8
2025-01-10,P006,Home,56.0,2962.67,63.0,272,0,0.0,4,1,8
2025-01-11,P006,Home,85.0,2962.67,135.0,272,0,0.0,5,1,8
2025-01-12,P006,Home,87.0,2962.67,98.0,272,0,0.0,6,1,8
2025-01-13,P006,Home,66.0,2962.67,169.0,272,0,0.0,0,1,8
2025-01-14,P006,Home,48.0,2962.67,132.0,272,0,0.0,1,1,8
2025-01-15,P006,Home,44.0,2962.67,49.0,272,0,0.0,2,1,8
2025-01-16,P006,Home,70.0,2962.67,148.0,272,0,0.0,3,1,8
2025-01-17,P006,Home,54.0,2962.67,150.0,272,0,0.0,4,1,8
2025-01-18,P006,Home,96.0,2962.67,239.0,272,0,0.0,5,1,8
2025-01-19,P006,Home,91.0,2962.67,196.0,272,0,0.0,6,1,8
2025-01-20,P006,Home,84.0,2479.64,167.0,272,1,0.16,0,1,8
2025-01-21,P006,Home,59.0,2962.67,80.0,272,0,0.0,1,1,8
2025-01-22,P006,Home,68.0,2962.67,139.0,272,0,0.0,2,1,8
2025-01-23,P006,Home,48.0,2962.67,76.0,272,0,0.0,3,1,8
2025-01-24,P006,Home,69.0,2962.67,159.0,272,0,0.0,4,1,8
2025-01-25,P006,Home,82.0,2962.67,148.0,272,0,0.0,5,1,8
2025-01-26,P006,Home,81.0,2962.67,168.0,272,0,0.0,6,1,8
2025-01-27,P006,Home,63.0,2962.67,145.0,272,0,0.0,0,1,8
2025-01-28,P006,Home,60.0,2962.67,84.0,272,0,0.0,1,1,8
2025-01-29,P006,Home,54.0,2962.67,133.0,272,0,0.0,2,1,8
2025-01-30,P006,Home,54.0,2962.67,148.0,272,0,0.0,3,1,8
2025-01-31,P006,Home,63.0,2962.67,113.0,272,0,0.0,4,1,8
2025-02-01,P006,Home,84.0,2962.67,225.0,272,0,0.0,5,2,8
2025-02-02,P006,Home,96.0,2962.67,108.0,272,0,0.0,6,2,8
2025-02-03,P006,Home,74.0,2962.67,140.0,272,0,0.0,0,2,8
2025-02-04,P006,Home,65.0,2962.67,131.0,272,0,0.0,1,2,8
2025-02-05,P006,Home,97.0,2054.42,145.0,272,1,0.31,2,2,8
2025-02-06,P006,Home,70.0,2962.67,114.0,272,0,0.0,3,2,8
2025-02-07,P006,Home,68.0,2962.67,178.0,272,0,0.0,4,2,8
2025-02-08,P006,Home,97.0,2962.67,120.0,272,0,0.0,5,2,8
2025-02-09,P006,Home,83.0,2962.67,119.0,272,0,0.0,6,2,8
2025-02-10,P006,Home,103.0,1774.32,195.0,272,1,0.4,0,2,8
2025-02-11,P006,Home,58.0,2962.67,116.0,272,0,0.0,1,2,8
2025-02-12,P006,Home,57.0,2962.67,132.0,272,0,0.0,2,2,8
2025-02-13,P006,Home,71.0,2962.67,196.0,272,0,0.0,3,2,8
2025-02-14,P006,Home,,2962.67,,272,0,0.0,4,2,8
2025-02-15,P006,Home,90.0,2962.67,190.0,272,0,0.0,5,2,8
2025-02-16,P006,Home,79.0,2962.67,198.0,272,0,0.0,6,2,8
2025-02-17,P006,Home,49.0,2962.67,124.0,272,0,0.0,0,2,8
2025-02-18,P006,Home,47.0,2962.67,61.0,272,0,0.0,1,2,8
2025-02-19,P006,Home,47.0,2962.67,86.0,272,0,0.0,2,2,8
2025-02-20,P006,Home,49.0,2962.67,110.0,272,0,0.0,3,2,8
2025-02-21,P006,Home,64.0,2962.67,133.0,272,0,0.0,4,2,8
2025-02-22,P006,Home,95.0,2962.67,128.0,272,0,0.0,5,2,8
2025-02-23,P006,Home,87.0,2962.67,132.0,272,0,0.0,6,2,8
2025-02-24,P006,Home,54.0,2962.67,128.0,272,0,0.0,0,2,8
2025-02-25,P006,Home,64.0,2962.67,172.0,272,0,0.0,1,2,8
2025-02-26,P006,Home,66.0,2962.67,76.0,272,0,0.0,2,2,8
2025-02-27,P006,Home,73.0,2962.67,149.0,272,0,0.0,3,2,8
2025-02-28,P006,Home,60.0,2962.67,161.0,272,0,0.0,4,2,8
2025-03-01,P006,Home,120.0,2962.67,138.0,272,0,0.0,5,3,8
2025-03-02,P006,Home,122.0,2962.67,190.0,272,0,0.0,6,3,8
2025-03-03,P006,Home,67.0,2962.67,143.0,272,0,0.0,0,3,8
2025-03-04,P006,Home,88.0,2962.67,174.0,272,0,0.0,1,3,8
2025-03-05,P006,Home,74.0,2962.67,119.0,272,0,0.0,2,3,8
2025-03-06,P006,Home,72.0,2962.67,82.0,272,0,0.0,3,3,8
2025-03-07,P006,Home,79.0,2962.67,205.0,272,0,0.0,4,3,8
2025-03-08,P006,Home,126.0,2962.67,211.0,272,0,0.0,5,3,8
2025-03-09,P006,Home,93.0,2962.67,246.0,272,0,0.0,6,3,8
2025-03-10,P006,Home,75.0,2962.67,172.0,272,0,0.0,0,3,8
2025-03-11,P006,Home,83.0,2962.67,215.0,272,0,0.0,1,3,8
2025-03-12,P006,Home,78.0,2962.67,155.0,272,0,0.0,2,3,8
2025-03-13,P006,Home,75.0,2962.67,115.0,272,0,0.0,3,3,8
2025-03-14,P006,Home,87.0,2962.67,98.0,272,0,0.0,4,3,8
2025-03-15,P006,Home,124.0,2962.67,159.0,272,0,0.0,5,3,8
2025-03-16,P006,Home,109.0,2962.67,301.0,272,0,0.0,6,3,8
2025-03-17,P006,Home,69.0,2962.67,107.0,272,0,0.0,0,3,8
2025-03-18,P006,Home,82.0,2962.67,158.0,272,0,0.0,1,3,8
2025-03-19,P006,Home,66.0,2962.67,126.0,272,0,0.0,2,3,8
2025-03-20,P006,Home,96.0,2962.67,181.0,272,0,0.0,3,3,8
2025-03-21,P006,Home,84.0,2962.67,95.0,272,0,0.0,4,3,8
2025-03-22,P006,Home,124.0,2962.67,329.0,272,0,0.0,5,3,8
2025-03-23,P006,Home,108.0,2962.67,300.0,272,0,0.0,6,3,8
2025-03-24,P006,Home,73.0,2962.67,93.0,272,0,0.0,0,3,8
2025-03-25,P006,Home,96.0,2962.67,184.0,272,0,0.0,1,3,8
2025-03-26,P006,Home,84.0,2962.67,136.0,272,0,0.0,2,3,8
2025-03-27,P006,Home,88.0,2962.67,226.0,272,0,0.0,3,3,8
2025-03-28,P006,Home,80.0,2962.67,152.0,272,0,0.0,4,3,8
2025-03-29,P006,Home,128.0,2962.67,258.0,272,0,0.0,5,3,8
2025-03-30,P006,Home,110.0,2962.67,206.0,272,0,0.0,6,3,8
2025-03-31,P006,Home,65.0,2962.67,116.0,272,0,0.0,0,3,8
2025-04-01,P006,Home,81.0,2962.67,150.0,272,0,0.0,1,4,8
2025-04-02,P006,Home,79.0,2962.67,89.0,272,0,0.0,2,4,8
2025-04-03,P006,Home,60.0,2962.67,121.0,272,0,0.0,3,4,8
2025-04-04,P006,Home,74.0,2962.67,136.0,272,0,0.0,4,4,8
2025-04-05,P006,Home,126.0,2962.67,329.0,272,0,0.0,5,4,8
2025-04-06,P006,Home,99.0,2962.67,125.0,272,0,0.0,6,4,8
2025-04-07,P006,Home,146.0,2142.43,275.0,272,1,0.28,0,4,8
2025-04-08,P006,Home,82.0,2962.67,183.0,272,0,0.0,1,4,8
2025-04-09,P006,Home,86.0,2962.67,219.0,272,0,0.0,2,4,8
2025-04-10,P006,Home,93.0,2962.67,216.0,272,0,0.0,3,4,8
2025-04-11,P006,Home,79.0,2962.67,201.0,272,0,0.0,4,4,8
2025-04-12,P006,Home,132.0,2962.67,345.0,272,0,0.0,5,4,8
2025-04-13,P006,Home,119.0,2962.67,273.0,272,0,0.0,6,4,8
2025-04-14,P006,Home,96.0,2962.67,144.0,272,0,0.0,0,4,8
2025-04-15,P006,Home,83.0,2962.67,186.0,272,0,0.0,1,4,8
2025-04-16,P006,Home,88.0,2962.67,153.0,272,0,0.0,2,4,8
2025-04-17,P006,Home,95.0,2962.67,260.0,272,0,0.0,3,4,8
2025-04-18,P006,Home,89.0,2962.67,161.0,272,0,0.0,4,4,8
2025-04-19,P006,Home,187.0,2193.89,436.0,272,1,0.26,5,4,8
2025-04-20,P006,Home,104.0,2962.67,247.0,272,0,0.0,6,4,8
2025-04-21,P006,Home,85.0,2962.67,226.0,272,0,0.0,0,4,8
2025-04-22,P006,Home,79.0,2962.67,207.0,272,0,0.0,1,4,8
2025-04-23,P006,Home,75.0,2962.67,148.0,272,0,0.0,2,4,8
2025-04-24,P006,Home,74.0,2962.67,92.0,272,0,0.0,3,4,8
2025-04-25,P006,Home,90.0,2962.67,218.0,272,0,0.0,4,4,8
2025-04-26,P006,Home,115.0,2962.67,134.0,272,0,0.0,5,4,8
2025-04-27,P006,Home,120.0,2962.67,251.0,272,0,0.0,6,4,8
2025-04-28,P006,Home,77.0,2962.67,182.0,272,0,0.0,0,4,8
2025-04-29,P006,Home,77.0,2962.67,200.0,272,0,0.0,1,4,8
2025-04-30,P006,Home,82.0,2962.67,204.0,272,0,0.0,2,4,8
2025-05-01,P006,Home,72.0,2962.67,169.0,272,0,0.0,3,5,8
2025-05-02,P006,Home,82.0,2962.67,141.0,272,0,0.0,4,5,8
2025-05-03,P006,Home,201.0,1884.14,286.0,272,1,0.36,5,5,8
2025-05-04,P006,Home,114.0,2962.67,208.0,272,0,0.0,6,5,8
2025-05-05,P006,Home,92.0,2962.67,167.0,272,0,0.0,0,5,8
2025-05-06,P006,Home,78.0,2962.67,93.0,272,0,0.0,1,5,8
2025-05-07,P006,Home,85.0,2962.67,182.0,272,0,0.0,2,5,8
2025-05-08,P006,Home,67.0,2962.67,78.0,272,0,0.0,3,5,8
2025-05-09,P006,Home,76.0,2962.67,179.0,272,0,0.0,4,5,8
2025-05-10,P006,Home,127.0,2962.67,318.0,272,0,0.0,5,5,8
2025-05-11,P006,Home,117.0,2962.67,226.0,272,0,0.0,6,5,8
2025-05-12,P006,Home,85.0,2962.67,134.0,272,0,0.0,0,5,8
2025-05-13,P006,Home,66.0,2962.67,145.0,272,0,0.0,1,5,8
2025-05-14,P006,Home,79.0,2962.67,186.0,272,0,0.0,2,5,8
2025-05-15,P006,Home,69.0,2962.67,116.0,272,0,0.0,3,5,8
