src/data/raw/ecommerce_inventory_demand.csv
date,product_id,product_category,units_sold,unit_price,stock_on_hand,reorder_point,is_promotion,discount_pct,day_of_week,month,supplier_lead_days
2025-05-16,P006,Home,73.0,2962.67,95.0,272,0,0.0,4,5,8
2025-05-17,P006,Home,109.0,2962.67,229.0,272,0,0.0,5,5,8
2025-05-18,P006,Home,121.0,2962.67,183.0,272,0,0.0,6,5,8
2025-05-19,P006,Home,75.0,2962.67,84.0,272,0,0.0,0,5,8
2025-05-20,P006,Home,97.0,2962.67,157.0,272,0,0.0,1,5,8
2025-05-21,P006,Home,81.0,2962.67,153.0,272,0,0.0,2,5,8
2025-05-22,P006,Home,68.0,2962.67,113.0,272,0,0.0,3,5,8
2025-05-23,P006,Home,97.0,2962.67,266.0,272,0,0.0,4,5,8
2025-05-24,P006,Home,111.0,2962.67,243.0,272,0,0.0,5,5,8
2025-05-25,P006,Home,122.0,2962.67,170.0,272,0,0.0,6,5,8
2025-05-26,P006,Home,92.0,2962.67,249.0,272,0,0.0,0,5,8
2025-05-27,P006,Home,127.0,2255.84,173.0,272,1,0.24,1,5,8
2025-05-28,P006,Home,71.0,2962.67,111.0,272,0,0.0,2,5,8
2025-05-29,P006,Home,75.0,2962.67,126.0,272,0,0.0,3,5,8
2025-05-30,P006,Home,87.0,2962.67,151.0,272,0,0.0,4,5,8
2025-05-31,P006,Home,130.0,2962.67,238.0,272,0,0.0,5,5,8
2025-06-01,P006,Home,127.0,2962.67,340.0,272,0,0.0,6,6,8
2025-06-02,P006,Home,74.0,2962.67,113.0,272,0,0.0,0,6,8
2025-06-03,P006,Home,78.0,2962.67,92.0,272,0,0.0,1,6,8
2025-06-04,P006,Home,146.0,1984.82,232.0,272,1,0.33,2,6,8
2025-06-05,P006,Home,79.0,2962.67,164.0,272,0,0.0,3,6,8
2025-06-06,P006,Home,72.0,2962.67,81.0,272,0,0.0,4,6,8
2025-06-07,P006,Home,101.0,2962.67,272.0,272,0,0.0,5,6,8
2025-06-08,P006,Home,136.0,2962.67,307.0,272,0,0.0,6,6,8
2025-06-09,P006,Home,74.0,2962.67,195.0,272,0,0.0,0,6,8
2025-06-10,P006,Home,87.0,2962.67,206.0,272,0,0.0,1,6,8
2025-06-11,P006,Home,82.0,2962.67,101.0,272,0,0.0,2,6,8
2025-06-12,P006,Home,83.0,2962.67,94.0,272,0,0.0,3,6,8
2025-06-13,P006,Home,93.0,2962.67,214.0,272,0,0.0,4,6,8
2025-06-14,P006,Home,134.0,2962.67,284.0,272,0,0.0,5,6,8
2025-06-15,P006,Home,121.0,2962.67,146.0,272,0,0.0,6,6,8
2025-06-16,P006,Home,87.0,2962.67,105.0,272,0,0.0,0,6,8
2025-06-17,P006,Home,85.0,2962.67,117.0,272,0,0.0,1,6,8
2025-06-18,P006,Home,77.0,2962.67,157.0,272,0,0.0,2,6,8
2025-06-19,P006,Home,91.0,2962.67,245.0,272,0,0.0,3,6,8
2025-06-20,P006,Home,83.0,2962.67,154.0,272,0,0.0,4,6,8
2025-06-21,P006,Home,120.0,2962.67,140.0,272,0,0.0,5,6,8
2025-06-22,P006,Home,118.0,2962.67,289.0,272,0,0.0,6,6,8
2025-06-23,P006,Home,,2962.67,,272,0,0.0,0,6,8
2025-06-24,P006,Home,92.0,2962.67,111.0,272,0,0.0,1,6,8
2025-06-25,P006,Home,85.0,2962.67,139.0,272,0,0.0,2,6,8
2025-06-26,P006,Home,82.0,2962.67,143.0,272,0,0.0,3,6,8
2025-06-27,P006,Home,101.0,2962.67,132.0,272,0,0.0,4,6,8
2025-06-28,P006,Home,120.0,2962.67,136.0,272,0,0.0,5,6,8
2025-06-29,P006,Home,116.0,2962.67,129.0,272,0,0.0,6,6,8
2025-06-30,P006,Home,83.0,2962.67,165.0,272,0,0.0,0,6,8
2025-07-01,P006,Home,88.0,2962.67,143.0,272,0,0.0,1,7,8
2025-07-02,P006,Home,78.0,2962.67,115.0,272,0,0.0,2,7,8
2025-07-03,P006,Home,66.0,2962.67,145.0,272,0,0.0,3,7,8
2025-07-04,P006,Home,76.0,2962.67,199.0,272,0,0.0,4,7,8
2025-07-05,P006,Home,211.0,1915.78,289.0,272,1,0.35,5,7,8
2025-07-06,P006,Home,125.0,2962.67,257.0,272,0,0.0,6,7,8
2025-07-07,P006,Home,80.0,2962.67,155.0,272,0,0.0,0,7,8
2025-07-08,P006,Home,133.0,2220.76,273.0,272,1,0.25,1,7,8
2025-07-09,P006,Home,75.0,2962.67,125.0,272,0,0.0,2,7,8
2025-07-10,P006,Home,82.0,2962.67,93.0,272,0,0.0,3,7,8
2025-07-11,P006,Home,89.0,2962.67,232.0,272,0,0.0,4,7,8
2025-07-12,P006,Home,123.0,2962.67,218.0,272,0,0.0,5,7,8
2025-07-13,P006,Home,127.0,2962.67,341.0,272,0,0.0,6,7,8
2025-07-14,P006,Home,80.0,2962.67,129.0,272,0,0.0,0,7,8
2025-07-15,P006,Home,83.0,2962.67,160.0,272,0,0.0,1,7,8
2025-07-16,P006,Home,72.0,2962.67,162.0,272,0,0.0,2,7,8
2025-07-17,P006,Home,97.0,2962.67,260.0,272,0,0.0,3,7,8
2025-07-18,P006,Home,78.0,2962.67,150.0,272,0,0.0,4,7,8
2025-07-19,P006,Home,126.0,2962.67,200.0,272,0,0.0,5,7,8
2025-07-20,P006,Home,102.0,2962.67,180.0,272,0,0.0,6,7,8
2025-07-21,P006,Home,69.0,2962.67,180.0,272,0,0.0,0,7,8
2025-07-22,P006,Home,73.0,2962.67,114.0,272,0,0.0,1,7,8
2025-07-23,P006,Home,86.0,2962.67,199.0,272,0,0.0,2,7,8
2025-07-24,P006,Home,98.0,2962.67,216.0,272,0,0.0,3,7,8
2025-07-25,P006,Home,84.0,2962.67,151.0,272,0,0.0,4,7,8
2025-07-26,P006,Home,129.0,2962.67,190.0,272,0,0.0,5,7,8
2025-07-27,P006,Home,115.0,2962.67,264.0,272,0,0.0,6,7,8
2025-07-28,P006,Home,84.0,2962.67,142.0,272,0,0.0,0,7,8
2025-07-29,P006,Home,88.0,2962.67,112.0,272,0,0.0,1,7,8
2025-07-30,P006,Home,88.0,2962.67,245.0,272,0,0.0,2,7,8
2025-07-31,P006,Home,114.0,2404.25,282.0,272,1,0.19,3,7,8
2025-08-01,P006,Home,79.0,2962.67,89.0,272,0,0.0,4,8,8
2025-08-02,P006,Home,187.0,2283.91,322.0,272,1,0.23,5,8,8
2025-08-03,P006,Home,132.0,2962.67,293.0,272,0,0.0,6,8,8
2025-08-04,P006,Home,76.0,2962.67,101.0,272,0,0.0,0,8,8
2025-08-05,P006,Home,78.0,2962.67,162.0,272,0,0.0,1,8,8
2025-08-06,P006,Home,73.0,2962.67,121.0,272,0,0.0,2,8,8
2025-08-07,P006,Home,82.0,2962.67,163.0,272,0,0.0,3,8,8
2025-08-08,P006,Home,85.0,2962.67,97.0,272,0,0.0,4,8,8
2025-08-09,P006,Home,125.0,2962.67,239.0,272,0,0.0,5,8,8
2025-08-10,P006,Home,119.0,2962.67,230.0,272,0,0.0,6,8,8
2025-08-11,P006,Home,80.0,2962.67,98.0,272,0,0.0,0,8,8
2025-08-12,P006,Home,85.0,2962.67,213.0,272,0,0.0,1,8,8
2025-08-13,P006,Home,70.0,2962.67,115.0,272,0,0.0,2,8,8
2025-08-14,P006,Home,85.0,2962.67,202.0,272,0,0.0,3,8,8
2025-08-15,P006,Home,122.0,2266.46,328.0,272,1,0.23,4,8,8
2025-08-16,P006,Home,123.0,2962.67,188.0,272,0,0.0,5,8,8
2025-08-17,P006,Home,116.0,2962.67,171.0,272,0,0.0,6,8,8
2025-08-18,P006,Home,86.0,2962.67,207.0,272,0,0.0,0,8,8
2025-08-19,P006,Home,168.0,1728.35,231.0,272,1,0.42,1,8,8
2025-08-20,P006,Home,74.0,2962.67,120.0,272,0,0.0,2,8,8
2025-08-21,P006,Home,75.0,2962.67,163.0,272,0,0.0,3,8,8
2025-08-22,P006,Home,73.0,2962.67,187.0,272,0,0.0,4,8,8
2025-08-23,P006,Home,107.0,2962.67,239.0,272,0,0.0,5,8,8
2025-08-24,P006,Home,114.0,2962.67,174.0,272,0,0.0,6,8,8
2025-08-25,P006,Home,142.0,1896.81,384.0,272,1,0.36,0,8,8
2025-08-26,P006,Home,98.0,2962.67,118.0,272,0,0.0,1,8,8
2025-08-27,P006,Home,87.0,2962.67,143.0,272,0,0.0,2,8,8
2025-08-28,P006,Home,69.0,2962.67,105.0,272,0,0.0,3,8,8
2025-08-29,P006,Home,76.0,2962.67,176.0,272,0,0.0,4,8,8
2025-08-30,P006,Home,126.0,2962.67,225.0,272,0,0.0,5,8,8
2025-08-31,P006,Home,127.0,2962.67,213.0,272,0,0.0,6,8,8
2025-09-01,P006,Home,93.0,2962.67,255.0,272,0,0.0,0,9,8
2025-09-02,P006,Home,95.0,2962.67,196.0,272,0,0.0,1,9,8
2025-09-03,P006,Home,86.0,2962.67,100.0,272,0,0.0,2,9,8
2025-09-04,P006,Home,85.0,2962.67,107.0,272,0,0.0,3,9,8
2025-09-05,P006,Home,96.0,2962.67,215.0,272,0,0.0,4,9,8
2025-09-06,P006,Home,123.0,2962.67,157.0,272,0,0.0,5,9,8
2025-09-07,P006,Home,138.0,2962.67,176.0,272,0,0.0,6,9,8
2025-09-08,P006,Home,107.0,2962.67,201.0,272,0,0.0,0,9,8
2025-09-09,P006,Home,89.0,2962.67,163.0,272,0,0.0,1,9,8
2025-09-10,P006,Home,80.0,2962.67,203.0,272,0,0.0,2,9,8
2025-09-11,P006,Home,80.0,2962.67,223.0,272,0,0.0,3,9,8
2025-09-12,P006,Home,91.0,2962.67,229.0,272,0,0.0,4,9,8
2025-09-13,P006,Home,131.0,2962.67,162.0,272,0,0.0,5,9,8
2025-09-14,P006,Home,107.0,2962.67,225.0,272,0,0.0,6,9,8
2025-09-15,P006,Home,94.0,2962.67,140.0,272,0,0.0,0,9,8
2025-09-16,P006,Home,79.0,2962.67,200.0,272,0,0.0,1,9,8
2025-09-17,P006,Home,80.0,2962.67,129.0,272,0,0.0,2,9,8
2025-09-18,P006,Home,89.0,2962.67,217.0,272,0,0.0,3,9,8
2025-09-19,P006,Home,93.0,2962.67,127.0,272,0,0.0,4,9,8
2025-09-20,P006,Home,122.0,2962.67,195.0,272,0,0.0,5,9,8
2025-09-21,P006,Home,114.0,2962.67,229.0,272,0,0.0,6,9,8
2025-09-22,P006,Home,113.0,2445.84,254.0,272,1,0.17,0,9,8
2025-09-23,P006,Home,157.0,2090.74,201.0,272,1,0.29,1,9,8
2025-09-24,P006,Home,80.0,2962.67,92.0,272,0,0.0,2,9,8
2025-09-25,P006,Home,90.0,2962.67,163.0,272,0,0.0,3,9,8
2025-09-26,P006,Home,86.0,2962.67,164.0,272,0,0.0,4,9,8
2025-09-27,P006,Home,180.0,2302.46,493.0,272,1,0.22,5,9,8
2025-09-28,P006,Home,130.0,2962.67,220.0,272,0,0.0,6,9,8
2025-09-29,P006,Home,83.0,2962.67,117.0,272,0,0.0,0,9,8
2025-09-30,P006,Home,175.0,1677.61,309.0,272,1,0.43,1,9,8
2025-10-01,P006,Home,129.0,2962.67,345.0,272,0,0.0,2,10,8
2025-10-02,P006,Home,134.0,2962.67,236.0,272,0,0.0,3,10,8
2025-10-03,P006,Home,128.0,2962.67,341.0,272,0,0.0,4,10,8
2025-10-04,P006,Home,368.0,1723.85,562.0,272,1,0.42,5,10,8
2025-10-05,P006,Home,199.0,2962.67,320.0,272,0,0.0,6,10,8
2025-10-06,P006,Home,136.0,2962.67,281.0,272,0,0.0,0,10,8
2025-10-07,P006,Home,134.0,2962.67,163.0,272,0,0.0,1,10,8
2025-10-08,P006,Home,134.0,2962.67,319.0,272,0,0.0,2,10,8
2025-10-09,P006,Home,122.0,2962.67,318.0,272,0,0.0,3,10,8
2025-10-10,P006,Home,132.0,2962.67,195.0,272,0,0.0,4,10,8
2025-10-11,P006,Home,200.0,2962.67,515.0,272,0,0.0,5,10,8
2025-10-12,P006,Home,197.0,2962.67,372.0,272,0,0.0,6,10,8
2025-10-13,P006,Home,129.0,2962.67,184.0,272,0,0.0,0,10,8
2025-10-14,P006,Home,133.0,2962.67,305.0,272,0,0.0,1,10,8
2025-10-15,P006,Home,246.0,1769.49,309.0,272,1,0.4,2,10,8
2025-10-16,P006,Home,121.0,2962.67,219.0,272,0,0.0,3,10,8
2025-10-17,P006,Home,132.0,2962.67,205.0,272,0,0.0,4,10,8
2025-10-18,P006,Home,188.0,2962.67,490.0,272,0,0.0,5,10,8
2025-10-19,P006,Home,194.0,2962.67,524.0,272,0,0.0,6,10,8
2025-10-20,P006,Home,131.0,2962.67,181.0,272,0,0.0,0,10,8
2025-10-21,P006,Home,116.0,2962.67,233.0,272,0,0.0,1,10,8
2025-10-22,P006,Home,134.0,2962.67,243.0,272,0,0.0,2,10,8
2025-10-23,P006,Home,124.0,2962.67,159.0,272,0,0.0,3,10,8
2025-10-24,P006,Home,140.0,2962.67,308.0,272,0,0.0,4,10,8
2025-10-25,P006,Home,186.0,2962.67,299.0,272,0,0.0,5,10,8
2025-10-26,P006,Home,178.0,2962.67,487.0,272,0,0.0,6,10,8
2025-10-27,P006,Home,138.0,2962.67,154.0,272,0,0.0,0,10,8
2025-10-28,P006,Home,126.0,2962.67,171.0,272,0,0.0,1,10,8
2025-10-29,P006,Home,138.0,2962.67,241.0,272,0,0.0,2,10,8
2025-10-30,P006,Home,145.0,2962.67,349.0,272,0,0.0,3,10,8
2025-10-31,P006,Home,131.0,2962.67,307.0,272,0,0.0,4,10,8
2025-11-01,P006,Home,196.0,2962.67,411.0,272,0,0.0,5,11,8
2025-11-02,P006,Home,255.0,2465.19,311.0,272,1,0.17,6,11,8
2025-11-03,P006,Home,221.0,2204.5,580.0,272,1,0.26,0,11,8
2025-11-04,P006,Home,123.0,2962.67,315.0,272,0,0.0,1,11,8
2025-11-05,P006,Home,123.0,2962.67,219.0,272,0,0.0,2,11,8
2025-11-06,P006,Home,130.0,2962.67,168.0,272,0,0.0,3,11,8
2025-11-07,P006,Home,144.0,2962.67,375.0,272,0,0.0,4,11,8
2025-11-08,P006,Home,184.0,2962.67,484.0,272,0,0.0,5,11,8
2025-11-09,P006,Home,203.0,2962.67,550.0,272,0,0.0,6,11,8
2025-11-10,P006,Home,131.0,2962.67,243.0,272,0,0.0,0,11,8
2025-11-11,P006,Home,123.0,2962.67,160.0,272,0,0.0,1,11,8
2025-11-12,P006,Home,144.0,2962.67,179.0,272,0,0.0,2,11,8
2025-11-13,P006,Home,131.0,2962.67,318.0,272,0,0.0,3,11,8
2025-11-14,P006,Home,131.0,2962.67,308.0,272,0,0.0,4,11,8
2025-11-15,P006,Home,200.0,2962.67,477.0,272,0,0.0,5,11,8
2025-11-16,P006,Home,373.0,1665.79,777.0,272,1,0.44,6,11,8
2025-11-17,P006,Home,133.0,2962.67,277.0,272,0,0.0,0,11,8
2025-11-18,P006,Home,131.0,2962.67,283.0,272,0,0.0,1,11,8
2025-11-19,P006,Home,123.0,2962.67,252.0,272,0,0.0,2,11,8
2025-11-20,P006,Home,137.0,2962.67,215.0,272,0,0.0,3,11,8
2025-11-21,P006,Home,129.0,2962.67,280.0,272,0,0.0,4,11,8
2025-11-22,P006,Home,188.0,2962.67,310.0,272,0,0.0,5,11,8
2025-11-23,P006,Home,202.0,2962.67,477.0,272,0,0.0,6,11,8
2025-11-24,P006,Home,134.0,2962.67,161.0,272,0,0.0,0,11,8
2025-11-25,P006,Home,136.0,2962.67,330.0,272,0,0.0,1,11,8
2025-11-26,P006,Home,123.0,2962.67,265.0,272,0,0.0,2,11,8
2025-11-27,P006,Home,133.0,2962.67,173.0,272,0,0.0,3,11,8
2025-11-28,P006,Home,132.0,2962.67,185.0,272,0,0.0,4,11,8
2025-11-29,P006,Home,292.0,2273.8,347.0,272,1,0.23,5,11,8
2025-11-30,P006,Home,203.0,2962.67,321.0,272,0,0.0,6,11,8
2025-12-01,P006,Home,133.0,2962.67,207.0,272,0,0.0,0,12,8
2025-12-02,P006,Home,126.0,2962.67,140.0,272,0,0.0,1,12,8
2025-12-03,P006,Home,121.0,2962.67,304.0,272,0,0.0,2,12,8
2025-12-04,P006,Home,127.0,2962.67,239.0,272,0,0.0,3,12,8
2025-12-05,P006,Home,150.0,2962.67,293.0,272,0,0.0,4,12,8
2025-12-06,P006,Home,200.0,2962.67,447.0,272,0,0.0,5,12,8
2025-12-07,P006,Home,197.0,2962.67,332.0,272,0,0.0,6,12,8
2025-12-08,P006,Home,133.0,2962.67,368.0,272,0,0.0,0,12,8
2025-12-09,P006,Home,118.0,2962.67,210.0,272,0,0.0,1,12,8
2025-12-10,P006,Home,259.0,1788.5,433.0,272,1,0.4,2,12,8
2025-12-11,P006,Home,123.0,2962.67,268.0,272,0,0.0,3,12,8
2025-12-12,P006,Home,137.0,2962.67,327.0,272,0,0.0,4,12,8
2025-12-13,P006,Home,187.0,2962.67,344.0,272,0,0.0,5,12,8
2025-12-14,P006,Home,300.0,2300.85,365.0,272,1,0.22,6,12,8
2025-12-15,P006,Home,139.0,2962.67,205.0,272,0,0.0,0,12,8
2025-12-16,P006,Home,236.0,1971.54,505.0,272,1,0.33,1,12,8
2025-12-17,P006,Home,134.0,2962.67,341.0,272,0,0.0,2,12,8
2025-12-18,P006,Home,142.0,2962.67,357.0,272,0,0.0,3,12,8
2025-12-19,P006,Home,120.0,2962.67,139.0,272,0,0.0,4,12,8
2025-12-20,P006,Home,189.0,2962.67,298.0,272,0,0.0,5,12,8
2025-12-21,P006,Home,208.0,2962.67,333.0,272,0,0.0,6,12,8
2025-12-22,P006,Home,190.0,2391.56,445.0,272,1,0.19,0,12,8
2025-12-23,P006,Home,137.0,2962.67,351.0,272,0,0.0,1,12,8
2025-12-24,P006,Home,232.0,1909.9,533.0,272,1,0.36,2,12,8
2025-12-25,P006,Home,138.0,2962.67,345.0,272,0,0.0,3,12,8
2025-12-26,P006,Home,130.0,2962.67,347.0,272,0,0.0,4,12,8
2025-12-27,P006,Home,172.0,2962.67,361.0,272,0,0.0,5,12,8
2025-12-28,P006,Home,200.0,2962.67,509.0,272,0,0.0,6,12,8
2025-12-29,P006,Home,142.0,2962.67,184.0,272,0,0.0,0,12,8
2025-12-30,P006,Home,140.0,2962.67,296.0,272,0,0.0,1,12,8
2025-12-31,P006,Home,148.0,2962.67,194.0,272,0,0.0,2,12,8
2026-01-01,P006,Home,57.0,2962.67,93.0,272,0,0.0,3,1,8
2026-01-02,P006,Home,103.0,2197.53,137.0,272,1,0.26,4,1,8
2026-01-03,P006,Home,89.0,2962.67,107.0,272,0,0.0,5,1,8
2026-01-04,P006,Home,92.0,2962.67,239.0,272,0,0.0,6,1,8
2026-01-05,P006,Home,60.0,2962.67,105.0,272,0,0.0,0,1,8
2026-01-06,P006,Home,64.0,2962.67,108.0,272,0,0.0,1,1,8
2026-01-07,P006,Home,65.0,2962.67,119.0,272,0,0.0,2,1,8
2026-01-08,P006,Home,75.0,2962.67,208.0,272,0,0.0,3,1,8
2026-01-09,P006,Home,53.0,2962.67,69.0,272,0,0.0,4,1,8
2026-01-10,P006,Home,93.0,2962.67,255.0,272,0,0.0,5,1,8
2026-01-11,P006,Home,82.0,2962.67,97.0,272,0,0.0,6,1,8
2026-01-12,P006,Home,64.0,2962.67,162.0,272,0,0.0,0,1,8
2026-01-13,P006,Home,84.0,2962.67,106.0,272,0,0.0,1,1,8
2026-01-14,P006,Home,61.0,2962.67,127.0,272,0,0.0,2,1,8
2026-01-15,P006,Home,68.0,2962.67,105.0,272,0,0.0,3,1,8
2026-01-16,P006,Home,63.0,2962.67,77.0,272,0,0.0,4,1,8
2026-01-17,P006,Home,83.0,2962.67,187.0,272,0,0.0,5,1,8
2026-01-18,P006,Home,81.0,2962.67,107.0,272,0,0.0,6,1,8
2026-01-19,P006,Home,61.0,2962.67,159.0,272,0,0.0,0,1,8
2026-01-20,P006,Home,71.0,2962.67,92.0,272,0,0.0,1,1,8
2026-01-21,P006,Home,63.0,2962.67,137.0,272,0,0.0,2,1,8
2026-01-22,P006,Home,60.0,2962.67,106.0,272,0,0.0,3,1,8
2026-01-23,P006,Home,79.0,2962.67,124.0,272,0,0.0,4,1,8
2026-01-24,P006,Home,112.0,2962.67,167.0,272,0,0.0,5,1,8
2026-01-25,P006,Home,89.0,2962.67,119.0,272,0,0.0,6,1,8
2026-01-26,P006,Home,58.0,2962.67,155.0,272,0,0.0,0,1,8
2026-01-27,P006,Home,53.0,2962.67,116.0,272,0,0.0,1,1,8
2026-01-28,P006,Home,75.0,2962.67,187.0,272,0,0.0,2,1,8
2026-01-29,P006,Home,63.0,2962.67,112.0,272,0,0.0,3,1,8
2026-01-30,P006,Home,69.0,2962.67,124.0,272,0,0.0,4,1,8
2026-01-31,P006,Home,108.0,2962.67,218.0,272,0,0.0,5,1,8
2026-02-01,P006,Home,87.0,2962.67,235.0,272,0,0.0,6,2,8
2026-02-02,P006,Home,72.0,2962.67,197.0,272,0,0.0,0,2,8
2026-02-03,P006,Home,63.0,2962.67,121.0,272,0,0.0,1,2,8
2026-02-04,P006,Home,59.0,2962.67,134.0,272,0,0.0,2,2,8
2026-02-05,P006,Home,67.0,2962.67,114.0,272,0,0.0,3,2,8
2026-02-06,P006,Home,50.0,2962.67,96.0,272,0,0.0,4,2,8
2026-02-07,P006,Home,95.0,2962.67,132.0,272,0,0.0,5,2,8
2026-02-08,P006,Home,101.0,2962.67,248.0,272,0,0.0,6,2,8
2026-02-09,P006,Home,79.0,2962.67,194.0,272,0,0.0,0,2,8
2026-02-10,P006,Home,60.0,2962.67,100.0,272,0,0.0,1,2,8
2026-02-11,P006,Home,70.0,2962.67,88.0,272,0,0.0,2,2,8
2026-02-12,P006,Home,67.0,2962.67,113.0,272,0,0.0,3,2,8
2026-02-13,P006,Home,77.0,2962.67,182.0,272,0,0.0,4,2,8
2026-02-14,P006,Home,86.0,2962.67,109.0,272,0,0.0,5,2,8
2026-02-15,P006,Home,165.0,2107.41,215.0,272,1,0.29,6,2,8
2026-02-16,P006,Home,54.0,2962.67,124.0,272,0,0.0,0,2,8
2026-02-17,P006,Home,79.0,2962.67,116.0,272,0,0.0,1,2,8
2026-02-18,P006,Home,64.0,2962.67,104.0,272,0,0.0,2,2,8
2026-02-19,P006,Home,60.0,2962.67,70.0,272,0,0.0,3,2,8
2026-02-20,P006,Home,63.0,2962.67,132.0,272,0,0.0,4,2,8
2026-02-21,P006,Home,98.0,2962.67,228.0,272,0,0.0,5,2,8
2026-02-22,P006,Home,98.0,2962.67,258.0,272,0,0.0,6,2,8
2026-02-23,P006,Home,67.0,2962.67,130.0,272,0,0.0,0,2,8
2026-02-24,P006,Home,71.0,2962.67,121.0,272,0,0.0,1,2,8
2026-02-25,P006,Home,53.0,2962.67,136.0,272,0,0.0,2,2,8
2026-02-26,P006,Home,67.0,2962.67,183.0,272,0,0.0,3,2,8
2026-02-27,P006,Home,77.0,2962.67,119.0,272,0,0.0,4,2,8
2026-02-28,P006,Home,96.0,2962.67,147.0,272,0,0.0,5,2,8
2026-03-01,P006,Home,127.0,2962.67,291.0,272,0,0.0,6,3,8
2026-03-02,P006,Home,82.0,2962.67,220.0,272,0,0.0,0,3,8
2026-03-03,P006,Home,90.0,2962.67,154.0,272,0,0.0,1,3,8
2026-03-04,P006,Home,90.0,2962.67,145.0,272,0,0.0,2,3,8
2026-03-05,P006,Home,80.0,2962.67,97.0,272,0,0.0,3,3,8
2026-03-06,P006,Home,97.0,2962.67,201.0,272,0,0.0,4,3,8
2026-03-07,P006,Home,128.0,2962.67,267.0,272,0,0.0,5,3,8
2026-03-08,P006,Home,116.0,2962.67,156.0,272,0,0.0,6,3,8
2026-03-09,P006,Home,97.0,2962.67,126.0,272,0,0.0,0,3,8
2026-03-10,P006,Home,95.0,2962.67,247.0,272,0,0.0,1,3,8
2026-03-11,P006,Home,88.0,2962.67,198.0,272,0,0.0,2,3,8
2026-03-12,P006,Home,86.0,2962.67,150.0,272,0,0.0,3,3,8
2026-03-13,P006,Home,84.0,2962.67,157.0,272,0,0.0,4,3,8
2026-03-14,P006,Home,129.0,2962.67,259.0,272,0,0.0,5,3,8
2026-03-15,P006,Home,130.0,2962.67,353.0,272,0,0.0,6,3,8
2026-03-16,P006,Home,118.0,2492.95,279.0,272,1,0.16,0,3,8
2026-03-17,P006,Home,77.0,2962.67,99.0,272,0,0.0,1,3,8
2026-03-18,P006,Home,74.0,2962.67,91.0,272,0,0.0,2,3,8
2026-03-19,P006,Home,94.0,2962.67,233.0,272,0,0.0,3,3,8
2026-03-20,P006,Home,83.0,2962.67,105.0,272,0,0.0,4,3,8
2026-03-21,P006,Home,124.0,2962.67,318.0,272,0,0.0,5,3,8
2026-03-22,P006,Home,135.0,2962.67,187.0,272,0,0.0,6,3,8
2026-03-23,P006,Home,77.0,2962.67,157.0,272,0,0.0,0,3,8
2026-03-24,P006,Home,109.0,2962.67,190.0,272,0,0.0,1,3,8
2026-03-25,P006,Home,88.0,2962.67,99.0,272,0,0.0,2,3,8
2026-03-26,P006,Home,88.0,2962.67,154.0,272,0,0.0,3,3,8
