src/data/raw/ecommerce_inventory_demand.csv
date,product_id,product_category,units_sold,unit_price,stock_on_hand,reorder_point,is_promotion,discount_pct,day_of_week,month,supplier_lead_days
2025-06-13,P008,Home,165.0,3414.72,416.0,985,0,0.0,4,6,13
2025-06-14,P008,Home,259.0,3414.72,566.0,985,0,0.0,5,6,13
2025-06-15,P008,Home,259.0,3414.72,519.0,985,0,0.0,6,6,13
2025-06-16,P008,Home,204.0,3414.72,571.0,985,0,0.0,0,6,13
2025-06-17,P008,Home,198.0,3414.72,504.0,985,0,0.0,1,6,13
2025-06-18,P008,Home,184.0,3414.72,490.0,985,0,0.0,2,6,13
2025-06-19,P008,Home,334.0,2117.07,395.0,985,1,0.38,3,6,13
2025-06-20,P008,Home,209.0,3414.72,516.0,985,0,0.0,4,6,13
2025-06-21,P008,Home,265.0,3414.72,688.0,985,0,0.0,5,6,13
2025-06-22,P008,Home,255.0,3414.72,708.0,985,0,0.0,6,6,13
2025-06-23,P008,Home,177.0,3414.72,226.0,985,0,0.0,0,6,13
2025-06-24,P008,Home,172.0,3414.72,260.0,985,0,0.0,1,6,13
2025-06-25,P008,Home,163.0,3414.72,366.0,985,0,0.0,2,6,13
2025-06-26,P008,Home,199.0,3414.72,330.0,985,0,0.0,3,6,13
2025-06-27,P008,Home,256.0,2846.12,581.0,985,1,0.17,4,6,13
2025-06-28,P008,Home,258.0,3414.72,449.0,985,0,0.0,5,6,13
2025-06-29,P008,Home,269.0,3414.72,366.0,985,0,0.0,6,6,13
2025-06-30,P008,Home,165.0,3414.72,313.0,985,0,0.0,0,6,13
2025-07-01,P008,Home,196.0,3414.72,409.0,985,0,0.0,1,7,13
2025-07-02,P008,Home,196.0,3414.72,263.0,985,0,0.0,2,7,13
2025-07-03,P008,Home,194.0,3414.72,423.0,985,0,0.0,3,7,13
2025-07-04,P008,Home,190.0,3414.72,506.0,985,0,0.0,4,7,13
2025-07-05,P008,Home,245.0,3414.72,466.0,985,0,0.0,5,7,13
2025-07-06,P008,Home,269.0,3414.72,640.0,985,0,0.0,6,7,13
2025-07-07,P008,Home,148.0,3414.72,392.0,985,0,0.0,0,7,13
2025-07-08,P008,Home,155.0,3414.72,200.0,985,0,0.0,1,7,13
2025-07-09,P008,Home,211.0,3414.72,536.0,985,0,0.0,2,7,13
2025-07-10,P008,Home,155.0,3414.72,262.0,985,0,0.0,3,7,13
2025-07-11,P008,Home,197.0,3414.72,359.0,985,0,0.0,4,7,13
2025-07-12,P008,Home,270.0,3414.72,453.0,985,0,0.0,5,7,13
2025-07-13,P008,Home,269.0,3414.72,372.0,985,0,0.0,6,7,13
2025-07-14,P008,Home,177.0,3414.72,228.0,985,0,0.0,0,7,13
2025-07-15,P008,Home,177.0,3414.72,459.0,985,0,0.0,1,7,13
2025-07-16,P008,Home,294.0,2469.12,761.0,985,1,0.28,2,7,13
2025-07-17,P008,Home,197.0,3414.72,288.0,985,0,0.0,3,7,13
2025-07-18,P008,Home,161.0,3414.72,259.0,985,0,0.0,4,7,13
2025-07-19,P008,Home,259.0,3414.72,413.0,985,0,0.0,5,7,13
2025-07-20,P008,Home,244.0,3414.72,508.0,985,0,0.0,6,7,13
2025-07-21,P008,Home,181.0,3414.72,348.0,985,0,0.0,0,7,13
2025-07-22,P008,Home,171.0,3414.72,472.0,985,0,0.0,1,7,13
2025-07-23,P008,Home,328.0,1982.36,688.0,985,1,0.42,2,7,13
2025-07-24,P008,Home,178.0,3414.72,212.0,985,0,0.0,3,7,13
2025-07-25,P008,Home,163.0,3414.72,360.0,985,0,0.0,4,7,13
2025-07-26,P008,Home,273.0,3414.72,446.0,985,0,0.0,5,7,13
2025-07-27,P008,Home,249.0,3414.72,639.0,985,0,0.0,6,7,13
2025-07-28,P008,Home,193.0,3414.72,300.0,985,0,0.0,0,7,13
2025-07-29,P008,Home,168.0,3414.72,456.0,985,0,0.0,1,7,13
2025-07-30,P008,Home,214.0,3414.72,344.0,985,0,0.0,2,7,13
2025-07-31,P008,Home,179.0,3414.72,302.0,985,0,0.0,3,7,13
2025-08-01,P008,Home,181.0,3414.72,335.0,985,0,0.0,4,8,13
2025-08-02,P008,Home,258.0,3414.72,403.0,985,0,0.0,5,8,13
2025-08-03,P008,Home,247.0,3414.72,657.0,985,0,0.0,6,8,13
2025-08-04,P008,Home,175.0,3414.72,453.0,985,0,0.0,0,8,13
2025-08-05,P008,Home,170.0,3414.72,201.0,985,0,0.0,1,8,13
2025-08-06,P008,Home,184.0,3414.72,238.0,985,0,0.0,2,8,13
2025-08-07,P008,Home,182.0,3414.72,373.0,985,0,0.0,3,8,13
2025-08-08,P008,Home,177.0,3414.72,209.0,985,0,0.0,4,8,13
2025-08-09,P008,Home,260.0,3414.72,642.0,985,0,0.0,5,8,13
2025-08-10,P008,Home,248.0,3414.72,392.0,985,0,0.0,6,8,13
2025-08-11,P008,Home,209.0,3414.72,355.0,985,0,0.0,0,8,13
2025-08-12,P008,Home,205.0,3414.72,314.0,985,0,0.0,1,8,13
2025-08-13,P008,Home,199.0,3414.72,430.0,985,0,0.0,2,8,13
2025-08-14,P008,Home,190.0,3414.72,230.0,985,0,0.0,3,8,13
2025-08-15,P008,Home,174.0,3414.72,293.0,985,0,0.0,4,8,13
2025-08-16,P008,Home,285.0,3414.72,446.0,985,0,0.0,5,8,13
2025-08-17,P008,Home,302.0,3414.72,827.0,985,0,0.0,6,8,13
2025-08-18,P008,Home,204.0,3414.72,332.0,985,0,0.0,0,8,13
2025-08-19,P008,Home,160.0,3414.72,293.0,985,0,0.0,1,8,13
2025-08-20,P008,Home,183.0,3414.72,489.0,985,0,0.0,2,8,13
2025-08-21,P008,Home,186.0,3414.72,360.0,985,0,0.0,3,8,13
2025-08-22,P008,Home,198.0,3414.72,271.0,985,0,0.0,4,8,13
2025-08-23,P008,Home,274.0,3414.72,429.0,985,0,0.0,5,8,13
2025-08-24,P008,Home,276.0,3414.72,570.0,985,0,0.0,6,8,13
2025-08-25,P008,Home,181.0,3414.72,418.0,985,0,0.0,0,8,13
2025-08-26,P008,Home,188.0,3414.72,378.0,985,0,0.0,1,8,13
2025-08-27,P008,Home,207.0,3414.72,519.0,985,0,0.0,2,8,13
2025-08-28,P008,Home,168.0,3414.72,452.0,985,0,0.0,3,8,13
2025-08-29,P008,Home,183.0,3414.72,242.0,985,0,0.0,4,8,13
2025-08-30,P008,Home,271.0,3414.72,708.0,985,0,0.0,5,8,13
2025-08-31,P008,Home,237.0,3414.72,548.0,985,0,0.0,6,8,13
2025-09-01,P008,Home,187.0,3414.72,377.0,985,0,0.0,0,9,13
2025-09-02,P008,Home,180.0,3414.72,267.0,985,0,0.0,1,9,13
2025-09-03,P008,Home,186.0,3414.72,451.0,985,0,0.0,2,9,13
2025-09-04,P008,Home,167.0,3414.72,375.0,985,0,0.0,3,9,13
2025-09-05,P008,Home,186.0,3414.72,224.0,985,0,0.0,4,9,13
2025-09-06,P008,Home,278.0,3414.72,661.0,985,0,0.0,5,9,13
2025-09-07,P008,Home,263.0,3414.72,657.0,985,0,0.0,6,9,13
2025-09-08,P008,Home,190.0,3414.72,364.0,985,0,0.0,0,9,13
2025-09-09,P008,Home,189.0,3414.72,303.0,985,0,0.0,1,9,13
2025-09-10,P008,Home,211.0,3414.72,379.0,985,0,0.0,2,9,13
2025-09-11,P008,Home,173.0,3414.72,464.0,985,0,0.0,3,9,13
2025-09-12,P008,Home,196.0,3414.72,431.0,985,0,0.0,4,9,13
2025-09-13,P008,Home,269.0,3414.72,608.0,985,0,0.0,5,9,13
2025-09-14,P008,Home,251.0,3414.72,304.0,985,0,0.0,6,9,13
2025-09-15,P008,Home,171.0,3414.72,291.0,985,0,0.0,0,9,13
2025-09-16,P008,Home,215.0,3414.72,389.0,985,0,0.0,1,9,13
2025-09-17,P008,Home,182.0,3414.72,321.0,985,0,0.0,2,9,13
2025-09-18,P008,Home,175.0,3414.72,467.0,985,0,0.0,3,9,13
2025-09-19,P008,Home,170.0,3414.72,407.0,985,0,0.0,4,9,13
2025-09-20,P008,Home,440.0,2363.13,633.0,985,1,0.31,5,9,13
2025-09-21,P008,Home,262.0,3414.72,294.0,985,0,0.0,6,9,13
2025-09-22,P008,Home,156.0,3414.72,191.0,985,0,0.0,0,9,13
2025-09-23,P008,Home,198.0,3414.72,246.0,985,0,0.0,1,9,13
2025-09-24,P008,Home,169.0,3414.72,348.0,985,0,0.0,2,9,13
2025-09-25,P008,Home,290.0,2408.99,411.0,985,1,0.29,3,9,13
2025-09-26,P008,Home,204.0,3414.72,361.0,985,0,0.0,4,9,13
2025-09-27,P008,Home,390.0,2546.06,861.0,985,1,0.25,5,9,13
2025-09-28,P008,Home,381.0,2603.45,493.0,985,1,0.24,6,9,13
2025-09-29,P008,Home,187.0,3414.72,499.0,985,0,0.0,0,9,13
2025-09-30,P008,Home,172.0,3414.72,283.0,985,0,0.0,1,9,13
2025-10-01,P008,Home,294.0,3414.72,617.0,985,0,0.0,2,10,13
2025-10-02,P008,Home,278.0,3414.72,414.0,985,0,0.0,3,10,13
2025-10-03,P008,Home,283.0,3414.72,591.0,985,0,0.0,4,10,13
2025-10-04,P008,Home,425.0,3414.72,1126.0,985,0,0.0,5,10,13
2025-10-05,P008,Home,412.0,3414.72,702.0,985,0,0.0,6,10,13
2025-10-06,P008,Home,318.0,3414.72,576.0,985,0,0.0,0,10,13
2025-10-07,P008,Home,460.0,2458.1,835.0,985,1,0.28,1,10,13
2025-10-08,P008,Home,270.0,3414.72,606.0,985,0,0.0,2,10,13
2025-10-09,P008,Home,277.0,3414.72,493.0,985,0,0.0,3,10,13
2025-10-10,P008,Home,266.0,3414.72,682.0,985,0,0.0,4,10,13
2025-10-11,P008,Home,420.0,3414.72,640.0,985,0,0.0,5,10,13
2025-10-12,P008,Home,428.0,3414.72,1116.0,985,0,0.0,6,10,13
2025-10-13,P008,Home,297.0,3414.72,508.0,985,0,0.0,0,10,13
2025-10-14,P008,Home,275.0,3414.72,541.0,985,0,0.0,1,10,13
2025-10-15,P008,Home,253.0,3414.72,351.0,985,0,0.0,2,10,13
2025-10-16,P008,Home,285.0,3414.72,545.0,985,0,0.0,3,10,13
2025-10-17,P008,Home,298.0,3414.72,604.0,985,0,0.0,4,10,13
2025-10-18,P008,Home,407.0,3414.72,722.0,985,0,0.0,5,10,13
2025-10-19,P008,Home,417.0,3414.72,599.0,985,0,0.0,6,10,13
2025-10-20,P008,Home,308.0,3414.72,473.0,985,0,0.0,0,10,13
2025-10-21,P008,Home,277.0,3414.72,667.0,985,0,0.0,1,10,13
2025-10-22,P008,Home,296.0,3414.72,781.0,985,0,0.0,2,10,13
2025-10-23,P008,Home,291.0,3414.72,409.0,985,0,0.0,3,10,13
2025-10-24,P008,Home,285.0,3414.72,445.0,985,0,0.0,4,10,13
2025-10-25,P008,Home,402.0,3414.72,1068.0,985,0,0.0,5,10,13
2025-10-26,P008,Home,434.0,3414.72,1143.0,985,0,0.0,6,10,13
2025-10-27,P008,Home,297.0,3414.72,354.0,985,0,0.0,0,10,13
2025-10-28,P008,Home,292.0,3414.72,553.0,985,0,0.0,1,10,13
2025-10-29,P008,Home,269.0,3414.72,503.0,985,0,0.0,2,10,13
2025-10-30,P008,Home,274.0,3414.72,381.0,985,0,0.0,3,10,13
2025-10-31,P008,Home,463.0,2440.33,628.0,985,1,0.29,4,10,13
2025-11-01,P008,Home,601.0,2789.85,1480.0,985,1,0.18,5,11,13
2025-11-02,P008,Home,388.0,3414.72,748.0,985,0,0.0,6,11,13
2025-11-03,P008,Home,285.0,3414.72,644.0,985,0,0.0,0,11,13
2025-11-04,P008,Home,248.0,3414.72,390.0,985,0,0.0,1,11,13
2025-11-05,P008,Home,287.0,3414.72,546.0,985,0,0.0,2,11,13
2025-11-06,P008,Home,299.0,3414.72,610.0,985,0,0.0,3,11,13
2025-11-07,P008,Home,316.0,3414.72,543.0,985,0,0.0,4,11,13
2025-11-08,P008,Home,711.0,2231.18,947.0,985,1,0.35,5,11,13
2025-11-09,P008,Home,423.0,3414.72,843.0,985,0,0.0,6,11,13
2025-11-10,P008,Home,278.0,3414.72,569.0,985,0,0.0,0,11,13
2025-11-11,P008,Home,284.0,3414.72,438.0,985,0,0.0,1,11,13
2025-11-12,P008,Home,273.0,3414.72,701.0,985,0,0.0,2,11,13
2025-11-13,P008,Home,270.0,3414.72,348.0,985,0,0.0,3,11,13
2025-11-14,P008,Home,276.0,3414.72,408.0,985,0,0.0,4,11,13
2025-11-15,P008,Home,432.0,3414.72,1134.0,985,0,0.0,5,11,13
2025-11-16,P008,Home,431.0,3414.72,951.0,985,0,0.0,6,11,13
2025-11-17,P008,Home,259.0,3414.72,632.0,985,0,0.0,0,11,13
2025-11-18,P008,Home,271.0,3414.72,723.0,985,0,0.0,1,11,13
2025-11-19,P008,Home,269.0,3414.72,323.0,985,0,0.0,2,11,13
2025-11-20,P008,Home,296.0,3414.72,625.0,985,0,0.0,3,11,13
2025-11-21,P008,Home,306.0,3414.72,560.0,985,0,0.0,4,11,13
2025-11-22,P008,Home,407.0,3414.72,1117.0,985,0,0.0,5,11,13
2025-11-23,P008,Home,435.0,3414.72,571.0,985,0,0.0,6,11,13
2025-11-24,P008,Home,271.0,3414.72,472.0,985,0,0.0,0,11,13
2025-11-25,P008,Home,261.0,3414.72,501.0,985,0,0.0,1,11,13
2025-11-26,P008,Home,267.0,3414.72,714.0,985,0,0.0,2,11,13
2025-11-27,P008,Home,299.0,3414.72,613.0,985,0,0.0,3,11,13
2025-11-28,P008,Home,273.0,3414.72,542.0,985,0,0.0,4,11,13
2025-11-29,P008,Home,425.0,3414.72,500.0,985,0,0.0,5,11,13
2025-11-30,P008,Home,410.0,3414.72,675.0,985,0,0.0,6,11,13
2025-12-01,P008,Home,289.0,3414.72,490.0,985,0,0.0,0,12,13
2025-12-02,P008,Home,288.0,3414.72,321.0,985,0,0.0,1,12,13
2025-12-03,P008,Home,447.0,2485.02,1247.0,985,1,0.27,2,12,13
2025-12-04,P008,Home,278.0,3414.72,362.0,985,0,0.0,3,12,13
2025-12-05,P008,Home,295.0,3414.72,728.0,985,0,0.0,4,12,13
2025-12-06,P008,Home,413.0,3414.72,589.0,985,0,0.0,5,12,13
2025-12-07,P008,Home,425.0,3414.72,1169.0,985,0,0.0,6,12,13
2025-12-08,P008,Home,301.0,3414.72,431.0,985,0,0.0,0,12,13
2025-12-09,P008,Home,286.0,3414.72,569.0,985,0,0.0,1,12,13
2025-12-10,P008,Home,281.0,3414.72,785.0,985,0,0.0,2,12,13
2025-12-11,P008,Home,283.0,3414.72,750.0,985,0,0.0,3,12,13
2025-12-12,P008,Home,300.0,3414.72,363.0,985,0,0.0,4,12,13
2025-12-13,P008,Home,417.0,3414.72,690.0,985,0,0.0,5,12,13
2025-12-14,P008,Home,426.0,3414.72,910.0,985,0,0.0,6,12,13
2025-12-15,P008,Home,268.0,3414.72,552.0,985,0,0.0,0,12,13
2025-12-16,P008,Home,307.0,3414.72,678.0,985,0,0.0,1,12,13
2025-12-17,P008,Home,283.0,3414.72,346.0,985,0,0.0,2,12,13
2025-12-18,P008,Home,292.0,3414.72,524.0,985,0,0.0,3,12,13
2025-12-19,P008,Home,297.0,3414.72,404.0,985,0,0.0,4,12,13
2025-12-20,P008,Home,409.0,3414.72,655.0,985,0,0.0,5,12,13
2025-12-21,P008,Home,399.0,3414.72,498.0,985,0,0.0,6,12,13
2025-12-22,P008,Home,262.0,3414.72,502.0,985,0,0.0,0,12,13
2025-12-23,P008,Home,305.0,3414.72,799.0,985,0,0.0,1,12,13
2025-12-24,P008,Home,266.0,3414.72,605.0,985,0,0.0,2,12,13
2025-12-25,P008,Home,578.0,1915.81,1257.0,985,1,0.44,3,12,13
2025-12-26,P008,Home,279.0,3414.72,382.0,985,0,0.0,4,12,13
2025-12-27,P008,Home,407.0,3414.72,680.0,985,0,0.0,5,12,13
2025-12-28,P008,Home,391.0,3414.72,787.0,985,0,0.0,6,12,13
2025-12-29,P008,Home,302.0,3414.72,527.0,985,0,0.0,0,12,13
2025-12-30,P008,Home,273.0,3414.72,610.0,985,0,0.0,1,12,13
2025-12-31,P008,Home,291.0,3414.72,330.0,985,0,0.0,2,12,13
2026-01-01,P008,Home,135.0,3414.72,212.0,985,0,0.0,3,1,13
2026-01-02,P008,Home,121.0,3414.72,228.0,985,0,0.0,4,1,13
2026-01-03,P008,Home,211.0,3414.72,237.0,985,0,0.0,5,1,13
2026-01-04,P008,Home,183.0,3414.72,211.0,985,0,0.0,6,1,13
2026-01-05,P008,Home,120.0,3414.72,333.0,985,0,0.0,0,1,13
2026-01-06,P008,Home,201.0,2731.36,248.0,985,1,0.2,1,1,13
2026-01-07,P008,Home,143.0,3414.72,320.0,985,0,0.0,2,1,13
2026-01-08,P008,Home,116.0,3414.72,228.0,985,0,0.0,3,1,13
2026-01-09,P008,Home,141.0,3414.72,316.0,985,0,0.0,4,1,13
2026-01-10,P008,Home,217.0,3414.72,527.0,985,0,0.0,5,1,13
2026-01-11,P008,Home,189.0,3414.72,461.0,985,0,0.0,6,1,13
2026-01-12,P008,Home,146.0,3414.72,265.0,985,0,0.0,0,1,13
2026-01-13,P008,Home,154.0,3414.72,350.0,985,0,0.0,1,1,13
2026-01-14,P008,Home,142.0,3414.72,374.0,985,0,0.0,2,1,13
2026-01-15,P008,Home,145.0,3414.72,167.0,985,0,0.0,3,1,13
2026-01-16,P008,Home,145.0,3414.72,195.0,985,0,0.0,4,1,13
2026-01-17,P008,Home,238.0,3414.72,356.0,985,0,0.0,5,1,13
2026-01-18,P008,Home,203.0,3414.72,263.0,985,0,0.0,6,1,13
2026-01-19,P008,Home,162.0,3414.72,357.0,985,0,0.0,0,1,13
2026-01-20,P008,Home,156.0,3414.72,312.0,985,0,0.0,1,1,13
2026-01-21,P008,Home,136.0,3414.72,161.0,985,0,0.0,2,1,13
2026-01-22,P008,Home,133.0,3414.72,175.0,985,0,0.0,3,1,13
2026-01-23,P008,Home,137.0,3414.72,296.0,985,0,0.0,4,1,13
2026-01-24,P008,Home,208.0,3414.72,255.0,985,0,0.0,5,1,13
2026-01-25,P008,Home,192.0,3414.72,361.0,985,0,0.0,6,1,13
2026-01-26,P008,Home,242.0,2000.72,659.0,985,1,0.41,0,1,13
2026-01-27,P008,Home,120.0,3414.72,273.0,985,0,0.0,1,1,13
2026-01-28,P008,Home,153.0,3414.72,253.0,985,0,0.0,2,1,13
2026-01-29,P008,Home,147.0,3414.72,164.0,985,0,0.0,3,1,13
2026-01-30,P008,Home,139.0,3414.72,192.0,985,0,0.0,4,1,13
2026-01-31,P008,Home,208.0,3414.72,295.0,985,0,0.0,5,1,13
2026-02-01,P008,Home,208.0,3414.72,362.0,985,0,0.0,6,2,13
2026-02-02,P008,Home,147.0,3414.72,349.0,985,0,0.0,0,2,13
2026-02-03,P008,Home,159.0,3414.72,388.0,985,0,0.0,1,2,13
2026-02-04,P008,Home,115.0,3414.72,254.0,985,0,0.0,2,2,13
2026-02-05,P008,Home,142.0,3414.72,249.0,985,0,0.0,3,2,13
2026-02-06,P008,Home,138.0,3414.72,172.0,985,0,0.0,4,2,13
2026-02-07,P008,Home,211.0,3414.72,425.0,985,0,0.0,5,2,13
2026-02-08,P008,Home,174.0,3414.72,413.0,985,0,0.0,6,2,13
2026-02-09,P008,Home,119.0,3414.72,256.0,985,0,0.0,0,2,13
2026-02-10,P008,Home,137.0,3414.72,205.0,985,0,0.0,1,2,13
2026-02-11,P008,Home,235.0,2298.77,350.0,985,1,0.33,2,2,13
2026-02-12,P008,Home,152.0,3414.72,391.0,985,0,0.0,3,2,13
2026-02-13,P008,Home,160.0,3414.72,363.0,985,0,0.0,4,2,13
2026-02-14,P008,Home,184.0,3414.72,457.0,985,0,0.0,5,2,13
2026-02-15,P008,Home,200.0,3414.72,488.0,985,0,0.0,6,2,13
2026-02-16,P008,Home,142.0,3414.72,221.0,985,0,0.0,0,2,13
2026-02-17,P008,Home,136.0,3414.72,197.0,985,0,0.0,1,2,13
2026-02-18,P008,Home,162.0,3414.72,431.0,985,0,0.0,2,2,13
2026-02-19,P008,Home,155.0,3414.72,299.0,985,0,0.0,3,2,13
2026-02-20,P008,Home,123.0,3414.72,332.0,985,0,0.0,4,2,13
2026-02-21,P008,Home,193.0,3414.72,341.0,985,0,0.0,5,2,13
2026-02-22,P008,Home,217.0,3414.72,396.0,985,0,0.0,6,2,13
2026-02-23,P008,Home,112.0,3414.72,275.0,985,0,0.0,0,2,13
2026-02-24,P008,Home,136.0,3414.72,263.0,985,0,0.0,1,2,13
2026-02-25,P008,Home,142.0,3414.72,200.0,985,0,0.0,2,2,13
2026-02-26,P008,Home,151.0,3414.72,354.0,985,0,0.0,3,2,13
2026-02-27,P008,Home,298.0,1985.35,378.0,985,1,0.42,4,2,13
2026-02-28,P008,Home,195.0,3414.72,380.0,985,0,0.0,5,2,13
2026-03-01,P008,Home,271.0,3414.72,694.0,985,0,0.0,6,3,13
2026-03-02,P008,Home,199.0,3414.72,373.0,985,0,0.0,0,3,13
2026-03-03,P008,Home,240.0,2889.46,265.0,985,1,0.15,1,3,13
2026-03-04,P008,Home,189.0,3414.72,248.0,985,0,0.0,2,3,13
2026-03-05,P008,Home,215.0,3414.72,530.0,985,0,0.0,3,3,13
2026-03-06,P008,Home,199.0,3414.72,233.0,985,0,0.0,4,3,13
2026-03-07,P008,Home,263.0,3414.72,502.0,985,0,0.0,5,3,13
2026-03-08,P008,Home,280.0,3414.72,620.0,985,0,0.0,6,3,13
2026-03-09,P008,Home,153.0,3414.72,279.0,985,0,0.0,0,3,13
2026-03-10,P008,Home,216.0,3414.72,577.0,985,0,0.0,1,3,13
2026-03-11,P008,Home,185.0,3414.72,309.0,985,0,0.0,2,3,13
2026-03-12,P008,Home,205.0,3414.72,353.0,985,0,0.0,3,3,13
2026-03-13,P008,Home,186.0,3414.72,476.0,985,0,0.0,4,3,13
2026-03-14,P008,Home,259.0,3414.72,357.0,985,0,0.0,5,3,13
2026-03-15,P008,Home,258.0,3414.72,520.0,985,0,0.0,6,3,13
2026-03-16,P008,Home,196.0,3414.72,428.0,985,0,0.0,0,3,13
2026-03-17,P008,Home,180.0,3414.72,454.0,985,0,0.0,1,3,13
2026-03-18,P008,Home,186.0,3414.72,217.0,985,0,0.0,2,3,13
2026-03-19,P008,Home,179.0,3414.72,285.0,985,0,0.0,3,3,13
2026-03-20,P008,Home,204.0,3414.72,379.0,985,0,0.0,4,3,13
2026-03-21,P008,Home,257.0,3414.72,484.0,985,0,0.0,5,3,13
2026-03-22,P008,Home,275.0,3414.72,490.0,985,0,0.0,6,3,13
2026-03-23,P008,Home,153.0,3414.72,246.0,985,0,0.0,0,3,13
2026-03-24,P008,Home,195.0,3414.72,215.0,985,0,0.0,1,3,13
2026-03-25,P008,Home,170.0,3414.72,321.0,985,0,0.0,2,3,13
2026-03-26,P008,Home,192.0,3414.72,305.0,985,0,0.0,3,3,13
2025-01-01,P009,Home,109.0,3594.11,251.0,248,0,0.0,2,1,4
2025-01-02,P009,Home,85.0,3594.11,136.0,248,0,0.0,3,1,4
2025-01-03,P009,Home,102.0,3594.11,187.0,248,0,0.0,4,1,4
2025-01-04,P009,Home,156.0,3594.11,327.0,248,0,0.0,5,1,4
2025-01-05,P009,Home,174.0,3594.11,212.0,248,0,0.0,6,1,4
2025-01-06,P009,Home,98.0,3594.11,261.0,248,0,0.0,0,1,4
2025-01-07,P009,Home,168.0,2538.17,401.0,248,1,0.29,1,1,4
2025-01-08,P009,Home,126.0,3594.11,219.0,248,0,0.0,2,1,4
2025-01-09,P009,Home,91.0,3594.11,152.0,248,0,0.0,3,1,4
2025-01-10,P009,Home,98.0,3594.11,226.0,248,0,0.0,4,1,4
2025-01-11,P009,Home,153.0,3594.11,335.0,248,0,0.0,5,1,4
2025-01-12,P009,Home,245.0,2951.85,459.0,248,1,0.18,6,1,4
2025-01-13,P009,Home,96.0,3594.11,242.0,248,0,0.0,0,1,4
2025-01-14,P009,Home,88.0,3594.11,114.0,248,0,0.0,1,1,4
2025-01-15,P009,Home,156.0,2939.61,207.0,248,1,0.18,2,1,4
2025-01-16,P009,Home,85.0,3594.11,182.0,248,0,0.0,3,1,4
2025-01-17,P009,Home,99.0,3594.11,147.0,248,0,0.0,4,1,4
2025-01-18,P009,Home,141.0,3594.11,310.0,248,0,0.0,5,1,4
