src/data/raw/ecommerce_inventory_demand.csv
date,product_id,product_category,units_sold,unit_price,stock_on_hand,reorder_point,is_promotion,discount_pct,day_of_week,month,supplier_lead_days
2025-01-19,P009,Home,154.0,3594.11,195.0,248,0,0.0,6,1,4
2025-01-20,P009,Home,109.0,3594.11,192.0,248,0,0.0,0,1,4
2025-01-21,P009,Home,88.0,3594.11,147.0,248,0,0.0,1,1,4
2025-01-22,P009,Home,103.0,3594.11,193.0,248,0,0.0,2,1,4
2025-01-23,P009,Home,102.0,3594.11,175.0,248,0,0.0,3,1,4
2025-01-24,P009,Home,112.0,3594.11,146.0,248,0,0.0,4,1,4
2025-01-25,P009,Home,164.0,3594.11,301.0,248,0,0.0,5,1,4
2025-01-26,P009,Home,137.0,3594.11,341.0,248,0,0.0,6,1,4
2025-01-27,P009,Home,102.0,3594.11,217.0,248,0,0.0,0,1,4
2025-01-28,P009,Home,104.0,3594.11,234.0,248,0,0.0,1,1,4
2025-01-29,P009,Home,111.0,3594.11,137.0,248,0,0.0,2,1,4
2025-01-30,P009,Home,112.0,3594.11,229.0,248,0,0.0,3,1,4
2025-01-31,P009,Home,110.0,3594.11,205.0,248,0,0.0,4,1,4
2025-02-01,P009,Home,154.0,3594.11,317.0,248,0,0.0,5,2,4
2025-02-02,P009,Home,167.0,3594.11,347.0,248,0,0.0,6,2,4
2025-02-03,P009,Home,108.0,3594.11,185.0,248,0,0.0,0,2,4
2025-02-04,P009,Home,197.0,2419.7,365.0,248,1,0.33,1,2,4
2025-02-05,P009,Home,117.0,3594.11,160.0,248,0,0.0,2,2,4
2025-02-06,P009,Home,98.0,3594.11,184.0,248,0,0.0,3,2,4
2025-02-07,P009,Home,166.0,2521.72,460.0,248,1,0.3,4,2,4
2025-02-08,P009,Home,163.0,3594.11,400.0,248,0,0.0,5,2,4
2025-02-09,P009,Home,138.0,3594.11,231.0,248,0,0.0,6,2,4
2025-02-10,P009,Home,109.0,3594.11,205.0,248,0,0.0,0,2,4
2025-02-11,P009,Home,104.0,3594.11,116.0,248,0,0.0,1,2,4
2025-02-12,P009,Home,159.0,2814.15,223.0,248,1,0.22,2,2,4
2025-02-13,P009,Home,101.0,3594.11,229.0,248,0,0.0,3,2,4
2025-02-14,P009,Home,117.0,3594.11,228.0,248,0,0.0,4,2,4
2025-02-15,P009,Home,158.0,3594.11,248.0,248,0,0.0,5,2,4
2025-02-16,P009,Home,167.0,3594.11,204.0,248,0,0.0,6,2,4
2025-02-17,P009,Home,112.0,3594.11,173.0,248,0,0.0,0,2,4
2025-02-18,P009,Home,104.0,3594.11,139.0,248,0,0.0,1,2,4
2025-02-19,P009,Home,105.0,3594.11,282.0,248,0,0.0,2,2,4
2025-02-20,P009,Home,105.0,3594.11,188.0,248,0,0.0,3,2,4
2025-02-21,P009,Home,110.0,3594.11,274.0,248,0,0.0,4,2,4
2025-02-22,P009,Home,153.0,3594.11,397.0,248,0,0.0,5,2,4
2025-02-23,P009,Home,140.0,3594.11,232.0,248,0,0.0,6,2,4
2025-02-24,P009,Home,107.0,3594.11,122.0,248,0,0.0,0,2,4
2025-02-25,P009,Home,105.0,3594.11,181.0,248,0,0.0,1,2,4
2025-02-26,P009,Home,115.0,3594.11,180.0,248,0,0.0,2,2,4
2025-02-27,P009,Home,104.0,3594.11,160.0,248,0,0.0,3,2,4
2025-02-28,P009,Home,117.0,3594.11,282.0,248,0,0.0,4,2,4
2025-03-01,P009,Home,198.0,3594.11,330.0,248,0,0.0,5,3,4
2025-03-02,P009,Home,216.0,3594.11,415.0,248,0,0.0,6,3,4
2025-03-03,P009,Home,139.0,3594.11,284.0,248,0,0.0,0,3,4
2025-03-04,P009,Home,124.0,3594.11,212.0,248,0,0.0,1,3,4
2025-03-05,P009,Home,150.0,3594.11,262.0,248,0,0.0,2,3,4
2025-03-06,P009,Home,144.0,3594.11,367.0,248,0,0.0,3,3,4
2025-03-07,P009,Home,153.0,3594.11,214.0,248,0,0.0,4,3,4
2025-03-08,P009,Home,222.0,3594.11,487.0,248,0,0.0,5,3,4
2025-03-09,P009,Home,216.0,3594.11,597.0,248,0,0.0,6,3,4
2025-03-10,P009,Home,147.0,3594.11,260.0,248,0,0.0,0,3,4
2025-03-11,P009,Home,165.0,3594.11,444.0,248,0,0.0,1,3,4
2025-03-12,P009,Home,258.0,2437.52,285.0,248,1,0.32,2,3,4
2025-03-13,P009,Home,248.0,2545.79,683.0,248,1,0.29,3,3,4
2025-03-14,P009,Home,135.0,3594.11,235.0,248,0,0.0,4,3,4
2025-03-15,P009,Home,328.0,2693.65,912.0,248,1,0.25,5,3,4
2025-03-16,P009,Home,215.0,3594.11,599.0,248,0,0.0,6,3,4
2025-03-17,P009,Home,145.0,3594.11,331.0,248,0,0.0,0,3,4
2025-03-18,P009,Home,161.0,3594.11,369.0,248,0,0.0,1,3,4
2025-03-19,P009,Home,141.0,3594.11,365.0,248,0,0.0,2,3,4
2025-03-20,P009,Home,149.0,3594.11,353.0,248,0,0.0,3,3,4
2025-03-21,P009,Home,140.0,3594.11,346.0,248,0,0.0,4,3,4
2025-03-22,P009,Home,201.0,3594.11,233.0,248,0,0.0,5,3,4
2025-03-23,P009,Home,209.0,3594.11,457.0,248,0,0.0,6,3,4
2025-03-24,P009,Home,147.0,3594.11,351.0,248,0,0.0,0,3,4
2025-03-25,P009,Home,130.0,3594.11,310.0,248,0,0.0,1,3,4
2025-03-26,P009,Home,136.0,3594.11,250.0,248,0,0.0,2,3,4
2025-03-27,P009,Home,242.0,2664.01,316.0,248,1,0.26,3,3,4
2025-03-28,P009,Home,146.0,3594.11,211.0,248,0,0.0,4,3,4
2025-03-29,P009,Home,208.0,3594.11,323.0,248,0,0.0,5,3,4
2025-03-30,P009,Home,211.0,3594.11,259.0,248,0,0.0,6,3,4
2025-03-31,P009,Home,146.0,3594.11,298.0,248,0,0.0,0,3,4
2025-04-01,P009,Home,153.0,3594.11,394.0,248,0,0.0,1,4,4
2025-04-02,P009,Home,151.0,3594.11,238.0,248,0,0.0,2,4,4
2025-04-03,P009,Home,134.0,3594.11,370.0,248,0,0.0,3,4,4
2025-04-04,P009,Home,164.0,3594.11,311.0,248,0,0.0,4,4,4
2025-04-05,P009,Home,207.0,3594.11,233.0,248,0,0.0,5,4,4
2025-04-06,P009,Home,214.0,3594.11,407.0,248,0,0.0,6,4,4
2025-04-07,P009,Home,127.0,3594.11,355.0,248,0,0.0,0,4,4
2025-04-08,P009,Home,138.0,3594.11,371.0,248,0,0.0,1,4,4
2025-04-09,P009,Home,132.0,3594.11,297.0,248,0,0.0,2,4,4
2025-04-10,P009,Home,135.0,3594.11,264.0,248,0,0.0,3,4,4
2025-04-11,P009,Home,141.0,3594.11,260.0,248,0,0.0,4,4,4
2025-04-12,P009,Home,223.0,3594.11,589.0,248,0,0.0,5,4,4
2025-04-13,P009,Home,279.0,2833.2,754.0,248,1,0.21,6,4,4
2025-04-14,P009,Home,134.0,3594.11,191.0,248,0,0.0,0,4,4
2025-04-15,P009,Home,145.0,3594.11,353.0,248,0,0.0,1,4,4
2025-04-16,P009,Home,152.0,3594.11,396.0,248,0,0.0,2,4,4
2025-04-17,P009,Home,169.0,3594.11,353.0,248,0,0.0,3,4,4
2025-04-18,P009,Home,167.0,3594.11,202.0,248,0,0.0,4,4,4
2025-04-19,P009,Home,215.0,3594.11,458.0,248,0,0.0,5,4,4
2025-04-20,P009,Home,195.0,3594.11,491.0,248,0,0.0,6,4,4
2025-04-21,P009,Home,145.0,3594.11,171.0,248,0,0.0,0,4,4
2025-04-22,P009,Home,148.0,3594.11,399.0,248,0,0.0,1,4,4
2025-04-23,P009,Home,152.0,3594.11,312.0,248,0,0.0,2,4,4
2025-04-24,P009,Home,124.0,3594.11,328.0,248,0,0.0,3,4,4
2025-04-25,P009,Home,136.0,3594.11,221.0,248,0,0.0,4,4,4
2025-04-26,P009,Home,207.0,3594.11,454.0,248,0,0.0,5,4,4
2025-04-27,P009,Home,235.0,3594.11,510.0,248,0,0.0,6,4,4
2025-04-28,P009,Home,149.0,3594.11,358.0,248,0,0.0,0,4,4
2025-04-29,P009,Home,158.0,3594.11,433.0,248,0,0.0,1,4,4
2025-04-30,P009,Home,131.0,3594.11,239.0,248,0,0.0,2,4,4
2025-05-01,P009,Home,134.0,3594.11,-30.0,248,0,0.0,3,5,4
2025-05-02,P009,Home,150.0,3594.11,256.0,248,0,0.0,4,5,4
2025-05-03,P009,Home,205.0,3594.11,275.0,248,0,0.0,5,5,4
2025-05-04,P009,Home,213.0,3594.11,532.0,248,0,0.0,6,5,4
2025-05-05,P009,Home,157.0,3594.11,201.0,248,0,0.0,0,5,4
2025-05-06,P009,Home,133.0,3594.11,312.0,248,0,0.0,1,5,4
2025-05-07,P009,Home,125.0,3594.11,252.0,248,0,0.0,2,5,4
2025-05-08,P009,Home,156.0,3594.11,349.0,248,0,0.0,3,5,4
2025-05-09,P009,Home,144.0,3594.11,182.0,248,0,0.0,4,5,4
2025-05-10,P009,Home,209.0,3594.11,583.0,248,0,0.0,5,5,4
2025-05-11,P009,Home,207.0,3594.11,552.0,248,0,0.0,6,5,4
2025-05-12,P009,Home,167.0,3594.11,405.0,248,0,0.0,0,5,4
2025-05-13,P009,Home,167.0,3594.11,292.0,248,0,0.0,1,5,4
2025-05-14,P009,Home,155.0,3594.11,336.0,248,0,0.0,2,5,4
2025-05-15,P009,Home,139.0,3594.11,194.0,248,0,0.0,3,5,4
2025-05-16,P009,Home,139.0,3594.11,339.0,248,0,0.0,4,5,4
2025-05-17,P009,Home,197.0,3594.11,549.0,248,0,0.0,5,5,4
2025-05-18,P009,Home,212.0,3594.11,239.0,248,0,0.0,6,5,4
2025-05-19,P009,Home,152.0,3594.11,234.0,248,0,0.0,0,5,4
2025-05-20,P009,Home,139.0,3594.11,367.0,248,0,0.0,1,5,4
2025-05-21,P009,Home,133.0,3594.11,233.0,248,0,0.0,2,5,4
2025-05-22,P009,Home,168.0,3594.11,353.0,248,0,0.0,3,5,4
2025-05-23,P009,Home,141.0,3594.11,305.0,248,0,0.0,4,5,4
2025-05-24,P009,Home,201.0,3594.11,304.0,248,0,0.0,5,5,4
2025-05-25,P009,Home,179.0,3594.11,270.0,248,0,0.0,6,5,4
2025-05-26,P009,Home,147.0,3594.11,389.0,248,0,0.0,0,5,4
2025-05-27,P009,Home,149.0,3594.11,213.0,248,0,0.0,1,5,4
2025-05-28,P009,Home,264.0,2292.85,374.0,248,1,0.36,2,5,4
2025-05-29,P009,Home,148.0,3594.11,406.0,248,0,0.0,3,5,4
2025-05-30,P009,Home,147.0,3594.11,297.0,248,0,0.0,4,5,4
2025-05-31,P009,Home,224.0,3594.11,445.0,248,0,0.0,5,5,4
2025-06-01,P009,Home,224.0,3594.11,460.0,248,0,0.0,6,6,4
2025-06-02,P009,Home,147.0,3594.11,401.0,248,0,0.0,0,6,4
2025-06-03,P009,Home,143.0,3594.11,171.0,248,0,0.0,1,6,4
2025-06-04,P009,Home,158.0,3594.11,243.0,248,0,0.0,2,6,4
2025-06-05,P009,Home,140.0,3594.11,158.0,248,0,0.0,3,6,4
2025-06-06,P009,Home,130.0,3594.11,155.0,248,0,0.0,4,6,4
2025-06-07,P009,Home,224.0,3594.11,403.0,248,0,0.0,5,6,4
2025-06-08,P009,Home,213.0,3594.11,577.0,248,0,0.0,6,6,4
2025-06-09,P009,Home,237.0,2408.2,468.0,248,1,0.33,0,6,4
2025-06-10,P009,Home,131.0,3594.11,200.0,248,0,0.0,1,6,4
2025-06-11,P009,Home,162.0,3594.11,225.0,248,0,0.0,2,6,4
2025-06-12,P009,Home,110.0,3594.11,129.0,248,0,0.0,3,6,4
2025-06-13,P009,Home,131.0,3594.11,321.0,248,0,0.0,4,6,4
2025-06-14,P009,Home,227.0,3594.11,341.0,248,0,0.0,5,6,4
2025-06-15,P009,Home,213.0,3594.11,560.0,248,0,0.0,6,6,4
2025-06-16,P009,Home,162.0,3594.11,333.0,248,0,0.0,0,6,4
2025-06-17,P009,Home,158.0,3594.11,338.0,248,0,0.0,1,6,4
2025-06-18,P009,Home,162.0,3594.11,245.0,248,0,0.0,2,6,4
2025-06-19,P009,Home,131.0,3594.11,296.0,248,0,0.0,3,6,4
2025-06-20,P009,Home,131.0,3594.11,208.0,248,0,0.0,4,6,4
2025-06-21,P009,Home,241.0,3594.11,371.0,248,0,0.0,5,6,4
2025-06-22,P009,Home,230.0,3594.11,519.0,248,0,0.0,6,6,4
2025-06-23,P009,Home,159.0,3594.11,243.0,248,0,0.0,0,6,4
2025-06-24,P009,Home,139.0,3594.11,348.0,248,0,0.0,1,6,4
2025-06-25,P009,Home,150.0,3594.11,269.0,248,0,0.0,2,6,4
2025-06-26,P009,Home,136.0,3594.11,159.0,248,0,0.0,3,6,4
2025-06-27,P009,Home,156.0,3594.11,356.0,248,0,0.0,4,6,4
2025-06-28,P009,Home,214.0,3594.11,500.0,248,0,0.0,5,6,4
2025-06-29,P009,Home,205.0,3594.11,423.0,248,0,0.0,6,6,4
2025-06-30,P009,Home,161.0,3594.11,199.0,248,0,0.0,0,6,4
2025-07-01,P009,Home,141.0,3594.11,285.0,248,0,0.0,1,7,4
2025-07-02,P009,Home,122.0,3594.11,334.0,248,0,0.0,2,7,4
2025-07-03,P009,Home,132.0,3594.11,213.0,248,0,0.0,3,7,4
2025-07-04,P009,Home,190.0,2876.37,348.0,248,1,0.2,4,7,4
2025-07-05,P009,Home,203.0,3594.11,325.0,248,0,0.0,5,7,4
2025-07-06,P009,Home,228.0,3594.11,416.0,248,0,0.0,6,7,4
2025-07-07,P009,Home,134.0,3594.11,282.0,248,0,0.0,0,7,4
2025-07-08,P009,Home,142.0,3594.11,262.0,248,0,0.0,1,7,4
2025-07-09,P009,Home,143.0,3594.11,369.0,248,0,0.0,2,7,4
2025-07-10,P009,Home,156.0,3594.11,201.0,248,0,0.0,3,7,4
2025-07-11,P009,Home,146.0,3594.11,368.0,248,0,0.0,4,7,4
2025-07-12,P009,Home,241.0,3594.11,543.0,248,0,0.0,5,7,4
2025-07-13,P009,Home,225.0,3594.11,534.0,248,0,0.0,6,7,4
2025-07-14,P009,Home,135.0,3594.11,300.0,248,0,0.0,0,7,4
2025-07-15,P009,Home,140.0,3594.11,299.0,248,0,0.0,1,7,4
2025-07-16,P009,Home,146.0,3594.11,296.0,248,0,0.0,2,7,4
2025-07-17,P009,Home,141.0,3594.11,392.0,248,0,0.0,3,7,4
2025-07-18,P009,Home,229.0,2525.53,620.0,248,1,0.3,4,7,4
2025-07-19,P009,Home,210.0,3594.11,421.0,248,0,0.0,5,7,4
2025-07-20,P009,Home,225.0,3594.11,592.0,248,0,0.0,6,7,4
2025-07-21,P009,Home,157.0,3594.11,334.0,248,0,0.0,0,7,4
2025-07-22,P009,Home,134.0,3594.11,351.0,248,0,0.0,1,7,4
2025-07-23,P009,Home,132.0,3594.11,365.0,248,0,0.0,2,7,4
2025-07-24,P009,Home,170.0,3594.11,379.0,248,0,0.0,3,7,4
2025-07-25,P009,Home,147.0,3594.11,373.0,248,0,0.0,4,7,4
2025-07-26,P009,Home,199.0,3594.11,439.0,248,0,0.0,5,7,4
2025-07-27,P009,Home,196.0,3594.11,233.0,248,0,0.0,6,7,4
2025-07-28,P009,Home,165.0,3594.11,294.0,248,0,0.0,0,7,4
2025-07-29,P009,Home,163.0,3594.11,446.0,248,0,0.0,1,7,4
2025-07-30,P009,Home,174.0,3594.11,250.0,248,0,0.0,2,7,4
2025-07-31,P009,Home,160.0,3594.11,319.0,248,0,0.0,3,7,4
2025-08-01,P009,Home,148.0,3594.11,208.0,248,0,0.0,4,8,4
2025-08-02,P009,Home,208.0,3594.11,564.0,248,0,0.0,5,8,4
2025-08-03,P009,Home,211.0,3594.11,405.0,248,0,0.0,6,8,4
2025-08-04,P009,Home,163.0,3594.11,382.0,248,0,0.0,0,8,4
2025-08-05,P009,Home,138.0,3594.11,266.0,248,0,0.0,1,8,4
2025-08-06,P009,Home,141.0,3594.11,278.0,248,0,0.0,2,8,4
2025-08-07,P009,Home,144.0,3594.11,317.0,248,0,0.0,3,8,4
2025-08-08,P009,Home,139.0,3594.11,269.0,248,0,0.0,4,8,4
2025-08-09,P009,Home,204.0,3594.11,234.0,248,0,0.0,5,8,4
2025-08-10,P009,Home,338.0,2628.53,872.0,248,1,0.27,6,8,4
2025-08-11,P009,Home,146.0,3594.11,166.0,248,0,0.0,0,8,4
2025-08-12,P009,Home,147.0,3594.11,378.0,248,0,0.0,1,8,4
2025-08-13,P009,Home,140.0,3594.11,368.0,248,0,0.0,2,8,4
2025-08-14,P009,Home,141.0,3594.11,295.0,248,0,0.0,3,8,4
2025-08-15,P009,Home,131.0,3594.11,220.0,248,0,0.0,4,8,4
2025-08-16,P009,Home,367.0,2629.0,794.0,248,1,0.27,5,8,4
2025-08-17,P009,Home,212.0,3594.11,340.0,248,0,0.0,6,8,4
2025-08-18,P009,Home,154.0,3594.11,298.0,248,0,0.0,0,8,4
2025-08-19,P009,Home,160.0,3594.11,388.0,248,0,0.0,1,8,4
2025-08-20,P009,Home,139.0,3594.11,266.0,248,0,0.0,2,8,4
2025-08-21,P009,Home,167.0,3594.11,445.0,248,0,0.0,3,8,4
2025-08-22,P009,Home,153.0,3594.11,293.0,248,0,0.0,4,8,4
2025-08-23,P009,Home,215.0,3594.11,585.0,248,0,0.0,5,8,4
2025-08-24,P009,Home,190.0,3594.11,284.0,248,0,0.0,6,8,4
2025-08-25,P009,Home,124.0,3594.11,267.0,248,0,0.0,0,8,4
2025-08-26,P009,Home,140.0,3594.11,347.0,248,0,0.0,1,8,4
2025-08-27,P009,Home,202.0,3003.53,240.0,248,1,0.16,2,8,4
2025-08-28,P009,Home,165.0,3594.11,422.0,248,0,0.0,3,8,4
2025-08-29,P009,Home,186.0,3594.11,374.0,248,0,0.0,4,8,4
2025-08-30,P009,Home,216.0,3594.11,527.0,248,0,0.0,5,8,4
2025-08-31,P009,Home,218.0,3594.11,280.0,248,0,0.0,6,8,4
2025-09-01,P009,Home,129.0,3594.11,319.0,248,0,0.0,0,9,4
2025-09-02,P009,Home,146.0,3594.11,317.0,248,0,0.0,1,9,4
2025-09-03,P009,Home,130.0,3594.11,257.0,248,0,0.0,2,9,4
2025-09-04,P009,Home,149.0,3594.11,218.0,248,0,0.0,3,9,4
2025-09-05,P009,Home,131.0,3594.11,313.0,248,0,0.0,4,9,4
2025-09-06,P009,Home,233.0,3594.11,408.0,248,0,0.0,5,9,4
2025-09-07,P009,Home,227.0,3594.11,410.0,248,0,0.0,6,9,4
2025-09-08,P009,Home,133.0,3594.11,258.0,248,0,0.0,0,9,4
2025-09-09,P009,Home,122.0,3594.11,209.0,248,0,0.0,1,9,4
2025-09-10,P009,Home,141.0,3594.11,324.0,248,0,0.0,2,9,4
2025-09-11,P009,Home,149.0,3594.11,200.0,248,0,0.0,3,9,4
2025-09-12,P009,Home,171.0,3594.11,418.0,248,0,0.0,4,9,4
2025-09-13,P009,Home,221.0,3594.11,408.0,248,0,0.0,5,9,4
2025-09-14,P009,Home,212.0,3594.11,480.0,248,0,0.0,6,9,4
2025-09-15,P009,Home,150.0,3594.11,314.0,248,0,0.0,0,9,4
2025-09-16,P009,Home,229.0,2696.94,332.0,248,1,0.25,1,9,4
2025-09-17,P009,Home,139.0,3594.11,181.0,248,0,0.0,2,9,4
2025-09-18,P009,Home,150.0,3594.11,192.0,248,0,0.0,3,9,4
2025-09-19,P009,Home,138.0,3594.11,158.0,248,0,0.0,4,9,4
2025-09-20,P009,Home,223.0,3594.11,469.0,248,0,0.0,5,9,4
2025-09-21,P009,Home,226.0,3594.11,577.0,248,0,0.0,6,9,4
2025-09-22,P009,Home,151.0,3594.11,328.0,248,0,0.0,0,9,4
2025-09-23,P009,Home,152.0,3594.11,338.0,248,0,0.0,1,9,4
2025-09-24,P009,Home,158.0,3594.11,361.0,248,0,0.0,2,9,4
2025-09-25,P009,Home,145.0,3594.11,404.0,248,0,0.0,3,9,4
2025-09-26,P009,Home,142.0,3594.11,221.0,248,0,0.0,4,9,4
2025-09-27,P009,Home,195.0,3594.11,424.0,248,0,0.0,5,9,4
2025-09-28,P009,Home,205.0,3594.11,459.0,248,0,0.0,6,9,4
2025-09-29,P009,Home,139.0,3594.11,354.0,248,0,0.0,0,9,4
2025-09-30,P009,Home,138.0,3594.11,205.0,248,0,0.0,1,9,4
2025-10-01,P009,Home,232.0,3594.11,575.0,248,0,0.0,2,10,4
2025-10-02,P009,Home,242.0,3594.11,666.0,248,0,0.0,3,10,4
2025-10-03,P009,Home,258.0,3594.11,384.0,248,0,0.0,4,10,4
2025-10-04,P009,Home,333.0,3594.11,764.0,248,0,0.0,5,10,4
2025-10-05,P009,Home,337.0,3594.11,578.0,248,0,0.0,6,10,4
2025-10-06,P009,Home,224.0,3594.11,417.0,248,0,0.0,0,10,4
2025-10-07,P009,Home,238.0,3594.11,652.0,248,0,0.0,1,10,4
2025-10-08,P009,Home,235.0,3594.11,274.0,248,0,0.0,2,10,4
2025-10-09,P009,Home,231.0,3594.11,384.0,248,0,0.0,3,10,4
2025-10-10,P009,Home,236.0,3594.11,554.0,248,0,0.0,4,10,4
2025-10-11,P009,Home,349.0,3594.11,932.0,248,0,0.0,5,10,4
2025-10-12,P009,Home,334.0,3594.11,720.0,248,0,0.0,6,10,4
2025-10-13,P009,Home,228.0,3594.11,266.0,248,0,0.0,0,10,4
2025-10-14,P009,Home,210.0,3594.11,543.0,248,0,0.0,1,10,4
2025-10-15,P009,Home,226.0,3594.11,262.0,248,0,0.0,2,10,4
2025-10-16,P009,Home,213.0,3594.11,549.0,248,0,0.0,3,10,4
2025-10-17,P009,Home,228.0,3594.11,386.0,248,0,0.0,4,10,4
2025-10-18,P009,Home,340.0,3594.11,939.0,248,0,0.0,5,10,4
2025-10-19,P009,Home,329.0,3594.11,474.0,248,0,0.0,6,10,4
2025-10-20,P009,Home,232.0,3594.11,547.0,248,0,0.0,0,10,4
2025-10-21,P009,Home,239.0,3594.11,541.0,248,0,0.0,1,10,4
2025-10-22,P009,Home,239.0,3594.11,382.0,248,0,0.0,2,10,4
2025-10-23,P009,Home,219.0,3594.11,589.0,248,0,0.0,3,10,4
2025-10-24,P009,Home,214.0,3594.11,271.0,248,0,0.0,4,10,4
2025-10-25,P009,Home,346.0,3594.11,589.0,248,0,0.0,5,10,4
2025-10-26,P009,Home,,3594.11,,248,0,0.0,6,10,4
2025-10-27,P009,Home,240.0,3594.11,627.0,248,0,0.0,0,10,4
2025-10-28,P009,Home,229.0,3594.11,288.0,248,0,0.0,1,10,4
2025-10-29,P009,Home,220.0,3594.11,442.0,248,0,0.0,2,10,4
2025-10-30,P009,Home,221.0,3594.11,498.0,248,0,0.0,3,10,4
2025-10-31,P009,Home,235.0,3594.11,615.0,248,0,0.0,4,10,4
2025-11-01,P009,Home,312.0,3594.11,722.0,248,0,0.0,5,11,4
2025-11-02,P009,Home,324.0,3594.11,692.0,248,0,0.0,6,11,4
2025-11-03,P009,Home,222.0,3594.11,521.0,248,0,0.0,0,11,4
2025-11-04,P009,Home,227.0,3594.11,430.0,248,0,0.0,1,11,4
2025-11-05,P009,Home,436.0,2203.92,969.0,248,1,0.39,2,11,4
2025-11-06,P009,Home,225.0,3594.11,417.0,248,0,0.0,3,11,4
2025-11-07,P009,Home,229.0,3594.11,292.0,248,0,0.0,4,11,4
2025-11-08,P009,Home,353.0,3594.11,741.0,248,0,0.0,5,11,4
2025-11-09,P009,Home,319.0,3594.11,396.0,248,0,0.0,6,11,4
2025-11-10,P009,Home,232.0,3594.11,615.0,248,0,0.0,0,11,4
2025-11-11,P009,Home,233.0,3594.11,337.0,248,0,0.0,1,11,4
2025-11-12,P009,Home,371.0,2501.55,704.0,248,1,0.3,2,11,4
2025-11-13,P009,Home,225.0,3594.11,505.0,248,0,0.0,3,11,4
2025-11-14,P009,Home,233.0,3594.11,578.0,248,0,0.0,4,11,4
2025-11-15,P009,Home,345.0,3594.11,878.0,248,0,0.0,5,11,4
2025-11-16,P009,Home,339.0,3594.11,727.0,248,0,0.0,6,11,4
2025-11-17,P009,Home,212.0,3594.11,367.0,248,0,0.0,0,11,4
2025-11-18,P009,Home,235.0,3594.11,441.0,248,0,0.0,1,11,4
2025-11-19,P009,Home,248.0,3594.11,380.0,248,0,0.0,2,11,4
2025-11-20,P009,Home,235.0,3594.11,294.0,248,0,0.0,3,11,4
2025-11-21,P009,Home,220.0,3594.11,255.0,248,0,0.0,4,11,4
2025-11-22,P009,Home,348.0,3594.11,757.0,248,0,0.0,5,11,4
2025-11-23,P009,Home,340.0,3594.11,901.0,248,0,0.0,6,11,4
2025-11-24,P009,Home,228.0,3594.11,539.0,248,0,0.0,0,11,4
2025-11-25,P009,Home,242.0,3594.11,430.0,248,0,0.0,1,11,4
