src/data/raw/ecommerce_inventory_demand.csv
date,product_id,product_category,units_sold,unit_price,stock_on_hand,reorder_point,is_promotion,discount_pct,day_of_week,month,supplier_lead_days
2025-02-04,P011,Sports,211.0,1640.14,419.0,502,1,0.32,1,2,7
2025-02-05,P011,Sports,128.0,2425.31,296.0,502,0,0.0,2,2,7
2025-02-06,P011,Sports,119.0,2425.31,206.0,502,0,0.0,3,2,7
2025-02-07,P011,Sports,132.0,2425.31,316.0,502,0,0.0,4,2,7
2025-02-08,P011,Sports,184.0,2425.31,364.0,502,0,0.0,5,2,7
2025-02-09,P011,Sports,208.0,2425.31,261.0,502,0,0.0,6,2,7
2025-02-10,P011,Sports,154.0,2425.31,188.0,502,0,0.0,0,2,7
2025-02-11,P011,Sports,144.0,2425.31,186.0,502,0,0.0,1,2,7
2025-02-12,P011,Sports,113.0,2425.31,279.0,502,0,0.0,2,2,7
2025-02-13,P011,Sports,124.0,2425.31,318.0,502,0,0.0,3,2,7
2025-02-14,P011,Sports,160.0,2425.31,385.0,502,0,0.0,4,2,7
2025-02-15,P011,Sports,176.0,2425.31,375.0,502,0,0.0,5,2,7
2025-02-16,P011,Sports,177.0,2425.31,289.0,502,0,0.0,6,2,7
2025-02-17,P011,Sports,132.0,2425.31,225.0,502,0,0.0,0,2,7
2025-02-18,P011,Sports,88.0,2425.31,173.0,502,0,0.0,1,2,7
2025-02-19,P011,Sports,123.0,2425.31,189.0,502,0,0.0,2,2,7
2025-02-20,P011,Sports,127.0,2425.31,198.0,502,0,0.0,3,2,7
2025-02-21,P011,Sports,131.0,2425.31,215.0,502,0,0.0,4,2,7
2025-02-22,P011,Sports,147.0,2425.31,383.0,502,0,0.0,5,2,7
2025-02-23,P011,Sports,185.0,2425.31,447.0,502,0,0.0,6,2,7
2025-02-24,P011,Sports,122.0,2425.31,148.0,502,0,0.0,0,2,7
2025-02-25,P011,Sports,190.0,1838.87,286.0,502,1,0.24,1,2,7
2025-02-26,P011,Sports,220.0,1675.99,557.0,502,1,0.31,2,2,7
2025-02-27,P011,Sports,114.0,2425.31,267.0,502,0,0.0,3,2,7
2025-02-28,P011,Sports,134.0,2425.31,271.0,502,0,0.0,4,2,7
2025-03-01,P011,Sports,255.0,2425.31,586.0,502,0,0.0,5,3,7
2025-03-02,P011,Sports,229.0,2425.31,319.0,502,0,0.0,6,3,7
2025-03-03,P011,Sports,137.0,2425.31,265.0,502,0,0.0,0,3,7
2025-03-04,P011,Sports,333.0,1372.88,708.0,502,1,0.43,1,3,7
2025-03-05,P011,Sports,178.0,2425.31,422.0,502,0,0.0,2,3,7
2025-03-06,P011,Sports,162.0,2425.31,368.0,502,0,0.0,3,3,7
2025-03-07,P011,Sports,167.0,2425.31,395.0,502,0,0.0,4,3,7
2025-03-08,P011,Sports,252.0,2425.31,370.0,502,0,0.0,5,3,7
2025-03-09,P011,Sports,245.0,2425.31,295.0,502,0,0.0,6,3,7
2025-03-10,P011,Sports,139.0,2425.31,358.0,502,0,0.0,0,3,7
2025-03-11,P011,Sports,155.0,2425.31,197.0,502,0,0.0,1,3,7
2025-03-12,P011,Sports,155.0,2425.31,259.0,502,0,0.0,2,3,7
2025-03-13,P011,Sports,162.0,2425.31,426.0,502,0,0.0,3,3,7
2025-03-14,P011,Sports,179.0,2425.31,216.0,502,0,0.0,4,3,7
2025-03-15,P011,Sports,215.0,2425.31,332.0,502,0,0.0,5,3,7
2025-03-16,P011,Sports,230.0,2425.31,564.0,502,0,0.0,6,3,7
2025-03-17,P011,Sports,176.0,2425.31,436.0,502,0,0.0,0,3,7
2025-03-18,P011,Sports,170.0,2425.31,312.0,502,0,0.0,1,3,7
2025-03-19,P011,Sports,166.0,2425.31,228.0,502,0,0.0,2,3,7
2025-03-20,P011,Sports,188.0,2425.31,399.0,502,0,0.0,3,3,7
2025-03-21,P011,Sports,126.0,2425.31,352.0,502,0,0.0,4,3,7
2025-03-22,P011,Sports,239.0,2425.31,475.0,502,0,0.0,5,3,7
2025-03-23,P011,Sports,256.0,2425.31,674.0,502,0,0.0,6,3,7
2025-03-24,P011,Sports,168.0,2425.31,362.0,502,0,0.0,0,3,7
2025-03-25,P011,Sports,159.0,2425.31,395.0,502,0,0.0,1,3,7
2025-03-26,P011,Sports,170.0,2425.31,192.0,502,0,0.0,2,3,7
2025-03-27,P011,Sports,172.0,2425.31,318.0,502,0,0.0,3,3,7
2025-03-28,P011,Sports,182.0,2425.31,305.0,502,0,0.0,4,3,7
2025-03-29,P011,Sports,240.0,2425.31,586.0,502,0,0.0,5,3,7
2025-03-30,P011,Sports,243.0,2425.31,304.0,502,0,0.0,6,3,7
2025-03-31,P011,Sports,173.0,2425.31,448.0,502,0,0.0,0,3,7
2025-04-01,P011,Sports,234.0,1840.54,330.0,502,1,0.24,1,4,7
2025-04-02,P011,Sports,162.0,2425.31,310.0,502,0,0.0,2,4,7
2025-04-03,P011,Sports,151.0,2425.31,174.0,502,0,0.0,3,4,7
2025-04-04,P011,Sports,176.0,2425.31,295.0,502,0,0.0,4,4,7
2025-04-05,P011,Sports,221.0,2425.31,363.0,502,0,0.0,5,4,7
2025-04-06,P011,Sports,250.0,2425.31,500.0,502,0,0.0,6,4,7
2025-04-07,P011,Sports,160.0,2425.31,206.0,502,0,0.0,0,4,7
2025-04-08,P011,Sports,162.0,2425.31,198.0,502,0,0.0,1,4,7
2025-04-09,P011,Sports,144.0,2425.31,169.0,502,0,0.0,2,4,7
2025-04-10,P011,Sports,171.0,2425.31,394.0,502,0,0.0,3,4,7
2025-04-11,P011,Sports,151.0,2425.31,399.0,502,0,0.0,4,4,7
2025-04-12,P011,Sports,435.0,1504.32,793.0,502,1,0.38,5,4,7
2025-04-13,P011,Sports,232.0,2425.31,549.0,502,0,0.0,6,4,7
2025-04-14,P011,Sports,192.0,2425.31,350.0,502,0,0.0,0,4,7
2025-04-15,P011,Sports,149.0,2425.31,270.0,502,0,0.0,1,4,7
2025-04-16,P011,Sports,191.0,2425.31,434.0,502,0,0.0,2,4,7
2025-04-17,P011,Sports,147.0,2425.31,358.0,502,0,0.0,3,4,7
2025-04-18,P011,Sports,164.0,2425.31,321.0,502,0,0.0,4,4,7
2025-04-19,P011,Sports,221.0,2425.31,432.0,502,0,0.0,5,4,7
2025-04-20,P011,Sports,244.0,2425.31,577.0,502,0,0.0,6,4,7
2025-04-21,P011,Sports,190.0,2425.31,345.0,502,0,0.0,0,4,7
2025-04-22,P011,Sports,147.0,2425.31,209.0,502,0,0.0,1,4,7
2025-04-23,P011,Sports,163.0,2425.31,352.0,502,0,0.0,2,4,7
2025-04-24,P011,Sports,160.0,2425.31,401.0,502,0,0.0,3,4,7
2025-04-25,P011,Sports,175.0,2425.31,341.0,502,0,0.0,4,4,7
2025-04-26,P011,Sports,241.0,2425.31,505.0,502,0,0.0,5,4,7
2025-04-27,P011,Sports,230.0,2425.31,525.0,502,0,0.0,6,4,7
2025-04-28,P011,Sports,164.0,2425.31,335.0,502,0,0.0,0,4,7
2025-04-29,P011,Sports,173.0,2425.31,274.0,502,0,0.0,1,4,7
2025-04-30,P011,Sports,151.0,2425.31,178.0,502,0,0.0,2,4,7
2025-05-01,P011,Sports,159.0,2425.31,242.0,502,0,0.0,3,5,7
2025-05-02,P011,Sports,162.0,2425.31,266.0,502,0,0.0,4,5,7
2025-05-03,P011,Sports,241.0,2425.31,532.0,502,0,0.0,5,5,7
2025-05-04,P011,Sports,223.0,2425.31,331.0,502,0,0.0,6,5,7
2025-05-05,P011,Sports,145.0,2425.31,272.0,502,0,0.0,0,5,7
2025-05-06,P011,Sports,175.0,2425.31,281.0,502,0,0.0,1,5,7
2025-05-07,P011,Sports,167.0,2425.31,287.0,502,0,0.0,2,5,7
2025-05-08,P011,Sports,170.0,2425.31,420.0,502,0,0.0,3,5,7
2025-05-09,P011,Sports,160.0,2425.31,412.0,502,0,0.0,4,5,7
2025-05-10,P011,Sports,357.0,1831.74,958.0,502,1,0.24,5,5,7
2025-05-11,P011,Sports,219.0,2425.31,323.0,502,0,0.0,6,5,7
2025-05-12,P011,Sports,164.0,2425.31,194.0,502,0,0.0,0,5,7
2025-05-13,P011,Sports,185.0,2425.31,456.0,502,0,0.0,1,5,7
2025-05-14,P011,Sports,182.0,2425.31,446.0,502,0,0.0,2,5,7
2025-05-15,P011,Sports,163.0,2425.31,219.0,502,0,0.0,3,5,7
2025-05-16,P011,Sports,156.0,2425.31,379.0,502,0,0.0,4,5,7
2025-05-17,P011,Sports,224.0,2425.31,264.0,502,0,0.0,5,5,7
2025-05-18,P011,Sports,247.0,2425.31,621.0,502,0,0.0,6,5,7
2025-05-19,P011,Sports,159.0,2425.31,438.0,502,0,0.0,0,5,7
2025-05-20,P011,Sports,187.0,2425.31,403.0,502,0,0.0,1,5,7
2025-05-21,P011,Sports,151.0,2425.31,184.0,502,0,0.0,2,5,7
2025-05-22,P011,Sports,191.0,2425.31,449.0,502,0,0.0,3,5,7
2025-05-23,P011,Sports,172.0,2425.31,193.0,502,0,0.0,4,5,7
2025-05-24,P011,Sports,251.0,2425.31,633.0,502,0,0.0,5,5,7
2025-05-25,P011,Sports,255.0,2425.31,618.0,502,0,0.0,6,5,7
2025-05-26,P011,Sports,155.0,2425.31,309.0,502,0,0.0,0,5,7
2025-05-27,P011,Sports,158.0,2425.31,276.0,502,0,0.0,1,5,7
2025-05-28,P011,Sports,182.0,2425.31,336.0,502,0,0.0,2,5,7
2025-05-29,P011,Sports,169.0,2425.31,434.0,502,0,0.0,3,5,7
2025-05-30,P011,Sports,204.0,2425.31,246.0,502,0,0.0,4,5,7
2025-05-31,P011,Sports,217.0,2425.31,359.0,502,0,0.0,5,5,7
2025-06-01,P011,Sports,258.0,2425.31,544.0,502,0,0.0,6,6,7
2025-06-02,P011,Sports,155.0,2425.31,259.0,502,0,0.0,0,6,7
2025-06-03,P011,Sports,177.0,2425.31,263.0,502,0,0.0,1,6,7
2025-06-04,P011,Sports,147.0,2425.31,377.0,502,0,0.0,2,6,7
2025-06-05,P011,Sports,174.0,2425.31,315.0,502,0,0.0,3,6,7
2025-06-06,P011,Sports,174.0,2425.31,461.0,502,0,0.0,4,6,7
2025-06-07,P011,Sports,250.0,2425.31,576.0,502,0,0.0,5,6,7
2025-06-08,P011,Sports,235.0,2425.31,274.0,502,0,0.0,6,6,7
2025-06-09,P011,Sports,176.0,2425.31,303.0,502,0,0.0,0,6,7
2025-06-10,P011,Sports,183.0,2425.31,279.0,502,0,0.0,1,6,7
2025-06-11,P011,Sports,167.0,2425.31,285.0,502,0,0.0,2,6,7
2025-06-12,P011,Sports,293.0,1492.77,625.0,502,1,0.38,3,6,7
2025-06-13,P011,Sports,170.0,2425.31,446.0,502,0,0.0,4,6,7
2025-06-14,P011,Sports,232.0,2425.31,490.0,502,0,0.0,5,6,7
2025-06-15,P011,Sports,236.0,2425.31,520.0,502,0,0.0,6,6,7
2025-06-16,P011,Sports,181.0,2425.31,432.0,502,0,0.0,0,6,7
2025-06-17,P011,Sports,271.0,1660.49,750.0,502,1,0.32,1,6,7
2025-06-18,P011,Sports,155.0,2425.31,320.0,502,0,0.0,2,6,7
2025-06-19,P011,Sports,163.0,2425.31,441.0,502,0,0.0,3,6,7
2025-06-20,P011,Sports,152.0,2425.31,322.0,502,0,0.0,4,6,7
2025-06-21,P011,Sports,223.0,2425.31,419.0,502,0,0.0,5,6,7
2025-06-22,P011,Sports,219.0,2425.31,354.0,502,0,0.0,6,6,7
2025-06-23,P011,Sports,158.0,2425.31,209.0,502,0,0.0,0,6,7
2025-06-24,P011,Sports,,2425.31,,502,0,0.0,1,6,7
2025-06-25,P011,Sports,175.0,2425.31,316.0,502,0,0.0,2,6,7
2025-06-26,P011,Sports,137.0,2425.31,286.0,502,0,0.0,3,6,7
2025-06-27,P011,Sports,140.0,2425.31,349.0,502,0,0.0,4,6,7
2025-06-28,P011,Sports,226.0,2425.31,487.0,502,0,0.0,5,6,7
2025-06-29,P011,Sports,227.0,2425.31,471.0,502,0,0.0,6,6,7
2025-06-30,P011,Sports,163.0,2425.31,254.0,502,0,0.0,0,6,7
2025-07-01,P011,Sports,159.0,2425.31,292.0,502,0,0.0,1,7,7
2025-07-02,P011,Sports,181.0,2425.31,425.0,502,0,0.0,2,7,7
2025-07-03,P011,Sports,160.0,2425.31,368.0,502,0,0.0,3,7,7
2025-07-04,P011,Sports,176.0,2425.31,404.0,502,0,0.0,4,7,7
2025-07-05,P011,Sports,240.0,2425.31,559.0,502,0,0.0,5,7,7
2025-07-06,P011,Sports,275.0,2425.31,673.0,502,0,0.0,6,7,7
2025-07-07,P011,Sports,165.0,2425.31,271.0,502,0,0.0,0,7,7
2025-07-08,P011,Sports,170.0,2425.31,454.0,502,0,0.0,1,7,7
2025-07-09,P011,Sports,183.0,2425.31,214.0,502,0,0.0,2,7,7
2025-07-10,P011,Sports,217.0,2056.11,550.0,502,1,0.15,3,7,7
2025-07-11,P011,Sports,176.0,2425.31,282.0,502,0,0.0,4,7,7
2025-07-12,P011,Sports,233.0,2425.31,521.0,502,0,0.0,5,7,7
2025-07-13,P011,Sports,230.0,2425.31,288.0,502,0,0.0,6,7,7
2025-07-14,P011,Sports,176.0,2425.31,483.0,502,0,0.0,0,7,7
2025-07-15,P011,Sports,165.0,2425.31,356.0,502,0,0.0,1,7,7
2025-07-16,P011,Sports,167.0,2425.31,309.0,502,0,0.0,2,7,7
2025-07-17,P011,Sports,148.0,2425.31,253.0,502,0,0.0,3,7,7
2025-07-18,P011,Sports,320.0,1348.71,614.0,502,1,0.44,4,7,7
2025-07-19,P011,Sports,234.0,2425.31,303.0,502,0,0.0,5,7,7
2025-07-20,P011,Sports,240.0,2425.31,503.0,502,0,0.0,6,7,7
2025-07-21,P011,Sports,156.0,2425.31,262.0,502,0,0.0,0,7,7
2025-07-22,P011,Sports,183.0,2425.31,306.0,502,0,0.0,1,7,7
2025-07-23,P011,Sports,164.0,2425.31,244.0,502,0,0.0,2,7,7
2025-07-24,P011,Sports,187.0,2425.31,334.0,502,0,0.0,3,7,7
2025-07-25,P011,Sports,294.0,1622.85,539.0,502,1,0.33,4,7,7
2025-07-26,P011,Sports,241.0,2425.31,557.0,502,0,0.0,5,7,7
2025-07-27,P011,Sports,231.0,2425.31,335.0,502,0,0.0,6,7,7
2025-07-28,P011,Sports,172.0,2425.31,379.0,502,0,0.0,0,7,7
2025-07-29,P011,Sports,150.0,2425.31,244.0,502,0,0.0,1,7,7
2025-07-30,P011,Sports,164.0,2425.31,395.0,502,0,0.0,2,7,7
2025-07-31,P011,Sports,172.0,2425.31,428.0,502,0,0.0,3,7,7
2025-08-01,P011,Sports,164.0,2425.31,342.0,502,0,0.0,4,8,7
2025-08-02,P011,Sports,252.0,2425.31,458.0,502,0,0.0,5,8,7
2025-08-03,P011,Sports,238.0,2425.31,565.0,502,0,0.0,6,8,7
2025-08-04,P011,Sports,157.0,2425.31,430.0,502,0,0.0,0,8,7
2025-08-05,P011,Sports,293.0,1632.26,773.0,502,1,0.33,1,8,7
2025-08-06,P011,Sports,174.0,2425.31,334.0,502,0,0.0,2,8,7
2025-08-07,P011,Sports,300.0,1652.64,678.0,502,1,0.32,3,8,7
2025-08-08,P011,Sports,158.0,2425.31,211.0,502,0,0.0,4,8,7
2025-08-09,P011,Sports,414.0,1667.64,934.0,502,1,0.31,5,8,7
2025-08-10,P011,Sports,260.0,2425.31,424.0,502,0,0.0,6,8,7
2025-08-11,P011,Sports,173.0,2425.31,420.0,502,0,0.0,0,8,7
2025-08-12,P011,Sports,166.0,2425.31,385.0,502,0,0.0,1,8,7
2025-08-13,P011,Sports,155.0,2425.31,289.0,502,0,0.0,2,8,7
2025-08-14,P011,Sports,148.0,2425.31,257.0,502,0,0.0,3,8,7
2025-08-15,P011,Sports,207.0,2425.31,400.0,502,0,0.0,4,8,7
2025-08-16,P011,Sports,260.0,2425.31,364.0,502,0,0.0,5,8,7
2025-08-17,P011,Sports,249.0,2425.31,634.0,502,0,0.0,6,8,7
2025-08-18,P011,Sports,164.0,2425.31,372.0,502,0,0.0,0,8,7
2025-08-19,P011,Sports,168.0,2425.31,288.0,502,0,0.0,1,8,7
2025-08-20,P011,Sports,161.0,2425.31,349.0,502,0,0.0,2,8,7
2025-08-21,P011,Sports,159.0,2425.31,293.0,502,0,0.0,3,8,7
2025-08-22,P011,Sports,155.0,2425.31,403.0,502,0,0.0,4,8,7
2025-08-23,P011,Sports,229.0,2425.31,614.0,502,0,0.0,5,8,7
2025-08-24,P011,Sports,264.0,2425.31,713.0,502,0,0.0,6,8,7
2025-08-25,P011,Sports,177.0,2425.31,235.0,502,0,0.0,0,8,7
2025-08-26,P011,Sports,171.0,2425.31,290.0,502,0,0.0,1,8,7
2025-08-27,P011,Sports,161.0,2425.31,191.0,502,0,0.0,2,8,7
2025-08-28,P011,Sports,155.0,2425.31,391.0,502,0,0.0,3,8,7
2025-08-29,P011,Sports,273.0,1844.18,396.0,502,1,0.24,4,8,7
2025-08-30,P011,Sports,259.0,2425.31,345.0,502,0,0.0,5,8,7
2025-08-31,P011,Sports,232.0,2425.31,467.0,502,0,0.0,6,8,7
2025-09-01,P011,Sports,157.0,2425.31,430.0,502,0,0.0,0,9,7
2025-09-02,P011,Sports,163.0,2425.31,283.0,502,0,0.0,1,9,7
2025-09-03,P011,Sports,277.0,1769.7,439.0,502,1,0.27,2,9,7
2025-09-04,P011,Sports,159.0,2425.31,284.0,502,0,0.0,3,9,7
2025-09-05,P011,Sports,234.0,1863.21,447.0,502,1,0.23,4,9,7
2025-09-06,P011,Sports,244.0,2425.31,399.0,502,0,0.0,5,9,7
2025-09-07,P011,Sports,216.0,2425.31,359.0,502,0,0.0,6,9,7
2025-09-08,P011,Sports,151.0,2425.31,336.0,502,0,0.0,0,9,7
2025-09-09,P011,Sports,186.0,2425.31,483.0,502,0,0.0,1,9,7
2025-09-10,P011,Sports,176.0,2425.31,487.0,502,0,0.0,2,9,7
2025-09-11,P011,Sports,162.0,2425.31,324.0,502,0,0.0,3,9,7
2025-09-12,P011,Sports,141.0,2425.31,278.0,502,0,0.0,4,9,7
2025-09-13,P011,Sports,246.0,2425.31,316.0,502,0,0.0,5,9,7
2025-09-14,P011,Sports,239.0,2425.31,401.0,502,0,0.0,6,9,7
2025-09-15,P011,Sports,184.0,2425.31,214.0,502,0,0.0,0,9,7
2025-09-16,P011,Sports,153.0,2425.31,298.0,502,0,0.0,1,9,7
2025-09-17,P011,Sports,175.0,2425.31,332.0,502,0,0.0,2,9,7
2025-09-18,P011,Sports,170.0,2425.31,197.0,502,0,0.0,3,9,7
2025-09-19,P011,Sports,135.0,2425.31,347.0,502,0,0.0,4,9,7
2025-09-20,P011,Sports,228.0,2425.31,433.0,502,0,0.0,5,9,7
2025-09-21,P011,Sports,233.0,2425.31,372.0,502,0,0.0,6,9,7
2025-09-22,P011,Sports,146.0,2425.31,386.0,502,0,0.0,0,9,7
2025-09-23,P011,Sports,165.0,2425.31,287.0,502,0,0.0,1,9,7
2025-09-24,P011,Sports,188.0,2425.31,282.0,502,0,0.0,2,9,7
2025-09-25,P011,Sports,162.0,2425.31,353.0,502,0,0.0,3,9,7
2025-09-26,P011,Sports,152.0,2425.31,423.0,502,0,0.0,4,9,7
2025-09-27,P011,Sports,245.0,2425.31,565.0,502,0,0.0,5,9,7
2025-09-28,P011,Sports,249.0,2425.31,330.0,502,0,0.0,6,9,7
2025-09-29,P011,Sports,155.0,2425.31,228.0,502,0,0.0,0,9,7
2025-09-30,P011,Sports,142.0,2425.31,345.0,502,0,0.0,1,9,7
2025-10-01,P011,Sports,269.0,2425.31,609.0,502,0,0.0,2,10,7
2025-10-02,P011,Sports,,2425.31,,502,0,0.0,3,10,7
2025-10-03,P011,Sports,256.0,2425.31,359.0,502,0,0.0,4,10,7
2025-10-04,P011,Sports,369.0,2425.31,688.0,502,0,0.0,5,10,7
2025-10-05,P011,Sports,,2425.31,,502,0,0.0,6,10,7
2025-10-06,P011,Sports,261.0,2425.31,420.0,502,0,0.0,0,10,7
2025-10-07,P011,Sports,243.0,2425.31,649.0,502,0,0.0,1,10,7
2025-10-08,P011,Sports,519.0,1431.84,1423.0,502,1,0.41,2,10,7
2025-10-09,P011,Sports,258.0,2425.31,719.0,502,0,0.0,3,10,7
2025-10-10,P011,Sports,258.0,2425.31,375.0,502,0,0.0,4,10,7
2025-10-11,P011,Sports,374.0,2425.31,630.0,502,0,0.0,5,10,7
2025-10-12,P011,Sports,367.0,2425.31,588.0,502,0,0.0,6,10,7
2025-10-13,P011,Sports,256.0,2425.31,690.0,502,0,0.0,0,10,7
2025-10-14,P011,Sports,257.0,2425.31,396.0,502,0,0.0,1,10,7
2025-10-15,P011,Sports,233.0,2425.31,640.0,502,0,0.0,2,10,7
2025-10-16,P011,Sports,259.0,2425.31,673.0,502,0,0.0,3,10,7
2025-10-17,P011,Sports,221.0,2425.31,410.0,502,0,0.0,4,10,7
2025-10-18,P011,Sports,404.0,2425.31,492.0,502,0,0.0,5,10,7
2025-10-19,P011,Sports,376.0,2425.31,621.0,502,0,0.0,6,10,7
2025-10-20,P011,Sports,260.0,2425.31,425.0,502,0,0.0,0,10,7
2025-10-21,P011,Sports,252.0,2425.31,491.0,502,0,0.0,1,10,7
2025-10-22,P011,Sports,258.0,2425.31,649.0,502,0,0.0,2,10,7
2025-10-23,P011,Sports,252.0,2425.31,670.0,502,0,0.0,3,10,7
2025-10-24,P011,Sports,265.0,2425.31,391.0,502,0,0.0,4,10,7
2025-10-25,P011,Sports,365.0,2425.31,493.0,502,0,0.0,5,10,7
2025-10-26,P011,Sports,384.0,2425.31,934.0,502,0,0.0,6,10,7
2025-10-27,P011,Sports,261.0,2425.31,336.0,502,0,0.0,0,10,7
2025-10-28,P011,Sports,255.0,2425.31,579.0,502,0,0.0,1,10,7
2025-10-29,P011,Sports,249.0,2425.31,368.0,502,0,0.0,2,10,7
2025-10-30,P011,Sports,240.0,2425.31,640.0,502,0,0.0,3,10,7
2025-10-31,P011,Sports,266.0,2425.31,309.0,502,0,0.0,4,10,7
2025-11-01,P011,Sports,584.0,1854.93,1354.0,502,1,0.24,5,11,7
2025-11-02,P011,Sports,549.0,1985.05,748.0,502,1,0.18,6,11,7
2025-11-03,P011,Sports,455.0,1595.15,1015.0,502,1,0.34,0,11,7
2025-11-04,P011,Sports,265.0,2425.31,738.0,502,0,0.0,1,11,7
2025-11-05,P011,Sports,245.0,2425.31,681.0,502,0,0.0,2,11,7
2025-11-06,P011,Sports,241.0,2425.31,478.0,502,0,0.0,3,11,7
2025-11-07,P011,Sports,259.0,2425.31,431.0,502,0,0.0,4,11,7
2025-11-08,P011,Sports,376.0,2425.31,1018.0,502,0,0.0,5,11,7
2025-11-09,P011,Sports,371.0,2425.31,712.0,502,0,0.0,6,11,7
2025-11-10,P011,Sports,263.0,2425.31,721.0,502,0,0.0,0,11,7
2025-11-11,P011,Sports,260.0,2425.31,450.0,502,0,0.0,1,11,7
2025-11-12,P011,Sports,252.0,2425.31,399.0,502,0,0.0,2,11,7
2025-11-13,P011,Sports,260.0,2425.31,320.0,502,0,0.0,3,11,7
2025-11-14,P011,Sports,247.0,2425.31,552.0,502,0,0.0,4,11,7
2025-11-15,P011,Sports,357.0,2425.31,583.0,502,0,0.0,5,11,7
2025-11-16,P011,Sports,372.0,2425.31,897.0,502,0,0.0,6,11,7
2025-11-17,P011,Sports,258.0,2425.31,316.0,502,0,0.0,0,11,7
2025-11-18,P011,Sports,346.0,1947.61,615.0,502,1,0.2,1,11,7
2025-11-19,P011,Sports,268.0,2425.31,351.0,502,0,0.0,2,11,7
2025-11-20,P011,Sports,234.0,2425.31,541.0,502,0,0.0,3,11,7
2025-11-21,P011,Sports,262.0,2425.31,464.0,502,0,0.0,4,11,7
2025-11-22,P011,Sports,367.0,2425.31,834.0,502,0,0.0,5,11,7
2025-11-23,P011,Sports,367.0,2425.31,571.0,502,0,0.0,6,11,7
2025-11-24,P011,Sports,262.0,2425.31,378.0,502,0,0.0,0,11,7
2025-11-25,P011,Sports,266.0,2425.31,738.0,502,0,0.0,1,11,7
2025-11-26,P011,Sports,240.0,2425.31,574.0,502,0,0.0,2,11,7
2025-11-27,P011,Sports,255.0,2425.31,522.0,502,0,0.0,3,11,7
2025-11-28,P011,Sports,249.0,2425.31,507.0,502,0,0.0,4,11,7
2025-11-29,P011,Sports,391.0,2425.31,721.0,502,0,0.0,5,11,7
2025-11-30,P011,Sports,376.0,2425.31,656.0,502,0,0.0,6,11,7
