src/data/raw/ecommerce_inventory_demand.csv
date,product_id,product_category,units_sold,unit_price,stock_on_hand,reorder_point,is_promotion,discount_pct,day_of_week,month,supplier_lead_days
2025-12-01,P011,Sports,281.0,2425.31,459.0,502,0,0.0,0,12,7
2025-12-02,P011,Sports,270.0,2425.31,413.0,502,0,0.0,1,12,7
2025-12-03,P011,Sports,362.0,2008.68,666.0,502,1,0.17,2,12,7
2025-12-04,P011,Sports,237.0,2425.31,383.0,502,0,0.0,3,12,7
2025-12-05,P011,Sports,247.0,2425.31,637.0,502,0,0.0,4,12,7
2025-12-06,P011,Sports,371.0,2425.31,831.0,502,0,0.0,5,12,7
2025-12-07,P011,Sports,372.0,2425.31,415.0,502,0,0.0,6,12,7
2025-12-08,P011,Sports,234.0,2425.31,447.0,502,0,0.0,0,12,7
2025-12-09,P011,Sports,249.0,2425.31,521.0,502,0,0.0,1,12,7
2025-12-10,P011,Sports,364.0,1963.22,723.0,502,1,0.19,2,12,7
2025-12-11,P011,Sports,267.0,2425.31,585.0,502,0,0.0,3,12,7
2025-12-12,P011,Sports,341.0,2056.82,620.0,502,1,0.15,4,12,7
2025-12-13,P011,Sports,385.0,2425.31,576.0,502,0,0.0,5,12,7
2025-12-14,P011,Sports,353.0,2425.31,887.0,502,0,0.0,6,12,7
2025-12-15,P011,Sports,270.0,2425.31,635.0,502,0,0.0,0,12,7
2025-12-16,P011,Sports,246.0,2425.31,454.0,502,0,0.0,1,12,7
2025-12-17,P011,Sports,242.0,2425.31,519.0,502,0,0.0,2,12,7
2025-12-18,P011,Sports,262.0,2425.31,637.0,502,0,0.0,3,12,7
2025-12-19,P011,Sports,389.0,1958.88,688.0,502,1,0.19,4,12,7
2025-12-20,P011,Sports,393.0,2425.31,613.0,502,0,0.0,5,12,7
2025-12-21,P011,Sports,376.0,2425.31,556.0,502,0,0.0,6,12,7
2025-12-22,P011,Sports,261.0,2425.31,597.0,502,0,0.0,0,12,7
2025-12-23,P011,Sports,257.0,2425.31,554.0,502,0,0.0,1,12,7
2025-12-24,P011,Sports,250.0,2425.31,366.0,502,0,0.0,2,12,7
2025-12-25,P011,Sports,263.0,2425.31,344.0,502,0,0.0,3,12,7
2025-12-26,P011,Sports,256.0,2425.31,597.0,502,0,0.0,4,12,7
2025-12-27,P011,Sports,646.0,1549.45,1632.0,502,1,0.36,5,12,7
2025-12-28,P011,Sports,557.0,1850.63,765.0,502,1,0.24,6,12,7
2025-12-29,P011,Sports,252.0,2425.31,479.0,502,0,0.0,0,12,7
2025-12-30,P011,Sports,261.0,2425.31,371.0,502,0,0.0,1,12,7
2025-12-31,P011,Sports,266.0,2425.31,302.0,502,0,0.0,2,12,7
2026-01-01,P011,Sports,137.0,2425.31,286.0,502,0,0.0,3,1,7
2026-01-02,P011,Sports,127.0,2425.31,176.0,502,0,0.0,4,1,7
2026-01-03,P011,Sports,281.0,1764.45,646.0,502,1,0.27,5,1,7
2026-01-04,P011,Sports,168.0,2425.31,465.0,502,0,0.0,6,1,7
2026-01-05,P011,Sports,127.0,2425.31,204.0,502,0,0.0,0,1,7
2026-01-06,P011,Sports,129.0,2425.31,351.0,502,0,0.0,1,1,7
2026-01-07,P011,Sports,136.0,2425.31,174.0,502,0,0.0,2,1,7
2026-01-08,P011,Sports,111.0,2425.31,272.0,502,0,0.0,3,1,7
2026-01-09,P011,Sports,121.0,2425.31,274.0,502,0,0.0,4,1,7
2026-01-10,P011,Sports,293.0,1839.51,327.0,502,1,0.24,5,1,7
2026-01-11,P011,Sports,176.0,2425.31,477.0,502,0,0.0,6,1,7
2026-01-12,P011,Sports,116.0,2425.31,283.0,502,0,0.0,0,1,7
2026-01-13,P011,Sports,167.0,1968.98,253.0,502,1,0.19,1,1,7
2026-01-14,P011,Sports,104.0,2425.31,287.0,502,0,0.0,2,1,7
2026-01-15,P011,Sports,111.0,2425.31,297.0,502,0,0.0,3,1,7
2026-01-16,P011,Sports,146.0,2425.31,337.0,502,0,0.0,4,1,7
2026-01-17,P011,Sports,169.0,2425.31,329.0,502,0,0.0,5,1,7
2026-01-18,P011,Sports,198.0,2425.31,226.0,502,0,0.0,6,1,7
2026-01-19,P011,Sports,148.0,2425.31,215.0,502,0,0.0,0,1,7
2026-01-20,P011,Sports,137.0,2425.31,347.0,502,0,0.0,1,1,7
2026-01-21,P011,Sports,109.0,2425.31,257.0,502,0,0.0,2,1,7
2026-01-22,P011,Sports,120.0,2425.31,195.0,502,0,0.0,3,1,7
2026-01-23,P011,Sports,117.0,2425.31,289.0,502,0,0.0,4,1,7
2026-01-24,P011,Sports,168.0,2425.31,302.0,502,0,0.0,5,1,7
2026-01-25,P011,Sports,155.0,2425.31,386.0,502,0,0.0,6,1,7
2026-01-26,P011,Sports,124.0,2425.31,162.0,502,0,0.0,0,1,7
2026-01-27,P011,Sports,122.0,2425.31,248.0,502,0,0.0,1,1,7
2026-01-28,P011,Sports,143.0,2425.31,197.0,502,0,0.0,2,1,7
2026-01-29,P011,Sports,132.0,2425.31,175.0,502,0,0.0,3,1,7
2026-01-30,P011,Sports,128.0,2425.31,256.0,502,0,0.0,4,1,7
2026-01-31,P011,Sports,179.0,2425.31,352.0,502,0,0.0,5,1,7
2026-02-01,P011,Sports,160.0,2425.31,356.0,502,0,0.0,6,2,7
2026-02-02,P011,Sports,116.0,2425.31,262.0,502,0,0.0,0,2,7
2026-02-03,P011,Sports,148.0,2022.19,301.0,502,1,0.17,1,2,7
2026-02-04,P011,Sports,125.0,2425.31,273.0,502,0,0.0,2,2,7
2026-02-05,P011,Sports,104.0,2425.31,280.0,502,0,0.0,3,2,7
2026-02-06,P011,Sports,127.0,2425.31,171.0,502,0,0.0,4,2,7
2026-02-07,P011,Sports,171.0,2425.31,350.0,502,0,0.0,5,2,7
2026-02-08,P011,Sports,179.0,2425.31,285.0,502,0,0.0,6,2,7
2026-02-09,P011,Sports,132.0,2425.31,296.0,502,0,0.0,0,2,7
2026-02-10,P011,Sports,94.0,2425.31,237.0,502,0,0.0,1,2,7
2026-02-11,P011,Sports,199.0,2004.54,471.0,502,1,0.17,2,2,7
2026-02-12,P011,Sports,135.0,2425.31,187.0,502,0,0.0,3,2,7
2026-02-13,P011,Sports,125.0,2425.31,220.0,502,0,0.0,4,2,7
2026-02-14,P011,Sports,,2425.31,,502,0,0.0,5,2,7
2026-02-15,P011,Sports,191.0,2425.31,480.0,502,0,0.0,6,2,7
2026-02-16,P011,Sports,111.0,2425.31,150.0,502,0,0.0,0,2,7
2026-02-17,P011,Sports,127.0,2425.31,160.0,502,0,0.0,1,2,7
2026-02-18,P011,Sports,148.0,2425.31,407.0,502,0,0.0,2,2,7
2026-02-19,P011,Sports,126.0,2425.31,331.0,502,0,0.0,3,2,7
2026-02-20,P011,Sports,125.0,2425.31,293.0,502,0,0.0,4,2,7
2026-02-21,P011,Sports,285.0,1798.81,411.0,502,1,0.26,5,2,7
2026-02-22,P011,Sports,166.0,2425.31,227.0,502,0,0.0,6,2,7
2026-02-23,P011,Sports,109.0,2425.31,195.0,502,0,0.0,0,2,7
2026-02-24,P011,Sports,113.0,2425.31,217.0,502,0,0.0,1,2,7
2026-02-25,P011,Sports,106.0,2425.31,261.0,502,0,0.0,2,2,7
2026-02-26,P011,Sports,110.0,2425.31,209.0,502,0,0.0,3,2,7
2026-02-27,P011,Sports,211.0,1551.27,556.0,502,1,0.36,4,2,7
2026-02-28,P011,Sports,232.0,2425.31,403.0,502,0,0.0,5,2,7
2026-03-01,P011,Sports,233.0,2425.31,526.0,502,0,0.0,6,3,7
2026-03-02,P011,Sports,237.0,1964.23,527.0,502,1,0.19,0,3,7
2026-03-03,P011,Sports,177.0,2425.31,367.0,502,0,0.0,1,3,7
2026-03-04,P011,Sports,182.0,2425.31,205.0,502,0,0.0,2,3,7
2026-03-05,P011,Sports,157.0,2425.31,190.0,502,0,0.0,3,3,7
2026-03-06,P011,Sports,187.0,2425.31,381.0,502,0,0.0,4,3,7
2026-03-07,P011,Sports,225.0,2425.31,351.0,502,0,0.0,5,3,7
2026-03-08,P011,Sports,229.0,2425.31,285.0,502,0,0.0,6,3,7
2026-03-09,P011,Sports,156.0,2425.31,200.0,502,0,0.0,0,3,7
2026-03-10,P011,Sports,166.0,2425.31,387.0,502,0,0.0,1,3,7
2026-03-11,P011,Sports,177.0,2425.31,472.0,502,0,0.0,2,3,7
2026-03-12,P011,Sports,180.0,2425.31,293.0,502,0,0.0,3,3,7
2026-03-13,P011,Sports,157.0,2425.31,357.0,502,0,0.0,4,3,7
2026-03-14,P011,Sports,251.0,2425.31,301.0,502,0,0.0,5,3,7
2026-03-15,P011,Sports,235.0,2425.31,451.0,502,0,0.0,6,3,7
2026-03-16,P011,Sports,148.0,2425.31,193.0,502,0,0.0,0,3,7
2026-03-17,P011,Sports,161.0,2425.31,198.0,502,0,0.0,1,3,7
2026-03-18,P011,Sports,162.0,2425.31,191.0,502,0,0.0,2,3,7
2026-03-19,P011,Sports,148.0,2425.31,393.0,502,0,0.0,3,3,7
2026-03-20,P011,Sports,159.0,2425.31,322.0,502,0,0.0,4,3,7
2026-03-21,P011,Sports,402.0,1723.56,1029.0,502,1,0.29,5,3,7
2026-03-22,P011,Sports,252.0,2425.31,639.0,502,0,0.0,6,3,7
2026-03-23,P011,Sports,167.0,2425.31,342.0,502,0,0.0,0,3,7
2026-03-24,P011,Sports,183.0,2425.31,281.0,502,0,0.0,1,3,7
2026-03-25,P011,Sports,155.0,2425.31,394.0,502,0,0.0,2,3,7
2026-03-26,P011,Sports,159.0,2425.31,222.0,502,0,0.0,3,3,7
2025-01-01,P012,Electronics,65.0,3127.02,90.0,304,0,0.0,2,1,8
2025-01-02,P012,Electronics,104.0,2046.33,287.0,304,1,0.35,3,1,8
2025-01-03,P012,Electronics,46.0,3127.02,57.0,304,0,0.0,4,1,8
2025-01-04,P012,Electronics,88.0,3127.02,124.0,304,0,0.0,5,1,8
2025-01-05,P012,Electronics,108.0,3127.02,152.0,304,0,0.0,6,1,8
2025-01-06,P012,Electronics,76.0,3127.02,162.0,304,0,0.0,0,1,8
2025-01-07,P012,Electronics,72.0,3127.02,199.0,304,0,0.0,1,1,8
2025-01-08,P012,Electronics,68.0,3127.02,185.0,304,0,0.0,2,1,8
2025-01-09,P012,Electronics,63.0,3127.02,159.0,304,0,0.0,3,1,8
2025-01-10,P012,Electronics,67.0,3127.02,109.0,304,0,0.0,4,1,8
2025-01-11,P012,Electronics,101.0,3127.02,259.0,304,0,0.0,5,1,8
2025-01-12,P012,Electronics,99.0,3127.02,168.0,304,0,0.0,6,1,8
2025-01-13,P012,Electronics,81.0,2643.2,205.0,304,1,0.15,0,1,8
2025-01-14,P012,Electronics,65.0,3127.02,92.0,304,0,0.0,1,1,8
2025-01-15,P012,Electronics,66.0,3127.02,167.0,304,0,0.0,2,1,8
2025-01-16,P012,Electronics,75.0,3127.02,95.0,304,0,0.0,3,1,8
2025-01-17,P012,Electronics,55.0,3127.02,80.0,304,0,0.0,4,1,8
2025-01-18,P012,Electronics,101.0,3127.02,115.0,304,0,0.0,5,1,8
2025-01-19,P012,Electronics,93.0,3127.02,204.0,304,0,0.0,6,1,8
2025-01-20,P012,Electronics,68.0,3127.02,84.0,304,0,0.0,0,1,8
2025-01-21,P012,Electronics,61.0,3127.02,83.0,304,0,0.0,1,1,8
2025-01-22,P012,Electronics,70.0,3127.02,177.0,304,0,0.0,2,1,8
2025-01-23,P012,Electronics,57.0,3127.02,108.0,304,0,0.0,3,1,8
2025-01-24,P012,Electronics,71.0,3127.02,144.0,304,0,0.0,4,1,8
2025-01-25,P012,Electronics,109.0,3127.02,250.0,304,0,0.0,5,1,8
2025-01-26,P012,Electronics,95.0,3127.02,106.0,304,0,0.0,6,1,8
2025-01-27,P012,Electronics,57.0,3127.02,125.0,304,0,0.0,0,1,8
2025-01-28,P012,Electronics,60.0,3127.02,141.0,304,0,0.0,1,1,8
2025-01-29,P012,Electronics,56.0,3127.02,110.0,304,0,0.0,2,1,8
2025-01-30,P012,Electronics,62.0,3127.02,158.0,304,0,0.0,3,1,8
2025-01-31,P012,Electronics,129.0,1736.66,306.0,304,1,0.44,4,1,8
2025-02-01,P012,Electronics,103.0,3127.02,194.0,304,0,0.0,5,2,8
2025-02-02,P012,Electronics,93.0,3127.02,109.0,304,0,0.0,6,2,8
2025-02-03,P012,Electronics,77.0,3127.02,122.0,304,0,0.0,0,2,8
2025-02-04,P012,Electronics,75.0,3127.02,124.0,304,0,0.0,1,2,8
2025-02-05,P012,Electronics,44.0,3127.02,78.0,304,0,0.0,2,2,8
2025-02-06,P012,Electronics,72.0,3127.02,84.0,304,0,0.0,3,2,8
2025-02-07,P012,Electronics,68.0,3127.02,129.0,304,0,0.0,4,2,8
2025-02-08,P012,Electronics,82.0,3127.02,181.0,304,0,0.0,5,2,8
2025-02-09,P012,Electronics,115.0,3127.02,131.0,304,0,0.0,6,2,8
2025-02-10,P012,Electronics,75.0,3127.02,207.0,304,0,0.0,0,2,8
2025-02-11,P012,Electronics,49.0,3127.02,62.0,304,0,0.0,1,2,8
2025-02-12,P012,Electronics,67.0,3127.02,95.0,304,0,0.0,2,2,8
2025-02-13,P012,Electronics,61.0,3127.02,154.0,304,0,0.0,3,2,8
2025-02-14,P012,Electronics,65.0,3127.02,114.0,304,0,0.0,4,2,8
2025-02-15,P012,Electronics,93.0,3127.02,196.0,304,0,0.0,5,2,8
2025-02-16,P012,Electronics,96.0,3127.02,266.0,304,0,0.0,6,2,8
2025-02-17,P012,Electronics,46.0,3127.02,51.0,304,0,0.0,0,2,8
2025-02-18,P012,Electronics,66.0,3127.02,75.0,304,0,0.0,1,2,8
2025-02-19,P012,Electronics,69.0,3127.02,192.0,304,0,0.0,2,2,8
2025-02-20,P012,Electronics,70.0,3127.02,141.0,304,0,0.0,3,2,8
2025-02-21,P012,Electronics,80.0,3127.02,179.0,304,0,0.0,4,2,8
2025-02-22,P012,Electronics,103.0,3127.02,207.0,304,0,0.0,5,2,8
2025-02-23,P012,Electronics,185.0,1788.37,333.0,304,1,0.43,6,2,8
2025-02-24,P012,Electronics,57.0,3127.02,78.0,304,0,0.0,0,2,8
2025-02-25,P012,Electronics,,3127.02,,304,0,0.0,1,2,8
2025-02-26,P012,Electronics,63.0,3127.02,93.0,304,0,0.0,2,2,8
2025-02-27,P012,Electronics,62.0,3127.02,132.0,304,0,0.0,3,2,8
2025-02-28,P012,Electronics,68.0,3127.02,183.0,304,0,0.0,4,2,8
2025-03-01,P012,Electronics,235.0,1911.82,283.0,304,1,0.39,5,3,8
2025-03-02,P012,Electronics,132.0,3127.02,313.0,304,0,0.0,6,3,8
2025-03-03,P012,Electronics,73.0,3127.02,118.0,304,0,0.0,0,3,8
2025-03-04,P012,Electronics,75.0,3127.02,135.0,304,0,0.0,1,3,8
2025-03-05,P012,Electronics,77.0,3127.02,123.0,304,0,0.0,2,3,8
2025-03-06,P012,Electronics,87.0,3127.02,104.0,304,0,0.0,3,3,8
2025-03-07,P012,Electronics,98.0,3127.02,112.0,304,0,0.0,4,3,8
2025-03-08,P012,Electronics,139.0,3127.02,185.0,304,0,0.0,5,3,8
2025-03-09,P012,Electronics,123.0,3127.02,158.0,304,0,0.0,6,3,8
2025-03-10,P012,Electronics,92.0,3127.02,182.0,304,0,0.0,0,3,8
2025-03-11,P012,Electronics,108.0,3127.02,140.0,304,0,0.0,1,3,8
2025-03-12,P012,Electronics,92.0,3127.02,174.0,304,0,0.0,2,3,8
2025-03-13,P012,Electronics,79.0,3127.02,97.0,304,0,0.0,3,3,8
2025-03-14,P012,Electronics,90.0,3127.02,240.0,304,0,0.0,4,3,8
2025-03-15,P012,Electronics,121.0,3127.02,222.0,304,0,0.0,5,3,8
2025-03-16,P012,Electronics,137.0,3127.02,372.0,304,0,0.0,6,3,8
2025-03-17,P012,Electronics,179.0,1735.09,397.0,304,1,0.45,0,3,8
2025-03-18,P012,Electronics,77.0,3127.02,143.0,304,0,0.0,1,3,8
2025-03-19,P012,Electronics,91.0,3127.02,149.0,304,0,0.0,2,3,8
2025-03-20,P012,Electronics,98.0,3127.02,150.0,304,0,0.0,3,3,8
2025-03-21,P012,Electronics,84.0,3127.02,192.0,304,0,0.0,4,3,8
2025-03-22,P012,Electronics,133.0,3127.02,246.0,304,0,0.0,5,3,8
2025-03-23,P012,Electronics,132.0,3127.02,248.0,304,0,0.0,6,3,8
2025-03-24,P012,Electronics,160.0,1983.42,307.0,304,1,0.37,0,3,8
2025-03-25,P012,Electronics,89.0,3127.02,231.0,304,0,0.0,1,3,8
2025-03-26,P012,Electronics,153.0,2012.69,191.0,304,1,0.36,2,3,8
2025-03-27,P012,Electronics,94.0,3127.02,120.0,304,0,0.0,3,3,8
2025-03-28,P012,Electronics,84.0,3127.02,92.0,304,0,0.0,4,3,8
2025-03-29,P012,Electronics,140.0,3127.02,301.0,304,0,0.0,5,3,8
2025-03-30,P012,Electronics,140.0,3127.02,370.0,304,0,0.0,6,3,8
2025-03-31,P012,Electronics,91.0,3127.02,241.0,304,0,0.0,0,3,8
2025-04-01,P012,Electronics,88.0,3127.02,191.0,304,0,0.0,1,4,8
2025-04-02,P012,Electronics,83.0,3127.02,155.0,304,0,0.0,2,4,8
2025-04-03,P012,Electronics,91.0,3127.02,194.0,304,0,0.0,3,4,8
2025-04-04,P012,Electronics,94.0,3127.02,206.0,304,0,0.0,4,4,8
2025-04-05,P012,Electronics,126.0,3127.02,167.0,304,0,0.0,5,4,8
2025-04-06,P012,Electronics,125.0,3127.02,262.0,304,0,0.0,6,4,8
2025-04-07,P012,Electronics,93.0,3127.02,164.0,304,0,0.0,0,4,8
2025-04-08,P012,Electronics,88.0,3127.02,195.0,304,0,0.0,1,4,8
2025-04-09,P012,Electronics,75.0,3127.02,140.0,304,0,0.0,2,4,8
2025-04-10,P012,Electronics,81.0,3127.02,196.0,304,0,0.0,3,4,8
2025-04-11,P012,Electronics,101.0,3127.02,192.0,304,0,0.0,4,4,8
2025-04-12,P012,Electronics,130.0,3127.02,268.0,304,0,0.0,5,4,8
2025-04-13,P012,Electronics,127.0,3127.02,261.0,304,0,0.0,6,4,8
2025-04-14,P012,Electronics,90.0,3127.02,245.0,304,0,0.0,0,4,8
2025-04-15,P012,Electronics,85.0,3127.02,209.0,304,0,0.0,1,4,8
2025-04-16,P012,Electronics,102.0,3127.02,202.0,304,0,0.0,2,4,8
2025-04-17,P012,Electronics,90.0,3127.02,249.0,304,0,0.0,3,4,8
2025-04-18,P012,Electronics,85.0,3127.02,168.0,304,0,0.0,4,4,8
2025-04-19,P012,Electronics,142.0,3127.02,309.0,304,0,0.0,5,4,8
2025-04-20,P012,Electronics,117.0,3127.02,273.0,304,0,0.0,6,4,8
2025-04-21,P012,Electronics,87.0,3127.02,106.0,304,0,0.0,0,4,8
2025-04-22,P012,Electronics,87.0,3127.02,164.0,304,0,0.0,1,4,8
2025-04-23,P012,Electronics,79.0,3127.02,210.0,304,0,0.0,2,4,8
2025-04-24,P012,Electronics,93.0,3127.02,175.0,304,0,0.0,3,4,8
2025-04-25,P012,Electronics,95.0,3127.02,148.0,304,0,0.0,4,4,8
2025-04-26,P012,Electronics,123.0,3127.02,327.0,304,0,0.0,5,4,8
2025-04-27,P012,Electronics,138.0,3127.02,152.0,304,0,0.0,6,4,8
2025-04-28,P012,Electronics,86.0,3127.02,155.0,304,0,0.0,0,4,8
2025-04-29,P012,Electronics,86.0,3127.02,184.0,304,0,0.0,1,4,8
2025-04-30,P012,Electronics,97.0,3127.02,146.0,304,0,0.0,2,4,8
2025-05-01,P012,Electronics,97.0,3127.02,191.0,304,0,0.0,3,5,8
2025-05-02,P012,Electronics,89.0,3127.02,162.0,304,0,0.0,4,5,8
2025-05-03,P012,Electronics,134.0,3127.02,286.0,304,0,0.0,5,5,8
2025-05-04,P012,Electronics,140.0,3127.02,162.0,304,0,0.0,6,5,8
2025-05-05,P012,Electronics,93.0,3127.02,161.0,304,0,0.0,0,5,8
2025-05-06,P012,Electronics,145.0,2168.08,201.0,304,1,0.31,1,5,8
2025-05-07,P012,Electronics,89.0,3127.02,238.0,304,0,0.0,2,5,8
2025-05-08,P012,Electronics,96.0,3127.02,157.0,304,0,0.0,3,5,8
2025-05-09,P012,Electronics,93.0,3127.02,253.0,304,0,0.0,4,5,8
2025-05-10,P012,Electronics,135.0,3127.02,167.0,304,0,0.0,5,5,8
2025-05-11,P012,Electronics,132.0,3127.02,333.0,304,0,0.0,6,5,8
2025-05-12,P012,Electronics,94.0,3127.02,163.0,304,0,0.0,0,5,8
2025-05-13,P012,Electronics,82.0,3127.02,179.0,304,0,0.0,1,5,8
2025-05-14,P012,Electronics,85.0,3127.02,136.0,304,0,0.0,2,5,8
2025-05-15,P012,Electronics,79.0,3127.02,191.0,304,0,0.0,3,5,8
2025-05-16,P012,Electronics,82.0,3127.02,190.0,304,0,0.0,4,5,8
2025-05-17,P012,Electronics,144.0,3127.02,277.0,304,0,0.0,5,5,8
2025-05-18,P012,Electronics,126.0,3127.02,165.0,304,0,0.0,6,5,8
2025-05-19,P012,Electronics,79.0,3127.02,117.0,304,0,0.0,0,5,8
2025-05-20,P012,Electronics,91.0,3127.02,182.0,304,0,0.0,1,5,8
2025-05-21,P012,Electronics,78.0,3127.02,189.0,304,0,0.0,2,5,8
2025-05-22,P012,Electronics,90.0,3127.02,106.0,304,0,0.0,3,5,8
2025-05-23,P012,Electronics,73.0,3127.02,189.0,304,0,0.0,4,5,8
2025-05-24,P012,Electronics,130.0,3127.02,238.0,304,0,0.0,5,5,8
2025-05-25,P012,Electronics,124.0,3127.02,184.0,304,0,0.0,6,5,8
2025-05-26,P012,Electronics,97.0,3127.02,215.0,304,0,0.0,0,5,8
2025-05-27,P012,Electronics,103.0,3127.02,124.0,304,0,0.0,1,5,8
2025-05-28,P012,Electronics,79.0,3127.02,199.0,304,0,0.0,2,5,8
2025-05-29,P012,Electronics,89.0,3127.02,185.0,304,0,0.0,3,5,8
2025-05-30,P012,Electronics,85.0,3127.02,138.0,304,0,0.0,4,5,8
2025-05-31,P012,Electronics,137.0,3127.02,164.0,304,0,0.0,5,5,8
2025-06-01,P012,Electronics,135.0,3127.02,365.0,304,0,0.0,6,6,8
2025-06-02,P012,Electronics,79.0,3127.02,202.0,304,0,0.0,0,6,8
2025-06-03,P012,Electronics,100.0,3127.02,129.0,304,0,0.0,1,6,8
2025-06-04,P012,Electronics,81.0,3127.02,109.0,304,0,0.0,2,6,8
2025-06-05,P012,Electronics,86.0,3127.02,227.0,304,0,0.0,3,6,8
2025-06-06,P012,Electronics,94.0,3127.02,250.0,304,0,0.0,4,6,8
2025-06-07,P012,Electronics,129.0,3127.02,160.0,304,0,0.0,5,6,8
2025-06-08,P012,Electronics,135.0,3127.02,364.0,304,0,0.0,6,6,8
2025-06-09,P012,Electronics,159.0,2081.48,203.0,304,1,0.33,0,6,8
2025-06-10,P012,Electronics,160.0,1921.64,406.0,304,1,0.39,1,6,8
2025-06-11,P012,Electronics,88.0,3127.02,99.0,304,0,0.0,2,6,8
2025-06-12,P012,Electronics,107.0,3127.02,196.0,304,0,0.0,3,6,8
2025-06-13,P012,Electronics,96.0,3127.02,194.0,304,0,0.0,4,6,8
2025-06-14,P012,Electronics,119.0,3127.02,268.0,304,0,0.0,5,6,8
2025-06-15,P012,Electronics,138.0,3127.02,249.0,304,0,0.0,6,6,8
2025-06-16,P012,Electronics,101.0,3127.02,252.0,304,0,0.0,0,6,8
2025-06-17,P012,Electronics,90.0,3127.02,158.0,304,0,0.0,1,6,8
2025-06-18,P012,Electronics,90.0,3127.02,116.0,304,0,0.0,2,6,8
2025-06-19,P012,Electronics,100.0,3127.02,230.0,304,0,0.0,3,6,8
2025-06-20,P012,Electronics,87.0,3127.02,167.0,304,0,0.0,4,6,8
2025-06-21,P012,Electronics,139.0,3127.02,234.0,304,0,0.0,5,6,8
