src/data/raw/ecommerce_inventory_demand.csv
date,product_id,product_category,units_sold,unit_price,stock_on_hand,reorder_point,is_promotion,discount_pct,day_of_week,month,supplier_lead_days
2025-06-22,P012,Electronics,126.0,3127.02,164.0,304,0,0.0,6,6,8
2025-06-23,P012,Electronics,106.0,3127.02,158.0,304,0,0.0,0,6,8
2025-06-24,P012,Electronics,106.0,3127.02,201.0,304,0,0.0,1,6,8
2025-06-25,P012,Electronics,84.0,3127.02,183.0,304,0,0.0,2,6,8
2025-06-26,P012,Electronics,107.0,3127.02,120.0,304,0,0.0,3,6,8
2025-06-27,P012,Electronics,100.0,3127.02,139.0,304,0,0.0,4,6,8
2025-06-28,P012,Electronics,131.0,3127.02,246.0,304,0,0.0,5,6,8
2025-06-29,P012,Electronics,140.0,3127.02,159.0,304,0,0.0,6,6,8
2025-06-30,P012,Electronics,77.0,3127.02,98.0,304,0,0.0,0,6,8
2025-07-01,P012,Electronics,87.0,3127.02,230.0,304,0,0.0,1,7,8
2025-07-02,P012,Electronics,90.0,3127.02,250.0,304,0,0.0,2,7,8
2025-07-03,P012,Electronics,83.0,3127.02,201.0,304,0,0.0,3,7,8
2025-07-04,P012,Electronics,97.0,3127.02,206.0,304,0,0.0,4,7,8
2025-07-05,P012,Electronics,142.0,3127.02,287.0,304,0,0.0,5,7,8
2025-07-06,P012,Electronics,267.0,1795.0,663.0,304,1,0.43,6,7,8
2025-07-07,P012,Electronics,135.0,2426.19,354.0,304,1,0.22,0,7,8
2025-07-08,P012,Electronics,81.0,3127.02,118.0,304,0,0.0,1,7,8
2025-07-09,P012,Electronics,89.0,3127.02,134.0,304,0,0.0,2,7,8
2025-07-10,P012,Electronics,63.0,3127.02,122.0,304,0,0.0,3,7,8
2025-07-11,P012,Electronics,102.0,3127.02,113.0,304,0,0.0,4,7,8
2025-07-12,P012,Electronics,125.0,3127.02,251.0,304,0,0.0,5,7,8
2025-07-13,P012,Electronics,136.0,3127.02,206.0,304,0,0.0,6,7,8
2025-07-14,P012,Electronics,85.0,3127.02,207.0,304,0,0.0,0,7,8
2025-07-15,P012,Electronics,92.0,3127.02,191.0,304,0,0.0,1,7,8
2025-07-16,P012,Electronics,98.0,3127.02,111.0,304,0,0.0,2,7,8
2025-07-17,P012,Electronics,106.0,3127.02,133.0,304,0,0.0,3,7,8
2025-07-18,P012,Electronics,136.0,2610.33,220.0,304,1,0.17,4,7,8
2025-07-19,P012,Electronics,145.0,3127.02,164.0,304,0,0.0,5,7,8
2025-07-20,P012,Electronics,139.0,3127.02,259.0,304,0,0.0,6,7,8
2025-07-21,P012,Electronics,88.0,3127.02,232.0,304,0,0.0,0,7,8
2025-07-22,P012,Electronics,95.0,3127.02,225.0,304,0,0.0,1,7,8
2025-07-23,P012,Electronics,84.0,3127.02,147.0,304,0,0.0,2,7,8
2025-07-24,P012,Electronics,95.0,3127.02,255.0,304,0,0.0,3,7,8
2025-07-25,P012,Electronics,103.0,3127.02,214.0,304,0,0.0,4,7,8
2025-07-26,P012,Electronics,129.0,3127.02,146.0,304,0,0.0,5,7,8
2025-07-27,P012,Electronics,142.0,3127.02,238.0,304,0,0.0,6,7,8
2025-07-28,P012,Electronics,103.0,3127.02,218.0,304,0,0.0,0,7,8
2025-07-29,P012,Electronics,94.0,3127.02,139.0,304,0,0.0,1,7,8
2025-07-30,P012,Electronics,83.0,3127.02,146.0,304,0,0.0,2,7,8
2025-07-31,P012,Electronics,96.0,3127.02,214.0,304,0,0.0,3,7,8
2025-08-01,P012,Electronics,92.0,3127.02,242.0,304,0,0.0,4,8,8
2025-08-02,P012,Electronics,136.0,3127.02,350.0,304,0,0.0,5,8,8
2025-08-03,P012,Electronics,147.0,3127.02,405.0,304,0,0.0,6,8,8
2025-08-04,P012,Electronics,86.0,3127.02,156.0,304,0,0.0,0,8,8
2025-08-05,P012,Electronics,95.0,3127.02,204.0,304,0,0.0,1,8,8
2025-08-06,P012,Electronics,89.0,3127.02,125.0,304,0,0.0,2,8,8
2025-08-07,P012,Electronics,75.0,3127.02,188.0,304,0,0.0,3,8,8
2025-08-08,P012,Electronics,85.0,3127.02,143.0,304,0,0.0,4,8,8
2025-08-09,P012,Electronics,140.0,3127.02,179.0,304,0,0.0,5,8,8
2025-08-10,P012,Electronics,128.0,3127.02,303.0,304,0,0.0,6,8,8
2025-08-11,P012,Electronics,169.0,2039.24,237.0,304,1,0.35,0,8,8
2025-08-12,P012,Electronics,102.0,3127.02,218.0,304,0,0.0,1,8,8
2025-08-13,P012,Electronics,85.0,3127.02,225.0,304,0,0.0,2,8,8
2025-08-14,P012,Electronics,184.0,1841.71,345.0,304,1,0.41,3,8,8
2025-08-15,P012,Electronics,91.0,3127.02,160.0,304,0,0.0,4,8,8
2025-08-16,P012,Electronics,140.0,3127.02,330.0,304,0,0.0,5,8,8
2025-08-17,P012,Electronics,139.0,3127.02,301.0,304,0,0.0,6,8,8
2025-08-18,P012,Electronics,98.0,3127.02,244.0,304,0,0.0,0,8,8
2025-08-19,P012,Electronics,94.0,3127.02,223.0,304,0,0.0,1,8,8
2025-08-20,P012,Electronics,128.0,2632.56,236.0,304,1,0.16,2,8,8
2025-08-21,P012,Electronics,92.0,3127.02,144.0,304,0,0.0,3,8,8
2025-08-22,P012,Electronics,94.0,3127.02,215.0,304,0,0.0,4,8,8
2025-08-23,P012,Electronics,155.0,3127.02,194.0,304,0,0.0,5,8,8
2025-08-24,P012,Electronics,138.0,3127.02,308.0,304,0,0.0,6,8,8
2025-08-25,P012,Electronics,80.0,3127.02,155.0,304,0,0.0,0,8,8
2025-08-26,P012,Electronics,88.0,3127.02,129.0,304,0,0.0,1,8,8
2025-08-27,P012,Electronics,96.0,3127.02,200.0,304,0,0.0,2,8,8
2025-08-28,P012,Electronics,98.0,3127.02,237.0,304,0,0.0,3,8,8
2025-08-29,P012,Electronics,92.0,3127.02,222.0,304,0,0.0,4,8,8
2025-08-30,P012,Electronics,212.0,2184.2,548.0,304,1,0.3,5,8,8
2025-08-31,P012,Electronics,125.0,3127.02,337.0,304,0,0.0,6,8,8
2025-09-01,P012,Electronics,99.0,3127.02,120.0,304,0,0.0,0,9,8
2025-09-02,P012,Electronics,81.0,3127.02,97.0,304,0,0.0,1,9,8
2025-09-03,P012,Electronics,101.0,3127.02,280.0,304,0,0.0,2,9,8
2025-09-04,P012,Electronics,82.0,3127.02,108.0,304,0,0.0,3,9,8
2025-09-05,P012,Electronics,78.0,3127.02,146.0,304,0,0.0,4,9,8
2025-09-06,P012,Electronics,129.0,3127.02,245.0,304,0,0.0,5,9,8
2025-09-07,P012,Electronics,150.0,3127.02,351.0,304,0,0.0,6,9,8
2025-09-08,P012,Electronics,129.0,2461.75,357.0,304,1,0.21,0,9,8
2025-09-09,P012,Electronics,89.0,3127.02,201.0,304,0,0.0,1,9,8
2025-09-10,P012,Electronics,97.0,3127.02,134.0,304,0,0.0,2,9,8
2025-09-11,P012,Electronics,86.0,3127.02,208.0,304,0,0.0,3,9,8
2025-09-12,P012,Electronics,76.0,3127.02,129.0,304,0,0.0,4,9,8
2025-09-13,P012,Electronics,146.0,3127.02,353.0,304,0,0.0,5,9,8
2025-09-14,P012,Electronics,138.0,3127.02,252.0,304,0,0.0,6,9,8
2025-09-15,P012,Electronics,89.0,3127.02,127.0,304,0,0.0,0,9,8
2025-09-16,P012,Electronics,105.0,3127.02,256.0,304,0,0.0,1,9,8
2025-09-17,P012,Electronics,91.0,3127.02,238.0,304,0,0.0,2,9,8
2025-09-18,P012,Electronics,185.0,1785.59,428.0,304,1,0.43,3,9,8
2025-09-19,P012,Electronics,91.0,3127.02,219.0,304,0,0.0,4,9,8
2025-09-20,P012,Electronics,119.0,3127.02,181.0,304,0,0.0,5,9,8
2025-09-21,P012,Electronics,142.0,3127.02,374.0,304,0,0.0,6,9,8
2025-09-22,P012,Electronics,86.0,3127.02,151.0,304,0,0.0,0,9,8
2025-09-23,P012,Electronics,85.0,3127.02,172.0,304,0,0.0,1,9,8
2025-09-24,P012,Electronics,99.0,3127.02,123.0,304,0,0.0,2,9,8
2025-09-25,P012,Electronics,97.0,3127.02,183.0,304,0,0.0,3,9,8
2025-09-26,P012,Electronics,80.0,3127.02,91.0,304,0,0.0,4,9,8
2025-09-27,P012,Electronics,134.0,3127.02,147.0,304,0,0.0,5,9,8
2025-09-28,P012,Electronics,130.0,3127.02,278.0,304,0,0.0,6,9,8
2025-09-29,P012,Electronics,95.0,3127.02,247.0,304,0,0.0,0,9,8
2025-09-30,P012,Electronics,79.0,3127.02,209.0,304,0,0.0,1,9,8
2025-10-01,P012,Electronics,135.0,3127.02,374.0,304,0,0.0,2,10,8
2025-10-02,P012,Electronics,146.0,3127.02,369.0,304,0,0.0,3,10,8
2025-10-03,P012,Electronics,145.0,3127.02,161.0,304,0,0.0,4,10,8
2025-10-04,P012,Electronics,342.0,2147.04,909.0,304,1,0.31,5,10,8
2025-10-05,P012,Electronics,193.0,3127.02,508.0,304,0,0.0,6,10,8
2025-10-06,P012,Electronics,156.0,3127.02,258.0,304,0,0.0,0,10,8
2025-10-07,P012,Electronics,141.0,3127.02,186.0,304,0,0.0,1,10,8
2025-10-08,P012,Electronics,149.0,3127.02,337.0,304,0,0.0,2,10,8
2025-10-09,P012,Electronics,133.0,3127.02,310.0,304,0,0.0,3,10,8
2025-10-10,P012,Electronics,150.0,3127.02,280.0,304,0,0.0,4,10,8
2025-10-11,P012,Electronics,386.0,1914.49,431.0,304,1,0.39,5,10,8
2025-10-12,P012,Electronics,226.0,3127.02,456.0,304,0,0.0,6,10,8
2025-10-13,P012,Electronics,145.0,3127.02,234.0,304,0,0.0,0,10,8
2025-10-14,P012,Electronics,134.0,3127.02,255.0,304,0,0.0,1,10,8
2025-10-15,P012,Electronics,142.0,3127.02,269.0,304,0,0.0,2,10,8
2025-10-16,P012,Electronics,151.0,3127.02,343.0,304,0,0.0,3,10,8
2025-10-17,P012,Electronics,144.0,3127.02,195.0,304,0,0.0,4,10,8
2025-10-18,P012,Electronics,219.0,3127.02,516.0,304,0,0.0,5,10,8
2025-10-19,P012,Electronics,214.0,3127.02,375.0,304,0,0.0,6,10,8
2025-10-20,P012,Electronics,146.0,3127.02,207.0,304,0,0.0,0,10,8
2025-10-21,P012,Electronics,140.0,3127.02,385.0,304,0,0.0,1,10,8
2025-10-22,P012,Electronics,153.0,3127.02,235.0,304,0,0.0,2,10,8
2025-10-23,P012,Electronics,147.0,3127.02,264.0,304,0,0.0,3,10,8
2025-10-24,P012,Electronics,150.0,3127.02,362.0,304,0,0.0,4,10,8
2025-10-25,P012,Electronics,199.0,3127.02,268.0,304,0,0.0,5,10,8
2025-10-26,P012,Electronics,201.0,3127.02,324.0,304,0,0.0,6,10,8
2025-10-27,P012,Electronics,142.0,3127.02,340.0,304,0,0.0,0,10,8
2025-10-28,P012,Electronics,143.0,3127.02,305.0,304,0,0.0,1,10,8
2025-10-29,P012,Electronics,145.0,3127.02,339.0,304,0,0.0,2,10,8
2025-10-30,P012,Electronics,146.0,3127.02,407.0,304,0,0.0,3,10,8
2025-10-31,P012,Electronics,139.0,3127.02,274.0,304,0,0.0,4,10,8
2025-11-01,P012,Electronics,205.0,3127.02,472.0,304,0,0.0,5,11,8
2025-11-02,P012,Electronics,213.0,3127.02,471.0,304,0,0.0,6,11,8
2025-11-03,P012,Electronics,138.0,3127.02,221.0,304,0,0.0,0,11,8
2025-11-04,P012,Electronics,258.0,2063.81,572.0,304,1,0.34,1,11,8
2025-11-05,P012,Electronics,140.0,3127.02,341.0,304,0,0.0,2,11,8
2025-11-06,P012,Electronics,239.0,2276.03,581.0,304,1,0.27,3,11,8
2025-11-07,P012,Electronics,151.0,3127.02,406.0,304,0,0.0,4,11,8
2025-11-08,P012,Electronics,224.0,3127.02,562.0,304,0,0.0,5,11,8
2025-11-09,P012,Electronics,210.0,3127.02,386.0,304,0,0.0,6,11,8
2025-11-10,P012,Electronics,141.0,3127.02,314.0,304,0,0.0,0,11,8
2025-11-11,P012,Electronics,140.0,3127.02,377.0,304,0,0.0,1,11,8
2025-11-12,P012,Electronics,146.0,3127.02,193.0,304,0,0.0,2,11,8
2025-11-13,P012,Electronics,142.0,3127.02,297.0,304,0,0.0,3,11,8
2025-11-14,P012,Electronics,137.0,3127.02,236.0,304,0,0.0,4,11,8
2025-11-15,P012,Electronics,202.0,3127.02,513.0,304,0,0.0,5,11,8
2025-11-16,P012,Electronics,216.0,3127.02,475.0,304,0,0.0,6,11,8
2025-11-17,P012,Electronics,142.0,3127.02,224.0,304,0,0.0,0,11,8
2025-11-18,P012,Electronics,206.0,2372.81,563.0,304,1,0.24,1,11,8
2025-11-19,P012,Electronics,135.0,3127.02,272.0,304,0,0.0,2,11,8
2025-11-20,P012,Electronics,148.0,3127.02,312.0,304,0,0.0,3,11,8
2025-11-21,P012,Electronics,152.0,3127.02,355.0,304,0,0.0,4,11,8
2025-11-22,P012,Electronics,204.0,3127.02,258.0,304,0,0.0,5,11,8
2025-11-23,P012,Electronics,207.0,3127.02,368.0,304,0,0.0,6,11,8
2025-11-24,P012,Electronics,151.0,3127.02,338.0,304,0,0.0,0,11,8
2025-11-25,P012,Electronics,197.0,2555.02,506.0,304,1,0.18,1,11,8
2025-11-26,P012,Electronics,143.0,3127.02,284.0,304,0,0.0,2,11,8
2025-11-27,P012,Electronics,146.0,3127.02,184.0,304,0,0.0,3,11,8
2025-11-28,P012,Electronics,130.0,3127.02,237.0,304,0,0.0,4,11,8
2025-11-29,P012,Electronics,212.0,3127.02,518.0,304,0,0.0,5,11,8
2025-11-30,P012,Electronics,214.0,3127.02,520.0,304,0,0.0,6,11,8
2025-12-01,P012,Electronics,149.0,3127.02,195.0,304,0,0.0,0,12,8
2025-12-02,P012,Electronics,136.0,3127.02,237.0,304,0,0.0,1,12,8
2025-12-03,P012,Electronics,,3127.02,,304,0,0.0,2,12,8
2025-12-04,P012,Electronics,155.0,3127.02,242.0,304,0,0.0,3,12,8
2025-12-05,P012,Electronics,139.0,3127.02,339.0,304,0,0.0,4,12,8
2025-12-06,P012,Electronics,211.0,3127.02,551.0,304,0,0.0,5,12,8
2025-12-07,P012,Electronics,218.0,3127.02,439.0,304,0,0.0,6,12,8
2025-12-08,P012,Electronics,137.0,3127.02,270.0,304,0,0.0,0,12,8
2025-12-09,P012,Electronics,146.0,3127.02,305.0,304,0,0.0,1,12,8
2025-12-10,P012,Electronics,146.0,3127.02,249.0,304,0,0.0,2,12,8
2025-12-11,P012,Electronics,133.0,3127.02,263.0,304,0,0.0,3,12,8
2025-12-12,P012,Electronics,148.0,3127.02,321.0,304,0,0.0,4,12,8
2025-12-13,P012,Electronics,298.0,2521.81,399.0,304,1,0.19,5,12,8
2025-12-14,P012,Electronics,213.0,3127.02,379.0,304,0,0.0,6,12,8
2025-12-15,P012,Electronics,159.0,3127.02,335.0,304,0,0.0,0,12,8
2025-12-16,P012,Electronics,145.0,3127.02,311.0,304,0,0.0,1,12,8
2025-12-17,P012,Electronics,144.0,3127.02,179.0,304,0,0.0,2,12,8
2025-12-18,P012,Electronics,149.0,3127.02,375.0,304,0,0.0,3,12,8
2025-12-19,P012,Electronics,153.0,3127.02,176.0,304,0,0.0,4,12,8
2025-12-20,P012,Electronics,212.0,3127.02,396.0,304,0,0.0,5,12,8
2025-12-21,P012,Electronics,204.0,3127.02,277.0,304,0,0.0,6,12,8
2025-12-22,P012,Electronics,152.0,3127.02,381.0,304,0,0.0,0,12,8
2025-12-23,P012,Electronics,138.0,3127.02,202.0,304,0,0.0,1,12,8
2025-12-24,P012,Electronics,156.0,3127.02,423.0,304,0,0.0,2,12,8
2025-12-25,P012,Electronics,255.0,2154.38,614.0,304,1,0.31,3,12,8
2025-12-26,P012,Electronics,153.0,3127.02,221.0,304,0,0.0,4,12,8
2025-12-27,P012,Electronics,331.0,2329.33,867.0,304,1,0.26,5,12,8
2025-12-28,P012,Electronics,208.0,3127.02,276.0,304,0,0.0,6,12,8
2025-12-29,P012,Electronics,146.0,3127.02,369.0,304,0,0.0,0,12,8
2025-12-30,P012,Electronics,149.0,3127.02,229.0,304,0,0.0,1,12,8
2025-12-31,P012,Electronics,153.0,3127.02,317.0,304,0,0.0,2,12,8
2026-01-01,P012,Electronics,70.0,3127.02,193.0,304,0,0.0,3,1,8
2026-01-02,P012,Electronics,68.0,3127.02,124.0,304,0,0.0,4,1,8
2026-01-03,P012,Electronics,115.0,3127.02,225.0,304,0,0.0,5,1,8
2026-01-04,P012,Electronics,95.0,3127.02,155.0,304,0,0.0,6,1,8
2026-01-05,P012,Electronics,66.0,3127.02,161.0,304,0,0.0,0,1,8
2026-01-06,P012,Electronics,77.0,3127.02,166.0,304,0,0.0,1,1,8
2026-01-07,P012,Electronics,72.0,3127.02,169.0,304,0,0.0,2,1,8
2026-01-08,P012,Electronics,66.0,3127.02,106.0,304,0,0.0,3,1,8
2026-01-09,P012,Electronics,78.0,3127.02,165.0,304,0,0.0,4,1,8
2026-01-10,P012,Electronics,101.0,3127.02,217.0,304,0,0.0,5,1,8
2026-01-11,P012,Electronics,100.0,3127.02,121.0,304,0,0.0,6,1,8
2026-01-12,P012,Electronics,65.0,3127.02,97.0,304,0,0.0,0,1,8
2026-01-13,P012,Electronics,74.0,3127.02,125.0,304,0,0.0,1,1,8
2026-01-14,P012,Electronics,65.0,3127.02,124.0,304,0,0.0,2,1,8
2026-01-15,P012,Electronics,72.0,3127.02,168.0,304,0,0.0,3,1,8
2026-01-16,P012,Electronics,72.0,3127.02,162.0,304,0,0.0,4,1,8
2026-01-17,P012,Electronics,102.0,3127.02,213.0,304,0,0.0,5,1,8
2026-01-18,P012,Electronics,85.0,3127.02,163.0,304,0,0.0,6,1,8
2026-01-19,P012,Electronics,124.0,2048.5,208.0,304,1,0.34,0,1,8
2026-01-20,P012,Electronics,65.0,3127.02,119.0,304,0,0.0,1,1,8
2026-01-21,P012,Electronics,95.0,2527.74,199.0,304,1,0.19,2,1,8
2026-01-22,P012,Electronics,52.0,3127.02,85.0,304,0,0.0,3,1,8
2026-01-23,P012,Electronics,70.0,3127.02,128.0,304,0,0.0,4,1,8
2026-01-24,P012,Electronics,96.0,3127.02,263.0,304,0,0.0,5,1,8
2026-01-25,P012,Electronics,118.0,3127.02,165.0,304,0,0.0,6,1,8
2026-01-26,P012,Electronics,69.0,3127.02,87.0,304,0,0.0,0,1,8
2026-01-27,P012,Electronics,76.0,3127.02,93.0,304,0,0.0,1,1,8
2026-01-28,P012,Electronics,74.0,3127.02,95.0,304,0,0.0,2,1,8
2026-01-29,P012,Electronics,64.0,3127.02,151.0,304,0,0.0,3,1,8
2026-01-30,P012,Electronics,65.0,3127.02,167.0,304,0,0.0,4,1,8
2026-01-31,P012,Electronics,99.0,3127.02,203.0,304,0,0.0,5,1,8
2026-02-01,P012,Electronics,109.0,3127.02,220.0,304,0,0.0,6,2,8
2026-02-02,P012,Electronics,65.0,3127.02,178.0,304,0,0.0,0,2,8
2026-02-03,P012,Electronics,72.0,3127.02,136.0,304,0,0.0,1,2,8
2026-02-04,P012,Electronics,78.0,3127.02,200.0,304,0,0.0,2,2,8
2026-02-05,P012,Electronics,80.0,3127.02,154.0,304,0,0.0,3,2,8
2026-02-06,P012,Electronics,,3127.02,,304,0,0.0,4,2,8
2026-02-07,P012,Electronics,100.0,3127.02,164.0,304,0,0.0,5,2,8
2026-02-08,P012,Electronics,102.0,3127.02,186.0,304,0,0.0,6,2,8
2026-02-09,P012,Electronics,70.0,3127.02,83.0,304,0,0.0,0,2,8
2026-02-10,P012,Electronics,61.0,3127.02,81.0,304,0,0.0,1,2,8
2026-02-11,P012,Electronics,73.0,3127.02,149.0,304,0,0.0,2,2,8
2026-02-12,P012,Electronics,75.0,3127.02,134.0,304,0,0.0,3,2,8
2026-02-13,P012,Electronics,65.0,3127.02,161.0,304,0,0.0,4,2,8
2026-02-14,P012,Electronics,107.0,3127.02,193.0,304,0,0.0,5,2,8
2026-02-15,P012,Electronics,113.0,3127.02,310.0,304,0,0.0,6,2,8
2026-02-16,P012,Electronics,78.0,3127.02,194.0,304,0,0.0,0,2,8
2026-02-17,P012,Electronics,66.0,3127.02,173.0,304,0,0.0,1,2,8
2026-02-18,P012,Electronics,71.0,3127.02,97.0,304,0,0.0,2,2,8
2026-02-19,P012,Electronics,65.0,3127.02,111.0,304,0,0.0,3,2,8
2026-02-20,P012,Electronics,62.0,3127.02,98.0,304,0,0.0,4,2,8
2026-02-21,P012,Electronics,92.0,3127.02,104.0,304,0,0.0,5,2,8
2026-02-22,P012,Electronics,107.0,3127.02,298.0,304,0,0.0,6,2,8
2026-02-23,P012,Electronics,65.0,3127.02,80.0,304,0,0.0,0,2,8
2026-02-24,P012,Electronics,75.0,3127.02,93.0,304,0,0.0,1,2,8
2026-02-25,P012,Electronics,78.0,3127.02,207.0,304,0,0.0,2,2,8
2026-02-26,P012,Electronics,101.0,2544.5,194.0,304,1,0.19,3,2,8
2026-02-27,P012,Electronics,65.0,3127.02,164.0,304,0,0.0,4,2,8
2026-02-28,P012,Electronics,111.0,3127.02,197.0,304,0,0.0,5,2,8
2026-03-01,P012,Electronics,129.0,3127.02,253.0,304,0,0.0,6,3,8
2026-03-02,P012,Electronics,95.0,3127.02,188.0,304,0,0.0,0,3,8
2026-03-03,P012,Electronics,104.0,3127.02,228.0,304,0,0.0,1,3,8
2026-03-04,P012,Electronics,100.0,3127.02,264.0,304,0,0.0,2,3,8
2026-03-05,P012,Electronics,109.0,3127.02,297.0,304,0,0.0,3,3,8
2026-03-06,P012,Electronics,100.0,3127.02,180.0,304,0,0.0,4,3,8
2026-03-07,P012,Electronics,229.0,2261.33,271.0,304,1,0.28,5,3,8
2026-03-08,P012,Electronics,144.0,3127.02,207.0,304,0,0.0,6,3,8
2026-03-09,P012,Electronics,108.0,3127.02,195.0,304,0,0.0,0,3,8
2026-03-10,P012,Electronics,95.0,3127.02,157.0,304,0,0.0,1,3,8
2026-03-11,P012,Electronics,169.0,2046.94,302.0,304,1,0.35,2,3,8
2026-03-12,P012,Electronics,104.0,3127.02,124.0,304,0,0.0,3,3,8
2026-03-13,P012,Electronics,88.0,3127.02,219.0,304,0,0.0,4,3,8
2026-03-14,P012,Electronics,149.0,3127.02,367.0,304,0,0.0,5,3,8
2026-03-15,P012,Electronics,133.0,3127.02,203.0,304,0,0.0,6,3,8
2026-03-16,P012,Electronics,107.0,3127.02,277.0,304,0,0.0,0,3,8
2026-03-17,P012,Electronics,103.0,3127.02,127.0,304,0,0.0,1,3,8
2026-03-18,P012,Electronics,93.0,3127.02,107.0,304,0,0.0,2,3,8
2026-03-19,P012,Electronics,101.0,3127.02,158.0,304,0,0.0,3,3,8
2026-03-20,P012,Electronics,96.0,3127.02,225.0,304,0,0.0,4,3,8
2026-03-21,P012,Electronics,145.0,3127.02,265.0,304,0,0.0,5,3,8
2026-03-22,P012,Electronics,144.0,3127.02,333.0,304,0,0.0,6,3,8
2026-03-23,P012,Electronics,94.0,3127.02,252.0,304,0,0.0,0,3,8
2026-03-24,P012,Electronics,106.0,3127.02,128.0,304,0,0.0,1,3,8
2026-03-25,P012,Electronics,79.0,3127.02,136.0,304,0,0.0,2,3,8
2026-03-26,P012,Electronics,103.0,3127.02,143.0,304,0,0.0,3,3,8
