src/data/raw/ecommerce_inventory_demand.csv
date,product_id,product_category,units_sold,unit_price,stock_on_hand,reorder_point,is_promotion,discount_pct,day_of_week,month,supplier_lead_days
2025-01-01,P013,Sports,95.0,1691.66,208.0,198,0,0.0,2,1,4
2025-01-02,P013,Sports,105.0,1691.66,277.0,198,0,0.0,3,1,4
2025-01-03,P013,Sports,90.0,1691.66,144.0,198,0,0.0,4,1,4
2025-01-04,P013,Sports,128.0,1691.66,212.0,198,0,0.0,5,1,4
2025-01-05,P013,Sports,151.0,1691.66,216.0,198,0,0.0,6,1,4
2025-01-06,P013,Sports,102.0,1691.66,276.0,198,0,0.0,0,1,4
2025-01-07,P013,Sports,75.0,1691.66,105.0,198,0,0.0,1,1,4
2025-01-08,P013,Sports,108.0,1691.66,228.0,198,0,0.0,2,1,4
2025-01-09,P013,Sports,87.0,1691.66,127.0,198,0,0.0,3,1,4
2025-01-10,P013,Sports,82.0,1691.66,131.0,198,0,0.0,4,1,4
2025-01-11,P013,Sports,112.0,1691.66,275.0,198,0,0.0,5,1,4
2025-01-12,P013,Sports,112.0,1691.66,185.0,198,0,0.0,6,1,4
2025-01-13,P013,Sports,94.0,1691.66,148.0,198,0,0.0,0,1,4
2025-01-14,P013,Sports,69.0,1691.66,174.0,198,0,0.0,1,1,4
2025-01-15,P013,Sports,92.0,1691.66,195.0,198,0,0.0,2,1,4
2025-01-16,P013,Sports,83.0,1691.66,93.0,198,0,0.0,3,1,4
2025-01-17,P013,Sports,90.0,1691.66,251.0,198,0,0.0,4,1,4
2025-01-18,P013,Sports,110.0,1691.66,198.0,198,0,0.0,5,1,4
2025-01-19,P013,Sports,116.0,1691.66,235.0,198,0,0.0,6,1,4
2025-01-20,P013,Sports,78.0,1691.66,114.0,198,0,0.0,0,1,4
2025-01-21,P013,Sports,87.0,1691.66,153.0,198,0,0.0,1,1,4
2025-01-22,P013,Sports,85.0,1691.66,96.0,198,0,0.0,2,1,4
2025-01-23,P013,Sports,83.0,1691.66,137.0,198,0,0.0,3,1,4
2025-01-24,P013,Sports,66.0,1691.66,172.0,198,0,0.0,4,1,4
2025-01-25,P013,Sports,125.0,1691.66,224.0,198,0,0.0,5,1,4
2025-01-26,P013,Sports,137.0,1691.66,287.0,198,0,0.0,6,1,4
2025-01-27,P013,Sports,81.0,1691.66,217.0,198,0,0.0,0,1,4
2025-01-28,P013,Sports,85.0,1691.66,96.0,198,0,0.0,1,1,4
2025-01-29,P013,Sports,90.0,1691.66,185.0,198,0,0.0,2,1,4
2025-01-30,P013,Sports,90.0,1691.66,189.0,198,0,0.0,3,1,4
2025-01-31,P013,Sports,90.0,1691.66,123.0,198,0,0.0,4,1,4
2025-02-01,P013,Sports,118.0,1691.66,293.0,198,0,0.0,5,2,4
2025-02-02,P013,Sports,129.0,1691.66,144.0,198,0,0.0,6,2,4
2025-02-03,P013,Sports,90.0,1691.66,201.0,198,0,0.0,0,2,4
2025-02-04,P013,Sports,85.0,1691.66,195.0,198,0,0.0,1,2,4
2025-02-05,P013,Sports,96.0,1691.66,254.0,198,0,0.0,2,2,4
2025-02-06,P013,Sports,92.0,1691.66,159.0,198,0,0.0,3,2,4
2025-02-07,P013,Sports,86.0,1691.66,169.0,198,0,0.0,4,2,4
2025-02-08,P013,Sports,117.0,1691.66,242.0,198,0,0.0,5,2,4
2025-02-09,P013,Sports,131.0,1691.66,185.0,198,0,0.0,6,2,4
2025-02-10,P013,Sports,95.0,1691.66,168.0,198,0,0.0,0,2,4
2025-02-11,P013,Sports,96.0,1691.66,186.0,198,0,0.0,1,2,4
2025-02-12,P013,Sports,97.0,1691.66,267.0,198,0,0.0,2,2,4
2025-02-13,P013,Sports,91.0,1691.66,186.0,198,0,0.0,3,2,4
2025-02-14,P013,Sports,86.0,1691.66,198.0,198,0,0.0,4,2,4
2025-02-15,P013,Sports,136.0,1691.66,251.0,198,0,0.0,5,2,4
2025-02-16,P013,Sports,128.0,1691.66,352.0,198,0,0.0,6,2,4
2025-02-17,P013,Sports,86.0,1691.66,239.0,198,0,0.0,0,2,4
2025-02-18,P013,Sports,83.0,1691.66,163.0,198,0,0.0,1,2,4
2025-02-19,P013,Sports,83.0,1691.66,134.0,198,0,0.0,2,2,4
2025-02-20,P013,Sports,134.0,1258.17,334.0,198,1,0.26,3,2,4
2025-02-21,P013,Sports,77.0,1691.66,160.0,198,0,0.0,4,2,4
2025-02-22,P013,Sports,106.0,1691.66,254.0,198,0,0.0,5,2,4
2025-02-23,P013,Sports,136.0,1691.66,304.0,198,0,0.0,6,2,4
2025-02-24,P013,Sports,108.0,1691.66,187.0,198,0,0.0,0,2,4
2025-02-25,P013,Sports,84.0,1691.66,168.0,198,0,0.0,1,2,4
2025-02-26,P013,Sports,89.0,1691.66,131.0,198,0,0.0,2,2,4
2025-02-27,P013,Sports,91.0,1691.66,177.0,198,0,0.0,3,2,4
2025-02-28,P013,Sports,70.0,1691.66,185.0,198,0,0.0,4,2,4
2025-03-01,P013,Sports,289.0,1031.08,683.0,198,1,0.39,5,3,4
2025-03-02,P013,Sports,165.0,1691.66,243.0,198,0,0.0,6,3,4
2025-03-03,P013,Sports,113.0,1691.66,134.0,198,0,0.0,0,3,4
2025-03-04,P013,Sports,95.0,1691.66,223.0,198,0,0.0,1,3,4
2025-03-05,P013,Sports,130.0,1691.66,325.0,198,0,0.0,2,3,4
2025-03-06,P013,Sports,122.0,1691.66,269.0,198,0,0.0,3,3,4
2025-03-07,P013,Sports,121.0,1691.66,284.0,198,0,0.0,4,3,4
2025-03-08,P013,Sports,166.0,1691.66,284.0,198,0,0.0,5,3,4
2025-03-09,P013,Sports,162.0,1691.66,442.0,198,0,0.0,6,3,4
2025-03-10,P013,Sports,128.0,1691.66,316.0,198,0,0.0,0,3,4
2025-03-11,P013,Sports,92.0,1691.66,111.0,198,0,0.0,1,3,4
2025-03-12,P013,Sports,131.0,1691.66,275.0,198,0,0.0,2,3,4
2025-03-13,P013,Sports,123.0,1691.66,198.0,198,0,0.0,3,3,4
2025-03-14,P013,Sports,152.0,1418.82,214.0,198,1,0.16,4,3,4
2025-03-15,P013,Sports,184.0,1691.66,359.0,198,0,0.0,5,3,4
2025-03-16,P013,Sports,167.0,1691.66,272.0,198,0,0.0,6,3,4
2025-03-17,P013,Sports,108.0,1691.66,252.0,198,0,0.0,0,3,4
2025-03-18,P013,Sports,108.0,1691.66,182.0,198,0,0.0,1,3,4
2025-03-19,P013,Sports,109.0,1691.66,299.0,198,0,0.0,2,3,4
2025-03-20,P013,Sports,109.0,1691.66,229.0,198,0,0.0,3,3,4
2025-03-21,P013,Sports,123.0,1691.66,218.0,198,0,0.0,4,3,4
2025-03-22,P013,Sports,172.0,7612.47,211.0,198,0,0.0,5,3,4
2025-03-23,P013,Sports,158.0,1691.66,354.0,198,0,0.0,6,3,4
2025-03-24,P013,Sports,112.0,1691.66,274.0,198,0,0.0,0,3,4
2025-03-25,P013,Sports,214.0,1130.55,370.0,198,1,0.33,1,3,4
2025-03-26,P013,Sports,113.0,1691.66,181.0,198,0,0.0,2,3,4
2025-03-27,P013,Sports,172.0,1338.45,246.0,198,1,0.21,3,3,4
2025-03-28,P013,Sports,111.0,1691.66,125.0,198,0,0.0,4,3,4
2025-03-29,P013,Sports,171.0,1691.66,388.0,198,0,0.0,5,3,4
2025-03-30,P013,Sports,186.0,1691.66,380.0,198,0,0.0,6,3,4
2025-03-31,P013,Sports,109.0,1691.66,303.0,198,0,0.0,0,3,4
2025-04-01,P013,Sports,123.0,1691.66,329.0,198,0,0.0,1,4,4
2025-04-02,P013,Sports,114.0,1691.66,126.0,198,0,0.0,2,4,4
2025-04-03,P013,Sports,111.0,1691.66,138.0,198,0,0.0,3,4,4
2025-04-04,P013,Sports,107.0,1691.66,119.0,198,0,0.0,4,4,4
2025-04-05,P013,Sports,166.0,1691.66,275.0,198,0,0.0,5,4,4
2025-04-06,P013,Sports,280.0,1184.72,333.0,198,1,0.3,6,4,4
2025-04-07,P013,Sports,116.0,1691.66,265.0,198,0,0.0,0,4,4
2025-04-08,P013,Sports,130.0,1691.66,326.0,198,0,0.0,1,4,4
2025-04-09,P013,Sports,116.0,1691.66,142.0,198,0,0.0,2,4,4
2025-04-10,P013,Sports,111.0,1691.66,212.0,198,0,0.0,3,4,4
2025-04-11,P013,Sports,112.0,1691.66,131.0,198,0,0.0,4,4,4
2025-04-12,P013,Sports,170.0,1691.66,370.0,198,0,0.0,5,4,4
2025-04-13,P013,Sports,,1691.66,,198,0,0.0,6,4,4
2025-04-14,P013,Sports,116.0,1691.66,316.0,198,0,0.0,0,4,4
2025-04-15,P013,Sports,109.0,1691.66,235.0,198,0,0.0,1,4,4
2025-04-16,P013,Sports,97.0,1691.66,213.0,198,0,0.0,2,4,4
2025-04-17,P013,Sports,118.0,1691.66,219.0,198,0,0.0,3,4,4
2025-04-18,P013,Sports,119.0,1691.66,235.0,198,0,0.0,4,4,4
2025-04-19,P013,Sports,173.0,1691.66,449.0,198,0,0.0,5,4,4
2025-04-20,P013,Sports,185.0,1691.66,224.0,198,0,0.0,6,4,4
2025-04-21,P013,Sports,106.0,1691.66,276.0,198,0,0.0,0,4,4
2025-04-22,P013,Sports,111.0,1691.66,124.0,198,0,0.0,1,4,4
2025-04-23,P013,Sports,119.0,1691.66,312.0,198,0,0.0,2,4,4
2025-04-24,P013,Sports,113.0,1691.66,289.0,198,0,0.0,3,4,4
2025-04-25,P013,Sports,124.0,1691.66,161.0,198,0,0.0,4,4,4
2025-04-26,P013,Sports,180.0,1691.66,269.0,198,0,0.0,5,4,4
2025-04-27,P013,Sports,181.0,1691.66,301.0,198,0,0.0,6,4,4
2025-04-28,P013,Sports,119.0,1691.66,274.0,198,0,0.0,0,4,4
2025-04-29,P013,Sports,107.0,1691.66,263.0,198,0,0.0,1,4,4
2025-04-30,P013,Sports,129.0,1691.66,186.0,198,0,0.0,2,4,4
2025-05-01,P013,Sports,130.0,1691.66,-30.0,198,0,0.0,3,5,4
2025-05-02,P013,Sports,109.0,1691.66,244.0,198,0,0.0,4,5,4
2025-05-03,P013,Sports,185.0,1691.66,284.0,198,0,0.0,5,5,4
2025-05-04,P013,Sports,165.0,1691.66,379.0,198,0,0.0,6,5,4
2025-05-05,P013,Sports,122.0,1691.66,340.0,198,0,0.0,0,5,4
2025-05-06,P013,Sports,115.0,1691.66,261.0,198,0,0.0,1,5,4
2025-05-07,P013,Sports,136.0,1691.66,268.0,198,0,0.0,2,5,4
2025-05-08,P013,Sports,111.0,1691.66,177.0,198,0,0.0,3,5,4
2025-05-09,P013,Sports,104.0,1691.66,120.0,198,0,0.0,4,5,4
2025-05-10,P013,Sports,165.0,1691.66,296.0,198,0,0.0,5,5,4
2025-05-11,P013,Sports,192.0,1691.66,213.0,198,0,0.0,6,5,4
2025-05-12,P013,Sports,213.0,1071.84,518.0,198,1,0.37,0,5,4
2025-05-13,P013,Sports,127.0,1691.66,173.0,198,0,0.0,1,5,4
2025-05-14,P013,Sports,120.0,1691.66,263.0,198,0,0.0,2,5,4
2025-05-15,P013,Sports,121.0,1691.66,157.0,198,0,0.0,3,5,4
2025-05-16,P013,Sports,128.0,1691.66,214.0,198,0,0.0,4,5,4
2025-05-17,P013,Sports,340.0,985.71,592.0,198,1,0.42,5,5,4
2025-05-18,P013,Sports,186.0,1691.66,395.0,198,0,0.0,6,5,4
2025-05-19,P013,Sports,139.0,1691.66,240.0,198,0,0.0,0,5,4
2025-05-20,P013,Sports,131.0,1691.66,268.0,198,0,0.0,1,5,4
2025-05-21,P013,Sports,117.0,1691.66,307.0,198,0,0.0,2,5,4
2025-05-22,P013,Sports,106.0,1691.66,164.0,198,0,0.0,3,5,4
2025-05-23,P013,Sports,125.0,1691.66,312.0,198,0,0.0,4,5,4
2025-05-24,P013,Sports,172.0,1691.66,417.0,198,0,0.0,5,5,4
2025-05-25,P013,Sports,157.0,1691.66,301.0,198,0,0.0,6,5,4
2025-05-26,P013,Sports,119.0,1691.66,318.0,198,0,0.0,0,5,4
2025-05-27,P013,Sports,111.0,1691.66,145.0,198,0,0.0,1,5,4
2025-05-28,P013,Sports,234.0,947.38,543.0,198,1,0.44,2,5,4
2025-05-29,P013,Sports,118.0,1691.66,132.0,198,0,0.0,3,5,4
2025-05-30,P013,Sports,127.0,1691.66,232.0,198,0,0.0,4,5,4
2025-05-31,P013,Sports,177.0,1691.66,376.0,198,0,0.0,5,5,4
2025-06-01,P013,Sports,154.0,1691.66,210.0,198,0,0.0,6,6,4
2025-06-02,P013,Sports,133.0,1691.66,274.0,198,0,0.0,0,6,4
2025-06-03,P013,Sports,119.0,1691.66,309.0,198,0,0.0,1,6,4
2025-06-04,P013,Sports,120.0,1691.66,280.0,198,0,0.0,2,6,4
2025-06-05,P013,Sports,117.0,1691.66,289.0,198,0,0.0,3,6,4
2025-06-06,P013,Sports,111.0,1691.66,199.0,198,0,0.0,4,6,4
2025-06-07,P013,Sports,167.0,1691.66,419.0,198,0,0.0,5,6,4
2025-06-08,P013,Sports,170.0,1691.66,428.0,198,0,0.0,6,6,4
2025-06-09,P013,Sports,124.0,1691.66,307.0,198,0,0.0,0,6,4
2025-06-10,P013,Sports,116.0,1691.66,286.0,198,0,0.0,1,6,4
2025-06-11,P013,Sports,113.0,1691.66,248.0,198,0,0.0,2,6,4
2025-06-12,P013,Sports,108.0,1691.66,237.0,198,0,0.0,3,6,4
2025-06-13,P013,Sports,119.0,1691.66,293.0,198,0,0.0,4,6,4
2025-06-14,P013,Sports,176.0,1691.66,402.0,198,0,0.0,5,6,4
2025-06-15,P013,Sports,180.0,1691.66,306.0,198,0,0.0,6,6,4
2025-06-16,P013,Sports,115.0,1691.66,214.0,198,0,0.0,0,6,4
2025-06-17,P013,Sports,118.0,1691.66,169.0,198,0,0.0,1,6,4
2025-06-18,P013,Sports,109.0,1691.66,223.0,198,0,0.0,2,6,4
2025-06-19,P013,Sports,108.0,1691.66,181.0,198,0,0.0,3,6,4
2025-06-20,P013,Sports,126.0,1691.66,180.0,198,0,0.0,4,6,4
2025-06-21,P013,Sports,170.0,1691.66,211.0,198,0,0.0,5,6,4
2025-06-22,P013,Sports,193.0,1691.66,518.0,198,0,0.0,6,6,4
2025-06-23,P013,Sports,121.0,1691.66,202.0,198,0,0.0,0,6,4
2025-06-24,P013,Sports,104.0,1691.66,203.0,198,0,0.0,1,6,4
2025-06-25,P013,Sports,113.0,1691.66,249.0,198,0,0.0,2,6,4
2025-06-26,P013,Sports,117.0,1691.66,274.0,198,0,0.0,3,6,4
2025-06-27,P013,Sports,128.0,1691.66,228.0,198,0,0.0,4,6,4
2025-06-28,P013,Sports,173.0,1691.66,238.0,198,0,0.0,5,6,4
2025-06-29,P013,Sports,162.0,1691.66,400.0,198,0,0.0,6,6,4
2025-06-30,P013,Sports,,1691.66,,198,0,0.0,0,6,4
2025-07-01,P013,Sports,132.0,1691.66,246.0,198,0,0.0,1,7,4
2025-07-02,P013,Sports,112.0,1691.66,230.0,198,0,0.0,2,7,4
2025-07-03,P013,Sports,130.0,1691.66,338.0,198,0,0.0,3,7,4
2025-07-04,P013,Sports,218.0,1115.44,363.0,198,1,0.34,4,7,4
2025-07-05,P013,Sports,159.0,1691.66,205.0,198,0,0.0,5,7,4
2025-07-06,P013,Sports,160.0,1691.66,253.0,198,0,0.0,6,7,4
2025-07-07,P013,Sports,126.0,1691.66,324.0,198,0,0.0,0,7,4
2025-07-08,P013,Sports,127.0,1691.66,353.0,198,0,0.0,1,7,4
2025-07-09,P013,Sports,115.0,1691.66,273.0,198,0,0.0,2,7,4
2025-07-10,P013,Sports,,1691.66,,198,0,0.0,3,7,4
2025-07-11,P013,Sports,238.0,947.35,279.0,198,1,0.44,4,7,4
2025-07-12,P013,Sports,182.0,1691.66,285.0,198,0,0.0,5,7,4
2025-07-13,P013,Sports,178.0,1691.66,492.0,198,0,0.0,6,7,4
2025-07-14,P013,Sports,226.0,1055.33,393.0,198,1,0.38,0,7,4
2025-07-15,P013,Sports,128.0,1691.66,233.0,198,0,0.0,1,7,4
2025-07-16,P013,Sports,111.0,1691.66,285.0,198,0,0.0,2,7,4
2025-07-17,P013,Sports,113.0,1691.66,210.0,198,0,0.0,3,7,4
2025-07-18,P013,Sports,128.0,1691.66,147.0,198,0,0.0,4,7,4
2025-07-19,P013,Sports,183.0,1691.66,262.0,198,0,0.0,5,7,4
2025-07-20,P013,Sports,181.0,1691.66,369.0,198,0,0.0,6,7,4
2025-07-21,P013,Sports,118.0,1691.66,296.0,198,0,0.0,0,7,4
2025-07-22,P013,Sports,118.0,1691.66,216.0,198,0,0.0,1,7,4
2025-07-23,P013,Sports,126.0,1691.66,194.0,198,0,0.0,2,7,4
2025-07-24,P013,Sports,178.0,1279.05,201.0,198,1,0.24,3,7,4
2025-07-25,P013,Sports,125.0,1691.66,258.0,198,0,0.0,4,7,4
2025-07-26,P013,Sports,281.0,1327.46,746.0,198,1,0.22,5,7,4
2025-07-27,P013,Sports,163.0,1691.66,217.0,198,0,0.0,6,7,4
2025-07-28,P013,Sports,138.0,1691.66,183.0,198,0,0.0,0,7,4
2025-07-29,P013,Sports,105.0,1691.66,290.0,198,0,0.0,1,7,4
2025-07-30,P013,Sports,112.0,1691.66,138.0,198,0,0.0,2,7,4
2025-07-31,P013,Sports,127.0,1691.66,164.0,198,0,0.0,3,7,4
2025-08-01,P013,Sports,119.0,1691.66,201.0,198,0,0.0,4,8,4
2025-08-02,P013,Sports,174.0,1691.66,325.0,198,0,0.0,5,8,4
2025-08-03,P013,Sports,170.0,1691.66,316.0,198,0,0.0,6,8,4
2025-08-04,P013,Sports,120.0,1691.66,270.0,198,0,0.0,0,8,4
2025-08-05,P013,Sports,123.0,1691.66,234.0,198,0,0.0,1,8,4
2025-08-06,P013,Sports,119.0,1691.66,315.0,198,0,0.0,2,8,4
2025-08-07,P013,Sports,133.0,1691.66,152.0,198,0,0.0,3,8,4
2025-08-08,P013,Sports,115.0,1691.66,270.0,198,0,0.0,4,8,4
2025-08-09,P013,Sports,181.0,1691.66,379.0,198,0,0.0,5,8,4
2025-08-10,P013,Sports,194.0,1691.66,229.0,198,0,0.0,6,8,4
2025-08-11,P013,Sports,125.0,1691.66,285.0,198,0,0.0,0,8,4
2025-08-12,P013,Sports,123.0,1691.66,179.0,198,0,0.0,1,8,4
2025-08-13,P013,Sports,105.0,1691.66,183.0,198,0,0.0,2,8,4
2025-08-14,P013,Sports,142.0,1691.66,165.0,198,0,0.0,3,8,4
2025-08-15,P013,Sports,234.0,1109.69,406.0,198,1,0.34,4,8,4
2025-08-16,P013,Sports,198.0,1691.66,222.0,198,0,0.0,5,8,4
2025-08-17,P013,Sports,178.0,1691.66,450.0,198,0,0.0,6,8,4
2025-08-18,P013,Sports,141.0,1691.66,198.0,198,0,0.0,0,8,4
2025-08-19,P013,Sports,123.0,1691.66,209.0,198,0,0.0,1,8,4
2025-08-20,P013,Sports,210.0,1086.6,319.0,198,1,0.36,2,8,4
2025-08-21,P013,Sports,146.0,1691.66,362.0,198,0,0.0,3,8,4
2025-08-22,P013,Sports,119.0,1691.66,329.0,198,0,0.0,4,8,4
2025-08-23,P013,Sports,164.0,1691.66,256.0,198,0,0.0,5,8,4
2025-08-24,P013,Sports,190.0,1691.66,412.0,198,0,0.0,6,8,4
2025-08-25,P013,Sports,129.0,1691.66,297.0,198,0,0.0,0,8,4
2025-08-26,P013,Sports,115.0,1691.66,243.0,198,0,0.0,1,8,4
2025-08-27,P013,Sports,136.0,1691.66,209.0,198,0,0.0,2,8,4
2025-08-28,P013,Sports,113.0,1691.66,192.0,198,0,0.0,3,8,4
2025-08-29,P013,Sports,139.0,1691.66,324.0,198,0,0.0,4,8,4
2025-08-30,P013,Sports,177.0,1691.66,351.0,198,0,0.0,5,8,4
2025-08-31,P013,Sports,178.0,1691.66,276.0,198,0,0.0,6,8,4
2025-09-01,P013,Sports,126.0,1691.66,232.0,198,0,0.0,0,9,4
2025-09-02,P013,Sports,124.0,1691.66,262.0,198,0,0.0,1,9,4
2025-09-03,P013,Sports,123.0,1691.66,301.0,198,0,0.0,2,9,4
2025-09-04,P013,Sports,,1691.66,,198,0,0.0,3,9,4
2025-09-05,P013,Sports,126.0,1691.66,330.0,198,0,0.0,4,9,4
2025-09-06,P013,Sports,304.0,1168.31,666.0,198,1,0.31,5,9,4
2025-09-07,P013,Sports,170.0,1691.66,241.0,198,0,0.0,6,9,4
2025-09-08,P013,Sports,120.0,1691.66,227.0,198,0,0.0,0,9,4
2025-09-09,P013,Sports,116.0,1691.66,276.0,198,0,0.0,1,9,4
2025-09-10,P013,Sports,202.0,1076.21,489.0,198,1,0.36,2,9,4
2025-09-11,P013,Sports,115.0,1691.66,253.0,198,0,0.0,3,9,4
2025-09-12,P013,Sports,159.0,1386.97,266.0,198,1,0.18,4,9,4
2025-09-13,P013,Sports,242.0,1358.02,443.0,198,1,0.2,5,9,4
2025-09-14,P013,Sports,177.0,1691.66,268.0,198,0,0.0,6,9,4
2025-09-15,P013,Sports,104.0,1691.66,265.0,198,0,0.0,0,9,4
2025-09-16,P013,Sports,120.0,1691.66,234.0,198,0,0.0,1,9,4
2025-09-17,P013,Sports,126.0,1691.66,321.0,198,0,0.0,2,9,4
2025-09-18,P013,Sports,129.0,1691.66,302.0,198,0,0.0,3,9,4
2025-09-19,P013,Sports,126.0,1691.66,204.0,198,0,0.0,4,9,4
2025-09-20,P013,Sports,181.0,1691.66,210.0,198,0,0.0,5,9,4
2025-09-21,P013,Sports,173.0,1691.66,452.0,198,0,0.0,6,9,4
2025-09-22,P013,Sports,127.0,1691.66,299.0,198,0,0.0,0,9,4
2025-09-23,P013,Sports,123.0,1691.66,342.0,198,0,0.0,1,9,4
2025-09-24,P013,Sports,118.0,1691.66,307.0,198,0,0.0,2,9,4
2025-09-25,P013,Sports,115.0,1691.66,179.0,198,0,0.0,3,9,4
2025-09-26,P013,Sports,125.0,1691.66,323.0,198,0,0.0,4,9,4
2025-09-27,P013,Sports,199.0,1691.66,272.0,198,0,0.0,5,9,4
2025-09-28,P013,Sports,176.0,1691.66,360.0,198,0,0.0,6,9,4
2025-09-29,P013,Sports,138.0,1691.66,182.0,198,0,0.0,0,9,4
2025-09-30,P013,Sports,122.0,1691.66,275.0,198,0,0.0,1,9,4
2025-10-01,P013,Sports,202.0,1691.66,291.0,198,0,0.0,2,10,4
2025-10-02,P013,Sports,190.0,1691.66,466.0,198,0,0.0,3,10,4
2025-10-03,P013,Sports,192.0,1691.66,409.0,198,0,0.0,4,10,4
2025-10-04,P013,Sports,286.0,1691.66,524.0,198,0,0.0,5,10,4
2025-10-05,P013,Sports,281.0,1691.66,464.0,198,0,0.0,6,10,4
2025-10-06,P013,Sports,196.0,1691.66,471.0,198,0,0.0,0,10,4
2025-10-07,P013,Sports,190.0,1691.66,479.0,198,0,0.0,1,10,4
2025-10-08,P013,Sports,199.0,1691.66,400.0,198,0,0.0,2,10,4
2025-10-09,P013,Sports,197.0,1691.66,519.0,198,0,0.0,3,10,4
2025-10-10,P013,Sports,190.0,1691.66,521.0,198,0,0.0,4,10,4
2025-10-11,P013,Sports,275.0,1691.66,485.0,198,0,0.0,5,10,4
2025-10-12,P013,Sports,272.0,1691.66,640.0,198,0,0.0,6,10,4
2025-10-13,P013,Sports,198.0,1691.66,388.0,198,0,0.0,0,10,4
2025-10-14,P013,Sports,168.0,1691.66,366.0,198,0,0.0,1,10,4
2025-10-15,P013,Sports,209.0,1691.66,507.0,198,0,0.0,2,10,4
2025-10-16,P013,Sports,172.0,1691.66,458.0,198,0,0.0,3,10,4
2025-10-17,P013,Sports,187.0,1691.66,428.0,198,0,0.0,4,10,4
2025-10-18,P013,Sports,279.0,1691.66,719.0,198,0,0.0,5,10,4
2025-10-19,P013,Sports,277.0,1691.66,560.0,198,0,0.0,6,10,4
2025-10-20,P013,Sports,187.0,1691.66,512.0,198,0,0.0,0,10,4
2025-10-21,P013,Sports,204.0,1691.66,470.0,198,0,0.0,1,10,4
2025-10-22,P013,Sports,177.0,1691.66,396.0,198,0,0.0,2,10,4
2025-10-23,P013,Sports,187.0,1691.66,270.0,198,0,0.0,3,10,4
2025-10-24,P013,Sports,194.0,1691.66,401.0,198,0,0.0,4,10,4
2025-10-25,P013,Sports,279.0,1691.66,325.0,198,0,0.0,5,10,4
2025-10-26,P013,Sports,279.0,1691.66,702.0,198,0,0.0,6,10,4
2025-10-27,P013,Sports,204.0,1691.66,381.0,198,0,0.0,0,10,4
2025-10-28,P013,Sports,196.0,1691.66,263.0,198,0,0.0,1,10,4
2025-10-29,P013,Sports,189.0,1691.66,238.0,198,0,0.0,2,10,4
