src/data/raw/ecommerce_inventory_demand.csv
date,product_id,product_category,units_sold,unit_price,stock_on_hand,reorder_point,is_promotion,discount_pct,day_of_week,month,supplier_lead_days
2025-10-30,P013,Sports,197.0,1691.66,324.0,198,0,0.0,3,10,4
2025-10-31,P013,Sports,207.0,1691.66,250.0,198,0,0.0,4,10,4
2025-11-01,P013,Sports,278.0,1691.66,724.0,198,0,0.0,5,11,4
2025-11-02,P013,Sports,264.0,1691.66,326.0,198,0,0.0,6,11,4
2025-11-03,P013,Sports,211.0,1691.66,528.0,198,0,0.0,0,11,4
2025-11-04,P013,Sports,197.0,1691.66,465.0,198,0,0.0,1,11,4
2025-11-05,P013,Sports,330.0,1212.02,823.0,198,1,0.28,2,11,4
2025-11-06,P013,Sports,188.0,1691.66,277.0,198,0,0.0,3,11,4
2025-11-07,P013,Sports,190.0,1691.66,283.0,198,0,0.0,4,11,4
2025-11-08,P013,Sports,404.0,1341.29,790.0,198,1,0.21,5,11,4
2025-11-09,P013,Sports,269.0,1691.66,653.0,198,0,0.0,6,11,4
2025-11-10,P013,Sports,204.0,1691.66,349.0,198,0,0.0,0,11,4
2025-11-11,P013,Sports,197.0,1691.66,219.0,198,0,0.0,1,11,4
2025-11-12,P013,Sports,195.0,1691.66,343.0,198,0,0.0,2,11,4
2025-11-13,P013,Sports,188.0,1691.66,223.0,198,0,0.0,3,11,4
2025-11-14,P013,Sports,185.0,1691.66,471.0,198,0,0.0,4,11,4
2025-11-15,P013,Sports,283.0,1691.66,312.0,198,0,0.0,5,11,4
2025-11-16,P013,Sports,296.0,1691.66,659.0,198,0,0.0,6,11,4
2025-11-17,P013,Sports,189.0,1691.66,255.0,198,0,0.0,0,11,4
2025-11-18,P013,Sports,189.0,1691.66,483.0,198,0,0.0,1,11,4
2025-11-19,P013,Sports,190.0,1691.66,233.0,198,0,0.0,2,11,4
2025-11-20,P013,Sports,205.0,1691.66,258.0,198,0,0.0,3,11,4
2025-11-21,P013,Sports,178.0,1691.66,303.0,198,0,0.0,4,11,4
2025-11-22,P013,Sports,288.0,1691.66,326.0,198,0,0.0,5,11,4
2025-11-23,P013,Sports,256.0,1691.66,592.0,198,0,0.0,6,11,4
2025-11-24,P013,Sports,182.0,1691.66,471.0,198,0,0.0,0,11,4
2025-11-25,P013,Sports,331.0,1141.27,439.0,198,1,0.33,1,11,4
2025-11-26,P013,Sports,199.0,1691.66,456.0,198,0,0.0,2,11,4
2025-11-27,P013,Sports,192.0,1691.66,496.0,198,0,0.0,3,11,4
2025-11-28,P013,Sports,192.0,1691.66,217.0,198,0,0.0,4,11,4
2025-11-29,P013,Sports,275.0,1691.66,308.0,198,0,0.0,5,11,4
2025-11-30,P013,Sports,286.0,1691.66,542.0,198,0,0.0,6,11,4
2025-12-01,P013,Sports,200.0,1691.66,312.0,198,0,0.0,0,12,4
2025-12-02,P013,Sports,204.0,1691.66,501.0,198,0,0.0,1,12,4
2025-12-03,P013,Sports,188.0,1691.66,501.0,198,0,0.0,2,12,4
2025-12-04,P013,Sports,181.0,1691.66,315.0,198,0,0.0,3,12,4
2025-12-05,P013,Sports,359.0,1092.01,663.0,198,1,0.35,4,12,4
2025-12-06,P013,Sports,279.0,1691.66,747.0,198,0,0.0,5,12,4
2025-12-07,P013,Sports,283.0,1691.66,385.0,198,0,0.0,6,12,4
2025-12-08,P013,Sports,209.0,1691.66,233.0,198,0,0.0,0,12,4
2025-12-09,P013,Sports,173.0,1691.66,326.0,198,0,0.0,1,12,4
2025-12-10,P013,Sports,303.0,1298.52,716.0,198,1,0.23,2,12,4
2025-12-11,P013,Sports,177.0,1691.66,374.0,198,0,0.0,3,12,4
2025-12-12,P013,Sports,192.0,1691.66,476.0,198,0,0.0,4,12,4
2025-12-13,P013,Sports,309.0,1691.66,640.0,198,0,0.0,5,12,4
2025-12-14,P013,Sports,285.0,1691.66,449.0,198,0,0.0,6,12,4
2025-12-15,P013,Sports,198.0,1691.66,278.0,198,0,0.0,0,12,4
2025-12-16,P013,Sports,181.0,1691.66,441.0,198,0,0.0,1,12,4
2025-12-17,P013,Sports,176.0,1691.66,271.0,198,0,0.0,2,12,4
2025-12-18,P013,Sports,318.0,1263.02,714.0,198,1,0.25,3,12,4
2025-12-19,P013,Sports,184.0,1691.66,232.0,198,0,0.0,4,12,4
2025-12-20,P013,Sports,307.0,1691.66,700.0,198,0,0.0,5,12,4
2025-12-21,P013,Sports,280.0,1691.66,465.0,198,0,0.0,6,12,4
2025-12-22,P013,Sports,194.0,1691.66,323.0,198,0,0.0,0,12,4
2025-12-23,P013,Sports,178.0,1691.66,402.0,198,0,0.0,1,12,4
2025-12-24,P013,Sports,191.0,1691.66,292.0,198,0,0.0,2,12,4
2025-12-25,P013,Sports,183.0,1691.66,201.0,198,0,0.0,3,12,4
2025-12-26,P013,Sports,196.0,1691.66,497.0,198,0,0.0,4,12,4
2025-12-27,P013,Sports,560.0,954.26,1025.0,198,1,0.44,5,12,4
2025-12-28,P013,Sports,283.0,1691.66,407.0,198,0,0.0,6,12,4
2025-12-29,P013,Sports,186.0,1691.66,225.0,198,0,0.0,0,12,4
2025-12-30,P013,Sports,197.0,1691.66,502.0,198,0,0.0,1,12,4
2025-12-31,P013,Sports,195.0,1691.66,320.0,198,0,0.0,2,12,4
2026-01-01,P013,Sports,169.0,1057.41,248.0,198,1,0.37,3,1,4
2026-01-02,P013,Sports,94.0,1691.66,133.0,198,0,0.0,4,1,4
2026-01-03,P013,Sports,137.0,1691.66,340.0,198,0,0.0,5,1,4
2026-01-04,P013,Sports,138.0,1691.66,182.0,198,0,0.0,6,1,4
2026-01-05,P013,Sports,112.0,1691.66,246.0,198,0,0.0,0,1,4
2026-01-06,P013,Sports,96.0,1691.66,251.0,198,0,0.0,1,1,4
2026-01-07,P013,Sports,98.0,1691.66,126.0,198,0,0.0,2,1,4
2026-01-08,P013,Sports,115.0,1691.66,305.0,198,0,0.0,3,1,4
2026-01-09,P013,Sports,103.0,1691.66,150.0,198,0,0.0,4,1,4
2026-01-10,P013,Sports,147.0,1691.66,303.0,198,0,0.0,5,1,4
2026-01-11,P013,Sports,135.0,1691.66,348.0,198,0,0.0,6,1,4
2026-01-12,P013,Sports,103.0,1691.66,231.0,198,0,0.0,0,1,4
2026-01-13,P013,Sports,151.0,1133.08,228.0,198,1,0.33,1,1,4
2026-01-14,P013,Sports,109.0,1691.66,151.0,198,0,0.0,2,1,4
2026-01-15,P013,Sports,86.0,1691.66,218.0,198,0,0.0,3,1,4
2026-01-16,P013,Sports,98.0,1691.66,110.0,198,0,0.0,4,1,4
2026-01-17,P013,Sports,159.0,1691.66,233.0,198,0,0.0,5,1,4
2026-01-18,P013,Sports,138.0,1691.66,214.0,198,0,0.0,6,1,4
2026-01-19,P013,Sports,177.0,952.22,473.0,198,1,0.44,0,1,4
2026-01-20,P013,Sports,91.0,1691.66,238.0,198,0,0.0,1,1,4
2026-01-21,P013,Sports,91.0,1691.66,243.0,198,0,0.0,2,1,4
2026-01-22,P013,Sports,93.0,1691.66,150.0,198,0,0.0,3,1,4
2026-01-23,P013,Sports,93.0,1691.66,132.0,198,0,0.0,4,1,4
2026-01-24,P013,Sports,139.0,1691.66,381.0,198,0,0.0,5,1,4
2026-01-25,P013,Sports,139.0,1691.66,272.0,198,0,0.0,6,1,4
2026-01-26,P013,Sports,77.0,1691.66,209.0,198,0,0.0,0,1,4
2026-01-27,P013,Sports,94.0,1691.66,140.0,198,0,0.0,1,1,4
2026-01-28,P013,Sports,107.0,1691.66,249.0,198,0,0.0,2,1,4
2026-01-29,P013,Sports,96.0,1691.66,131.0,198,0,0.0,3,1,4
2026-01-30,P013,Sports,101.0,1691.66,119.0,198,0,0.0,4,1,4
2026-01-31,P013,Sports,131.0,1691.66,292.0,198,0,0.0,5,1,4
2026-02-01,P013,Sports,138.0,1691.66,226.0,198,0,0.0,6,2,4
2026-02-02,P013,Sports,102.0,1691.66,240.0,198,0,0.0,0,2,4
2026-02-03,P013,Sports,85.0,1691.66,193.0,198,0,0.0,1,2,4
2026-02-04,P013,Sports,79.0,1691.66,123.0,198,0,0.0,2,2,4
2026-02-05,P013,Sports,101.0,1691.66,217.0,198,0,0.0,3,2,4
2026-02-06,P013,Sports,100.0,1691.66,116.0,198,0,0.0,4,2,4
2026-02-07,P013,Sports,146.0,1691.66,408.0,198,0,0.0,5,2,4
2026-02-08,P013,Sports,150.0,1691.66,181.0,198,0,0.0,6,2,4
2026-02-09,P013,Sports,93.0,1691.66,241.0,198,0,0.0,0,2,4
2026-02-10,P013,Sports,88.0,1691.66,121.0,198,0,0.0,1,2,4
2026-02-11,P013,Sports,79.0,1691.66,107.0,198,0,0.0,2,2,4
2026-02-12,P013,Sports,98.0,1691.66,240.0,198,0,0.0,3,2,4
2026-02-13,P013,Sports,101.0,1691.66,276.0,198,0,0.0,4,2,4
2026-02-14,P013,Sports,130.0,1691.66,206.0,198,0,0.0,5,2,4
2026-02-15,P013,Sports,143.0,1691.66,211.0,198,0,0.0,6,2,4
2026-02-16,P013,Sports,103.0,1691.66,229.0,198,0,0.0,0,2,4
2026-02-17,P013,Sports,85.0,1691.66,106.0,198,0,0.0,1,2,4
2026-02-18,P013,Sports,104.0,1691.66,150.0,198,0,0.0,2,2,4
2026-02-19,P013,Sports,92.0,1691.66,207.0,198,0,0.0,3,2,4
2026-02-20,P013,Sports,107.0,1691.66,255.0,198,0,0.0,4,2,4
2026-02-21,P013,Sports,151.0,1691.66,197.0,198,0,0.0,5,2,4
2026-02-22,P013,Sports,142.0,1691.66,200.0,198,0,0.0,6,2,4
2026-02-23,P013,Sports,87.0,1691.66,198.0,198,0,0.0,0,2,4
2026-02-24,P013,Sports,91.0,1691.66,214.0,198,0,0.0,1,2,4
2026-02-25,P013,Sports,100.0,1691.66,134.0,198,0,0.0,2,2,4
2026-02-26,P013,Sports,99.0,1691.66,124.0,198,0,0.0,3,2,4
2026-02-27,P013,Sports,96.0,1691.66,262.0,198,0,0.0,4,2,4
2026-02-28,P013,Sports,132.0,1691.66,356.0,198,0,0.0,5,2,4
2026-03-01,P013,Sports,175.0,1691.66,352.0,198,0,0.0,6,3,4
2026-03-02,P013,Sports,136.0,1691.66,189.0,198,0,0.0,0,3,4
2026-03-03,P013,Sports,120.0,1691.66,267.0,198,0,0.0,1,3,4
2026-03-04,P013,Sports,132.0,1691.66,261.0,198,0,0.0,2,3,4
2026-03-05,P013,Sports,116.0,1691.66,277.0,198,0,0.0,3,3,4
2026-03-06,P013,Sports,123.0,1691.66,228.0,198,0,0.0,4,3,4
2026-03-07,P013,Sports,164.0,1691.66,391.0,198,0,0.0,5,3,4
2026-03-08,P013,Sports,192.0,1691.66,335.0,198,0,0.0,6,3,4
2026-03-09,P013,Sports,123.0,1691.66,306.0,198,0,0.0,0,3,4
2026-03-10,P013,Sports,137.0,1691.66,369.0,198,0,0.0,1,3,4
2026-03-11,P013,Sports,145.0,1691.66,255.0,198,0,0.0,2,3,4
2026-03-12,P013,Sports,134.0,1691.66,241.0,198,0,0.0,3,3,4
2026-03-13,P013,Sports,136.0,1691.66,208.0,198,0,0.0,4,3,4
2026-03-14,P013,Sports,168.0,1691.66,351.0,198,0,0.0,5,3,4
2026-03-15,P013,Sports,193.0,1691.66,422.0,198,0,0.0,6,3,4
2026-03-16,P013,Sports,129.0,1691.66,292.0,198,0,0.0,0,3,4
2026-03-17,P013,Sports,133.0,1691.66,227.0,198,0,0.0,1,3,4
2026-03-18,P013,Sports,122.0,1691.66,199.0,198,0,0.0,2,3,4
2026-03-19,P013,Sports,124.0,1691.66,178.0,198,0,0.0,3,3,4
2026-03-20,P013,Sports,119.0,1691.66,179.0,198,0,0.0,4,3,4
2026-03-21,P013,Sports,184.0,1691.66,411.0,198,0,0.0,5,3,4
2026-03-22,P013,Sports,193.0,1691.66,430.0,198,0,0.0,6,3,4
2026-03-23,P013,Sports,118.0,1691.66,301.0,198,0,0.0,0,3,4
2026-03-24,P013,Sports,137.0,1691.66,288.0,198,0,0.0,1,3,4
2026-03-25,P013,Sports,126.0,1691.66,138.0,198,0,0.0,2,3,4
2026-03-26,P013,Sports,136.0,1691.66,353.0,198,0,0.0,3,3,4
2025-01-01,P014,Home,181.0,1277.82,492.0,488,0,0.0,2,1,5
2025-01-02,P014,Home,81.0,1277.82,114.0,488,0,0.0,3,1,5
2025-01-03,P014,Home,290.0,873.23,767.0,488,1,0.32,4,1,5
2025-01-04,P014,Home,255.0,1277.82,552.0,488,0,0.0,5,1,5
2025-01-05,P014,Home,233.0,1277.82,480.0,488,0,0.0,6,1,5
2025-01-06,P014,Home,214.0,1277.82,368.0,488,0,0.0,0,1,5
2025-01-07,P014,Home,146.0,1277.82,210.0,488,0,0.0,1,1,5
2025-01-08,P014,Home,190.0,1277.82,272.0,488,0,0.0,2,1,5
2025-01-09,P014,Home,146.0,1277.82,313.0,488,0,0.0,3,1,5
2025-01-10,P014,Home,192.0,1277.82,485.0,488,0,0.0,4,1,5
2025-01-11,P014,Home,214.0,1277.82,357.0,488,0,0.0,5,1,5
2025-01-12,P014,Home,209.0,1277.82,273.0,488,0,0.0,6,1,5
2025-01-13,P014,Home,160.0,1277.82,220.0,488,0,0.0,0,1,5
2025-01-14,P014,Home,250.0,977.33,614.0,488,1,0.24,1,1,5
2025-01-15,P014,Home,340.0,799.62,906.0,488,1,0.37,2,1,5
2025-01-16,P014,Home,150.0,1277.82,220.0,488,0,0.0,3,1,5
2025-01-17,P014,Home,168.0,1277.82,252.0,488,0,0.0,4,1,5
2025-01-18,P014,Home,265.0,1277.82,449.0,488,0,0.0,5,1,5
2025-01-19,P014,Home,361.0,1070.41,940.0,488,1,0.16,6,1,5
2025-01-20,P014,Home,193.0,1277.82,452.0,488,0,0.0,0,1,5
2025-01-21,P014,Home,180.0,1277.82,211.0,488,0,0.0,1,1,5
2025-01-22,P014,Home,149.0,1277.82,256.0,488,0,0.0,2,1,5
2025-01-23,P014,Home,136.0,1277.82,182.0,488,0,0.0,3,1,5
2025-01-24,P014,Home,166.0,1277.82,260.0,488,0,0.0,4,1,5
2025-01-25,P014,Home,252.0,1277.82,554.0,488,0,0.0,5,1,5
2025-01-26,P014,Home,210.0,1277.82,446.0,488,0,0.0,6,1,5
2025-01-27,P014,Home,181.0,1277.82,252.0,488,0,0.0,0,1,5
2025-01-28,P014,Home,181.0,1277.82,396.0,488,0,0.0,1,1,5
2025-01-29,P014,Home,144.0,1277.82,180.0,488,0,0.0,2,1,5
2025-01-30,P014,Home,197.0,1277.82,489.0,488,0,0.0,3,1,5
2025-01-31,P014,Home,140.0,1277.82,227.0,488,0,0.0,4,1,5
2025-02-01,P014,Home,283.0,1277.82,421.0,488,0,0.0,5,2,5
2025-02-02,P014,Home,372.0,939.03,798.0,488,1,0.27,6,2,5
2025-02-03,P014,Home,175.0,1277.82,390.0,488,0,0.0,0,2,5
2025-02-04,P014,Home,239.0,1075.34,271.0,488,1,0.16,1,2,5
2025-02-05,P014,Home,153.0,1277.82,404.0,488,0,0.0,2,2,5
2025-02-06,P014,Home,177.0,1277.82,223.0,488,0,0.0,3,2,5
2025-02-07,P014,Home,169.0,1277.82,399.0,488,0,0.0,4,2,5
2025-02-08,P014,Home,289.0,1277.82,690.0,488,0,0.0,5,2,5
2025-02-09,P014,Home,224.0,1277.82,334.0,488,0,0.0,6,2,5
2025-02-10,P014,Home,198.0,1277.82,227.0,488,0,0.0,0,2,5
2025-02-11,P014,Home,170.0,1277.82,401.0,488,0,0.0,1,2,5
2025-02-12,P014,Home,175.0,1277.82,474.0,488,0,0.0,2,2,5
2025-02-13,P014,Home,155.0,1277.82,251.0,488,0,0.0,3,2,5
2025-02-14,P014,Home,134.0,1277.82,247.0,488,0,0.0,4,2,5
2025-02-15,P014,Home,255.0,1277.82,571.0,488,0,0.0,5,2,5
2025-02-16,P014,Home,372.0,913.64,836.0,488,1,0.28,6,2,5
2025-02-17,P014,Home,185.0,1277.82,372.0,488,0,0.0,0,2,5
2025-02-18,P014,Home,166.0,1277.82,270.0,488,0,0.0,1,2,5
2025-02-19,P014,Home,171.0,1277.82,368.0,488,0,0.0,2,2,5
2025-02-20,P014,Home,186.0,1277.82,287.0,488,0,0.0,3,2,5
2025-02-21,P014,Home,172.0,1277.82,421.0,488,0,0.0,4,2,5
2025-02-22,P014,Home,270.0,1277.82,647.0,488,0,0.0,5,2,5
2025-02-23,P014,Home,243.0,1277.82,619.0,488,0,0.0,6,2,5
2025-02-24,P014,Home,,1277.82,,488,0,0.0,0,2,5
2025-02-25,P014,Home,168.0,1277.82,468.0,488,0,0.0,1,2,5
2025-02-26,P014,Home,153.0,1277.82,306.0,488,0,0.0,2,2,5
2025-02-27,P014,Home,166.0,1277.82,285.0,488,0,0.0,3,2,5
2025-02-28,P014,Home,173.0,1277.82,195.0,488,0,0.0,4,2,5
2025-03-01,P014,Home,341.0,1277.82,772.0,488,0,0.0,5,3,5
2025-03-02,P014,Home,339.0,1277.82,764.0,488,0,0.0,6,3,5
2025-03-03,P014,Home,232.0,1277.82,568.0,488,0,0.0,0,3,5
2025-03-04,P014,Home,246.0,1277.82,385.0,488,0,0.0,1,3,5
2025-03-05,P014,Home,,1277.82,,488,0,0.0,2,3,5
2025-03-06,P014,Home,221.0,1277.82,330.0,488,0,0.0,3,3,5
2025-03-07,P014,Home,233.0,1277.82,437.0,488,0,0.0,4,3,5
2025-03-08,P014,Home,300.0,1277.82,334.0,488,0,0.0,5,3,5
2025-03-09,P014,Home,329.0,1277.82,799.0,488,0,0.0,6,3,5
2025-03-10,P014,Home,232.0,1277.82,339.0,488,0,0.0,0,3,5
2025-03-11,P014,Home,231.0,1277.82,352.0,488,0,0.0,1,3,5
2025-03-12,P014,Home,319.0,1000.44,477.0,488,1,0.22,2,3,5
2025-03-13,P014,Home,215.0,1277.82,557.0,488,0,0.0,3,3,5
2025-03-14,P014,Home,250.0,1277.82,279.0,488,0,0.0,4,3,5
2025-03-15,P014,Home,308.0,1277.82,553.0,488,0,0.0,5,3,5
2025-03-16,P014,Home,322.0,1277.82,664.0,488,0,0.0,6,3,5
2025-03-17,P014,Home,246.0,1277.82,588.0,488,0,0.0,0,3,5
2025-03-18,P014,Home,467.0,829.06,1080.0,488,1,0.35,1,3,5
2025-03-19,P014,Home,231.0,1277.82,592.0,488,0,0.0,2,3,5
2025-03-20,P014,Home,232.0,1277.82,283.0,488,0,0.0,3,3,5
2025-03-21,P014,Home,196.0,1277.82,514.0,488,0,0.0,4,3,5
2025-03-22,P014,Home,359.0,1277.82,773.0,488,0,0.0,5,3,5
2025-03-23,P014,Home,334.0,1277.82,553.0,488,0,0.0,6,3,5
2025-03-24,P014,Home,208.0,1277.82,359.0,488,0,0.0,0,3,5
2025-03-25,P014,Home,247.0,1277.82,602.0,488,0,0.0,1,3,5
2025-03-26,P014,Home,228.0,1277.82,256.0,488,0,0.0,2,3,5
2025-03-27,P014,Home,273.0,1277.82,758.0,488,0,0.0,3,3,5
2025-03-28,P014,Home,,890.65,,488,1,0.3,4,3,5
2025-03-29,P014,Home,335.0,1277.82,804.0,488,0,0.0,5,3,5
2025-03-30,P014,Home,333.0,1277.82,674.0,488,0,0.0,6,3,5
2025-03-31,P014,Home,361.0,935.98,948.0,488,1,0.27,0,3,5
2025-04-01,P014,Home,255.0,1277.82,511.0,488,0,0.0,1,4,5
2025-04-02,P014,Home,195.0,1277.82,530.0,488,0,0.0,2,4,5
2025-04-03,P014,Home,219.0,1277.82,272.0,488,0,0.0,3,4,5
2025-04-04,P014,Home,220.0,1277.82,546.0,488,0,0.0,4,4,5
2025-04-05,P014,Home,286.0,1277.82,760.0,488,0,0.0,5,4,5
2025-04-06,P014,Home,309.0,1277.82,374.0,488,0,0.0,6,4,5
2025-04-07,P014,Home,230.0,1277.82,643.0,488,0,0.0,0,4,5
2025-04-08,P014,Home,259.0,1277.82,532.0,488,0,0.0,1,4,5
2025-04-09,P014,Home,474.0,710.09,1280.0,488,1,0.44,2,4,5
2025-04-10,P014,Home,227.0,1277.82,534.0,488,0,0.0,3,4,5
2025-04-11,P014,Home,240.0,1277.82,496.0,488,0,0.0,4,4,5
2025-04-12,P014,Home,338.0,1277.82,558.0,488,0,0.0,5,4,5
2025-04-13,P014,Home,311.0,1277.82,359.0,488,0,0.0,6,4,5
2025-04-14,P014,Home,222.0,1277.82,283.0,488,0,0.0,0,4,5
2025-04-15,P014,Home,237.0,1277.82,432.0,488,0,0.0,1,4,5
2025-04-16,P014,Home,241.0,1277.82,610.0,488,0,0.0,2,4,5
2025-04-17,P014,Home,235.0,1277.82,578.0,488,0,0.0,3,4,5
2025-04-18,P014,Home,261.0,1277.82,658.0,488,0,0.0,4,4,5
2025-04-19,P014,Home,314.0,1277.82,384.0,488,0,0.0,5,4,5
2025-04-20,P014,Home,354.0,1277.82,894.0,488,0,0.0,6,4,5
2025-04-21,P014,Home,214.0,1277.82,539.0,488,0,0.0,0,4,5
2025-04-22,P014,Home,210.0,1277.82,575.0,488,0,0.0,1,4,5
2025-04-23,P014,Home,234.0,1277.82,521.0,488,0,0.0,2,4,5
2025-04-24,P014,Home,244.0,1277.82,629.0,488,0,0.0,3,4,5
2025-04-25,P014,Home,249.0,1277.82,667.0,488,0,0.0,4,4,5
2025-04-26,P014,Home,365.0,1277.82,665.0,488,0,0.0,5,4,5
2025-04-27,P014,Home,383.0,1277.82,833.0,488,0,0.0,6,4,5
2025-04-28,P014,Home,272.0,1277.82,590.0,488,0,0.0,0,4,5
2025-04-29,P014,Home,240.0,1277.82,559.0,488,0,0.0,1,4,5
2025-04-30,P014,Home,227.0,1277.82,408.0,488,0,0.0,2,4,5
2025-05-01,P014,Home,238.0,1277.82,631.0,488,0,0.0,3,5,5
2025-05-02,P014,Home,233.0,1277.82,295.0,488,0,0.0,4,5,5
2025-05-03,P014,Home,354.0,1277.82,533.0,488,0,0.0,5,5,5
2025-05-04,P014,Home,368.0,1277.82,892.0,488,0,0.0,6,5,5
2025-05-05,P014,Home,244.0,1277.82,564.0,488,0,0.0,0,5,5
2025-05-06,P014,Home,258.0,1277.82,617.0,488,0,0.0,1,5,5
2025-05-07,P014,Home,227.0,1277.82,434.0,488,0,0.0,2,5,5
2025-05-08,P014,Home,290.0,1277.82,555.0,488,0,0.0,3,5,5
2025-05-09,P014,Home,228.0,1277.82,475.0,488,0,0.0,4,5,5
2025-05-10,P014,Home,377.0,1277.82,436.0,488,0,0.0,5,5,5
2025-05-11,P014,Home,330.0,1277.82,913.0,488,0,0.0,6,5,5
2025-05-12,P014,Home,253.0,1277.82,633.0,488,0,0.0,0,5,5
2025-05-13,P014,Home,239.0,1277.82,514.0,488,0,0.0,1,5,5
2025-05-14,P014,Home,256.0,1277.82,430.0,488,0,0.0,2,5,5
2025-05-15,P014,Home,233.0,1277.82,556.0,488,0,0.0,3,5,5
2025-05-16,P014,Home,248.0,1277.82,601.0,488,0,0.0,4,5,5
2025-05-17,P014,Home,343.0,1277.82,674.0,488,0,0.0,5,5,5
2025-05-18,P014,Home,346.0,1277.82,498.0,488,0,0.0,6,5,5
2025-05-19,P014,Home,255.0,1277.82,698.0,488,0,0.0,0,5,5
2025-05-20,P014,Home,231.0,1277.82,322.0,488,0,0.0,1,5,5
2025-05-21,P014,Home,251.0,1277.82,467.0,488,0,0.0,2,5,5
2025-05-22,P014,Home,251.0,1277.82,335.0,488,0,0.0,3,5,5
2025-05-23,P014,Home,278.0,1082.65,655.0,488,1,0.15,4,5,5
2025-05-24,P014,Home,556.0,964.09,991.0,488,1,0.25,5,5,5
2025-05-25,P014,Home,318.0,1277.82,812.0,488,0,0.0,6,5,5
2025-05-26,P014,Home,213.0,1277.82,543.0,488,0,0.0,0,5,5
2025-05-27,P014,Home,206.0,1277.82,561.0,488,0,0.0,1,5,5
2025-05-28,P014,Home,223.0,1277.82,439.0,488,0,0.0,2,5,5
2025-05-29,P014,Home,236.0,1277.82,373.0,488,0,0.0,3,5,5
2025-05-30,P014,Home,217.0,1277.82,391.0,488,0,0.0,4,5,5
2025-05-31,P014,Home,359.0,1277.82,808.0,488,0,0.0,5,5,5
2025-06-01,P014,Home,336.0,1277.82,719.0,488,0,0.0,6,6,5
2025-06-02,P014,Home,230.0,1277.82,582.0,488,0,0.0,0,6,5
2025-06-03,P014,Home,249.0,1277.82,435.0,488,0,0.0,1,6,5
2025-06-04,P014,Home,459.0,807.44,720.0,488,1,0.37,2,6,5
2025-06-05,P014,Home,252.0,1277.82,524.0,488,0,0.0,3,6,5
2025-06-06,P014,Home,257.0,1277.82,544.0,488,0,0.0,4,6,5
2025-06-07,P014,Home,553.0,958.46,911.0,488,1,0.25,5,6,5
