src/data/raw/ecommerce_inventory_demand.csv
date,product_id,product_category,units_sold,unit_price,stock_on_hand,reorder_point,is_promotion,discount_pct,day_of_week,month,supplier_lead_days
2025-06-08,P014,Home,520.0,1021.82,1219.0,488,1,0.2,6,6,5
2025-06-09,P014,Home,192.0,1277.82,450.0,488,0,0.0,0,6,5
2025-06-10,P014,Home,233.0,1277.82,412.0,488,0,0.0,1,6,5
2025-06-11,P014,Home,237.0,1277.82,522.0,488,0,0.0,2,6,5
2025-06-12,P014,Home,237.0,1277.82,572.0,488,0,0.0,3,6,5
2025-06-13,P014,Home,209.0,1277.82,253.0,488,0,0.0,4,6,5
2025-06-14,P014,Home,359.0,1277.82,404.0,488,0,0.0,5,6,5
2025-06-15,P014,Home,372.0,1277.82,775.0,488,0,0.0,6,6,5
2025-06-16,P014,Home,243.0,1277.82,394.0,488,0,0.0,0,6,5
2025-06-17,P014,Home,393.0,922.16,751.0,488,1,0.28,1,6,5
2025-06-18,P014,Home,245.0,1277.82,581.0,488,0,0.0,2,6,5
2025-06-19,P014,Home,247.0,1277.82,574.0,488,0,0.0,3,6,5
2025-06-20,P014,Home,210.0,1277.82,394.0,488,0,0.0,4,6,5
2025-06-21,P014,Home,345.0,1277.82,412.0,488,0,0.0,5,6,5
2025-06-22,P014,Home,343.0,1277.82,706.0,488,0,0.0,6,6,5
2025-06-23,P014,Home,350.0,1045.41,803.0,488,1,0.18,0,6,5
2025-06-24,P014,Home,223.0,1277.82,525.0,488,0,0.0,1,6,5
2025-06-25,P014,Home,213.0,1277.82,540.0,488,0,0.0,2,6,5
2025-06-26,P014,Home,232.0,1277.82,522.0,488,0,0.0,3,6,5
2025-06-27,P014,Home,254.0,1277.82,428.0,488,0,0.0,4,6,5
2025-06-28,P014,Home,387.0,1277.82,922.0,488,0,0.0,5,6,5
2025-06-29,P014,Home,366.0,1277.82,736.0,488,0,0.0,6,6,5
2025-06-30,P014,Home,399.0,839.57,1072.0,488,1,0.34,0,6,5
2025-07-01,P014,Home,246.0,1277.82,324.0,488,0,0.0,1,7,5
2025-07-02,P014,Home,225.0,1277.82,264.0,488,0,0.0,2,7,5
2025-07-03,P014,Home,233.0,1277.82,306.0,488,0,0.0,3,7,5
2025-07-04,P014,Home,289.0,1277.82,510.0,488,0,0.0,4,7,5
2025-07-05,P014,Home,351.0,1277.82,610.0,488,0,0.0,5,7,5
2025-07-06,P014,Home,416.0,1277.82,955.0,488,0,0.0,6,7,5
2025-07-07,P014,Home,280.0,1277.82,377.0,488,0,0.0,0,7,5
2025-07-08,P014,Home,269.0,1277.82,324.0,488,0,0.0,1,7,5
2025-07-09,P014,Home,272.0,1277.82,524.0,488,0,0.0,2,7,5
2025-07-10,P014,Home,240.0,1277.82,535.0,488,0,0.0,3,7,5
2025-07-11,P014,Home,270.0,1277.82,649.0,488,0,0.0,4,7,5
2025-07-12,P014,Home,326.0,1277.82,415.0,488,0,0.0,5,7,5
2025-07-13,P014,Home,548.0,1007.0,829.0,488,1,0.21,6,7,5
2025-07-14,P014,Home,215.0,1277.82,416.0,488,0,0.0,0,7,5
2025-07-15,P014,Home,346.0,999.25,557.0,488,1,0.22,1,7,5
2025-07-16,P014,Home,226.0,1277.82,504.0,488,0,0.0,2,7,5
2025-07-17,P014,Home,266.0,1277.82,521.0,488,0,0.0,3,7,5
2025-07-18,P014,Home,226.0,1277.82,476.0,488,0,0.0,4,7,5
2025-07-19,P014,Home,329.0,1277.82,781.0,488,0,0.0,5,7,5
2025-07-20,P014,Home,342.0,1277.82,859.0,488,0,0.0,6,7,5
2025-07-21,P014,Home,264.0,1277.82,601.0,488,0,0.0,0,7,5
2025-07-22,P014,Home,235.0,1277.82,302.0,488,0,0.0,1,7,5
2025-07-23,P014,Home,272.0,1277.82,372.0,488,0,0.0,2,7,5
2025-07-24,P014,Home,485.0,781.85,1218.0,488,1,0.39,3,7,5
2025-07-25,P014,Home,244.0,1277.82,524.0,488,0,0.0,4,7,5
2025-07-26,P014,Home,386.0,1277.82,708.0,488,0,0.0,5,7,5
2025-07-27,P014,Home,373.0,1277.82,486.0,488,0,0.0,6,7,5
2025-07-28,P014,Home,255.0,1277.82,324.0,488,0,0.0,0,7,5
2025-07-29,P014,Home,281.0,1277.82,644.0,488,0,0.0,1,7,5
2025-07-30,P014,Home,274.0,1277.82,712.0,488,0,0.0,2,7,5
2025-07-31,P014,Home,213.0,1277.82,282.0,488,0,0.0,3,7,5
2025-08-01,P014,Home,232.0,1277.82,310.0,488,0,0.0,4,8,5
2025-08-02,P014,Home,374.0,1277.82,600.0,488,0,0.0,5,8,5
2025-08-03,P014,Home,350.0,1277.82,844.0,488,0,0.0,6,8,5
2025-08-04,P014,Home,276.0,1277.82,568.0,488,0,0.0,0,8,5
2025-08-05,P014,Home,251.0,1277.82,304.0,488,0,0.0,1,8,5
2025-08-06,P014,Home,234.0,1277.82,387.0,488,0,0.0,2,8,5
2025-08-07,P014,Home,276.0,1277.82,744.0,488,0,0.0,3,8,5
2025-08-08,P014,Home,288.0,1277.82,335.0,488,0,0.0,4,8,5
2025-08-09,P014,Home,359.0,1277.82,423.0,488,0,0.0,5,8,5
2025-08-10,P014,Home,351.0,1277.82,961.0,488,0,0.0,6,8,5
2025-08-11,P014,Home,259.0,1277.82,513.0,488,0,0.0,0,8,5
2025-08-12,P014,Home,257.0,1277.82,458.0,488,0,0.0,1,8,5
2025-08-13,P014,Home,227.0,1277.82,285.0,488,0,0.0,2,8,5
2025-08-14,P014,Home,235.0,1277.82,437.0,488,0,0.0,3,8,5
2025-08-15,P014,Home,261.0,1277.82,664.0,488,0,0.0,4,8,5
2025-08-16,P014,Home,365.0,1277.82,542.0,488,0,0.0,5,8,5
2025-08-17,P014,Home,370.0,1277.82,828.0,488,0,0.0,6,8,5
2025-08-18,P014,Home,238.0,1277.82,515.0,488,0,0.0,0,8,5
2025-08-19,P014,Home,261.0,1277.82,654.0,488,0,0.0,1,8,5
2025-08-20,P014,Home,229.0,1277.82,483.0,488,0,0.0,2,8,5
2025-08-21,P014,Home,227.0,1277.82,619.0,488,0,0.0,3,8,5
2025-08-22,P014,Home,266.0,1277.82,522.0,488,0,0.0,4,8,5
2025-08-23,P014,Home,368.0,1277.82,687.0,488,0,0.0,5,8,5
2025-08-24,P014,Home,348.0,1277.82,829.0,488,0,0.0,6,8,5
2025-08-25,P014,Home,231.0,1277.82,394.0,488,0,0.0,0,8,5
2025-08-26,P014,Home,232.0,1277.82,274.0,488,0,0.0,1,8,5
2025-08-27,P014,Home,269.0,1277.82,726.0,488,0,0.0,2,8,5
2025-08-28,P014,Home,234.0,1277.82,336.0,488,0,0.0,3,8,5
2025-08-29,P014,Home,248.0,1277.82,292.0,488,0,0.0,4,8,5
2025-08-30,P014,Home,400.0,1277.82,1014.0,488,0,0.0,5,8,5
2025-08-31,P014,Home,387.0,1277.82,1005.0,488,0,0.0,6,8,5
2025-09-01,P014,Home,250.0,1277.82,583.0,488,0,0.0,0,9,5
2025-09-02,P014,Home,233.0,1277.82,407.0,488,0,0.0,1,9,5
2025-09-03,P014,Home,260.0,1277.82,547.0,488,0,0.0,2,9,5
2025-09-04,P014,Home,276.0,1277.82,697.0,488,0,0.0,3,9,5
2025-09-05,P014,Home,282.0,1277.82,450.0,488,0,0.0,4,9,5
2025-09-06,P014,Home,376.0,1277.82,589.0,488,0,0.0,5,9,5
2025-09-07,P014,Home,352.0,1277.82,534.0,488,0,0.0,6,9,5
2025-09-08,P014,Home,260.0,1277.82,433.0,488,0,0.0,0,9,5
2025-09-09,P014,Home,287.0,1277.82,780.0,488,0,0.0,1,9,5
2025-09-10,P014,Home,268.0,1277.82,446.0,488,0,0.0,2,9,5
2025-09-11,P014,Home,252.0,1277.82,576.0,488,0,0.0,3,9,5
2025-09-12,P014,Home,273.0,1277.82,406.0,488,0,0.0,4,9,5
2025-09-13,P014,Home,375.0,1277.82,829.0,488,0,0.0,5,9,5
2025-09-14,P014,Home,413.0,1277.82,988.0,488,0,0.0,6,9,5
2025-09-15,P014,Home,242.0,1277.82,622.0,488,0,0.0,0,9,5
2025-09-16,P014,Home,276.0,1277.82,712.0,488,0,0.0,1,9,5
2025-09-17,P014,Home,248.0,1277.82,403.0,488,0,0.0,2,9,5
2025-09-18,P014,Home,255.0,1277.82,441.0,488,0,0.0,3,9,5
2025-09-19,P014,Home,238.0,1277.82,459.0,488,0,0.0,4,9,5
2025-09-20,P014,Home,332.0,1277.82,726.0,488,0,0.0,5,9,5
2025-09-21,P014,Home,378.0,1277.82,842.0,488,0,0.0,6,9,5
2025-09-22,P014,Home,291.0,1277.82,534.0,488,0,0.0,0,9,5
2025-09-23,P014,Home,242.0,1277.82,357.0,488,0,0.0,1,9,5
2025-09-24,P014,Home,408.0,905.53,987.0,488,1,0.29,2,9,5
2025-09-25,P014,Home,232.0,1277.82,520.0,488,0,0.0,3,9,5
2025-09-26,P014,Home,259.0,1277.82,328.0,488,0,0.0,4,9,5
2025-09-27,P014,Home,363.0,1277.82,921.0,488,0,0.0,5,9,5
2025-09-28,P014,Home,378.0,1277.82,807.0,488,0,0.0,6,9,5
2025-09-29,P014,Home,253.0,1277.82,317.0,488,0,0.0,0,9,5
2025-09-30,P014,Home,239.0,1277.82,584.0,488,0,0.0,1,9,5
2025-10-01,P014,Home,369.0,1277.82,502.0,488,0,0.0,2,10,5
2025-10-02,P014,Home,376.0,1277.82,916.0,488,0,0.0,3,10,5
2025-10-03,P014,Home,384.0,1277.82,455.0,488,0,0.0,4,10,5
2025-10-04,P014,Home,623.0,1277.82,1543.0,488,0,0.0,5,10,5
2025-10-05,P014,Home,580.0,1277.82,1107.0,488,0,0.0,6,10,5
2025-10-06,P014,Home,378.0,1277.82,443.0,488,0,0.0,0,10,5
2025-10-07,P014,Home,399.0,1277.82,727.0,488,0,0.0,1,10,5
2025-10-08,P014,Home,410.0,1277.82,854.0,488,0,0.0,2,10,5
2025-10-09,P014,Home,389.0,1277.82,714.0,488,0,0.0,3,10,5
2025-10-10,P014,Home,394.0,1277.82,692.0,488,0,0.0,4,10,5
2025-10-11,P014,Home,571.0,1277.82,635.0,488,0,0.0,5,10,5
2025-10-12,P014,Home,531.0,1277.82,633.0,488,0,0.0,6,10,5
2025-10-13,P014,Home,383.0,1277.82,1024.0,488,0,0.0,0,10,5
2025-10-14,P014,Home,361.0,1277.82,713.0,488,0,0.0,1,10,5
2025-10-15,P014,Home,361.0,1277.82,545.0,488,0,0.0,2,10,5
2025-10-16,P014,Home,425.0,1277.82,609.0,488,0,0.0,3,10,5
2025-10-17,P014,Home,637.0,945.93,1326.0,488,1,0.26,4,10,5
2025-10-18,P014,Home,632.0,1277.82,1562.0,488,0,0.0,5,10,5
2025-10-19,P014,Home,618.0,1277.82,1328.0,488,0,0.0,6,10,5
2025-10-20,P014,Home,405.0,1277.82,610.0,488,0,0.0,0,10,5
2025-10-21,P014,Home,419.0,1277.82,744.0,488,0,0.0,1,10,5
2025-10-22,P014,Home,375.0,1277.82,844.0,488,0,0.0,2,10,5
2025-10-23,P014,Home,406.0,1277.82,474.0,488,0,0.0,3,10,5
2025-10-24,P014,Home,406.0,1277.82,1085.0,488,0,0.0,4,10,5
2025-10-25,P014,Home,1018.0,835.85,1424.0,488,1,0.35,5,10,5
2025-10-26,P014,Home,604.0,1277.82,999.0,488,0,0.0,6,10,5
2025-10-27,P014,Home,427.0,1277.82,587.0,488,0,0.0,0,10,5
2025-10-28,P014,Home,423.0,1277.82,925.0,488,0,0.0,1,10,5
2025-10-29,P014,Home,716.0,891.95,1639.0,488,1,0.3,2,10,5
2025-10-30,P014,Home,441.0,1277.82,1104.0,488,0,0.0,3,10,5
2025-10-31,P014,Home,,1277.82,,488,0,0.0,4,10,5
2025-11-01,P014,Home,596.0,1277.82,719.0,488,0,0.0,5,11,5
2025-11-02,P014,Home,585.0,1277.82,1132.0,488,0,0.0,6,11,5
2025-11-03,P014,Home,712.0,835.39,1809.0,488,1,0.35,0,11,5
2025-11-04,P014,Home,394.0,1277.82,962.0,488,0,0.0,1,11,5
2025-11-05,P014,Home,743.0,771.36,1948.0,488,1,0.4,2,11,5
2025-11-06,P014,Home,662.0,871.78,1084.0,488,1,0.32,3,11,5
2025-11-07,P014,Home,374.0,1277.82,897.0,488,0,0.0,4,11,5
2025-11-08,P014,Home,588.0,1277.82,1263.0,488,0,0.0,5,11,5
2025-11-09,P014,Home,1025.0,875.17,1856.0,488,1,0.32,6,11,5
2025-11-10,P014,Home,411.0,1277.82,658.0,488,0,0.0,0,11,5
2025-11-11,P014,Home,424.0,1277.82,767.0,488,0,0.0,1,11,5
2025-11-12,P014,Home,398.0,1277.82,835.0,488,0,0.0,2,11,5
2025-11-13,P014,Home,392.0,1277.82,1050.0,488,0,0.0,3,11,5
2025-11-14,P014,Home,753.0,759.48,1547.0,488,1,0.41,4,11,5
2025-11-15,P014,Home,596.0,1277.82,1583.0,488,0,0.0,5,11,5
2025-11-16,P014,Home,604.0,1277.82,785.0,488,0,0.0,6,11,5
2025-11-17,P014,Home,429.0,1277.82,997.0,488,0,0.0,0,11,5
2025-11-18,P014,Home,382.0,1277.82,722.0,488,0,0.0,1,11,5
2025-11-19,P014,Home,403.0,1277.82,818.0,488,0,0.0,2,11,5
2025-11-20,P014,Home,382.0,1277.82,463.0,488,0,0.0,3,11,5
2025-11-21,P014,Home,414.0,1277.82,553.0,488,0,0.0,4,11,5
2025-11-22,P014,Home,566.0,1277.82,1340.0,488,0,0.0,5,11,5
2025-11-23,P014,Home,538.0,1277.82,867.0,488,0,0.0,6,11,5
2025-11-24,P014,Home,422.0,1277.82,489.0,488,0,0.0,0,11,5
2025-11-25,P014,Home,401.0,1277.82,646.0,488,0,0.0,1,11,5
2025-11-26,P014,Home,426.0,1277.82,1157.0,488,0,0.0,2,11,5
2025-11-27,P014,Home,402.0,1277.82,531.0,488,0,0.0,3,11,5
2025-11-28,P014,Home,424.0,1277.82,939.0,488,0,0.0,4,11,5
2025-11-29,P014,Home,572.0,1277.82,1168.0,488,0,0.0,5,11,5
2025-11-30,P014,Home,609.0,1277.82,753.0,488,0,0.0,6,11,5
2025-12-01,P014,Home,424.0,1277.82,1073.0,488,0,0.0,0,12,5
2025-12-02,P014,Home,404.0,1277.82,668.0,488,0,0.0,1,12,5
2025-12-03,P014,Home,430.0,1277.82,1145.0,488,0,0.0,2,12,5
2025-12-04,P014,Home,365.0,1277.82,530.0,488,0,0.0,3,12,5
2025-12-05,P014,Home,657.0,956.88,1024.0,488,1,0.25,4,12,5
2025-12-06,P014,Home,597.0,1277.82,997.0,488,0,0.0,5,12,5
2025-12-07,P014,Home,606.0,1277.82,906.0,488,0,0.0,6,12,5
2025-12-08,P014,Home,393.0,1277.82,888.0,488,0,0.0,0,12,5
2025-12-09,P014,Home,427.0,1277.82,611.0,488,0,0.0,1,12,5
2025-12-10,P014,Home,420.0,1277.82,1131.0,488,0,0.0,2,12,5
2025-12-11,P014,Home,427.0,1277.82,1061.0,488,0,0.0,3,12,5
2025-12-12,P014,Home,526.0,1082.42,714.0,488,1,0.15,4,12,5
2025-12-13,P014,Home,622.0,1277.82,1347.0,488,0,0.0,5,12,5
2025-12-14,P014,Home,600.0,1277.82,1187.0,488,0,0.0,6,12,5
2025-12-15,P014,Home,425.0,1277.82,845.0,488,0,0.0,0,12,5
2025-12-16,P014,Home,425.0,1277.82,745.0,488,0,0.0,1,12,5
2025-12-17,P014,Home,417.0,1277.82,1021.0,488,0,0.0,2,12,5
2025-12-18,P014,Home,408.0,1277.82,458.0,488,0,0.0,3,12,5
2025-12-19,P014,Home,703.0,863.24,1155.0,488,1,0.32,4,12,5
2025-12-20,P014,Home,614.0,1277.82,1672.0,488,0,0.0,5,12,5
2025-12-21,P014,Home,606.0,1277.82,1223.0,488,0,0.0,6,12,5
2025-12-22,P014,Home,366.0,1277.82,873.0,488,0,0.0,0,12,5
2025-12-23,P014,Home,621.0,980.82,1351.0,488,1,0.23,1,12,5
2025-12-24,P014,Home,403.0,1277.82,717.0,488,0,0.0,2,12,5
2025-12-25,P014,Home,422.0,1277.82,968.0,488,0,0.0,3,12,5
2025-12-26,P014,Home,412.0,1277.82,1010.0,488,0,0.0,4,12,5
2025-12-27,P014,Home,616.0,1277.82,1537.0,488,0,0.0,5,12,5
2025-12-28,P014,Home,600.0,1277.82,1010.0,488,0,0.0,6,12,5
2025-12-29,P014,Home,407.0,1277.82,506.0,488,0,0.0,0,12,5
2025-12-30,P014,Home,413.0,1277.82,1144.0,488,0,0.0,1,12,5
2025-12-31,P014,Home,422.0,1277.82,789.0,488,0,0.0,2,12,5
2026-01-01,P014,Home,203.0,1277.82,235.0,488,0,0.0,3,1,5
2026-01-02,P014,Home,192.0,1277.82,487.0,488,0,0.0,4,1,5
2026-01-03,P014,Home,289.0,1277.82,709.0,488,0,0.0,5,1,5
2026-01-04,P014,Home,270.0,1277.82,528.0,488,0,0.0,6,1,5
2026-01-05,P014,Home,219.0,1277.82,423.0,488,0,0.0,0,1,5
2026-01-06,P014,Home,217.0,1277.82,513.0,488,0,0.0,1,1,5
2026-01-07,P014,Home,403.0,731.67,631.0,488,1,0.43,2,1,5
2026-01-08,P014,Home,180.0,1277.82,205.0,488,0,0.0,3,1,5
2026-01-09,P014,Home,205.0,1277.82,336.0,488,0,0.0,4,1,5
2026-01-10,P014,Home,542.0,786.6,1110.0,488,1,0.38,5,1,5
2026-01-11,P014,Home,307.0,1277.82,724.0,488,0,0.0,6,1,5
2026-01-12,P014,Home,202.0,1277.82,530.0,488,0,0.0,0,1,5
2026-01-13,P014,Home,209.0,1277.82,250.0,488,0,0.0,1,1,5
2026-01-14,P014,Home,200.0,1277.82,298.0,488,0,0.0,2,1,5
2026-01-15,P014,Home,206.0,1277.82,510.0,488,0,0.0,3,1,5
2026-01-16,P014,Home,208.0,1277.82,485.0,488,0,0.0,4,1,5
2026-01-17,P014,Home,290.0,1277.82,806.0,488,0,0.0,5,1,5
2026-01-18,P014,Home,274.0,1277.82,530.0,488,0,0.0,6,1,5
2026-01-19,P014,Home,212.0,1277.82,491.0,488,0,0.0,0,1,5
2026-01-20,P014,Home,192.0,1277.82,480.0,488,0,0.0,1,1,5
2026-01-21,P014,Home,186.0,1277.82,283.0,488,0,0.0,2,1,5
2026-01-22,P014,Home,175.0,1277.82,277.0,488,0,0.0,3,1,5
2026-01-23,P014,Home,214.0,1277.82,541.0,488,0,0.0,4,1,5
2026-01-24,P014,Home,276.0,1277.82,542.0,488,0,0.0,5,1,5
2026-01-25,P014,Home,471.0,946.6,659.0,488,1,0.26,6,1,5
2026-01-26,P014,Home,189.0,1277.82,293.0,488,0,0.0,0,1,5
2026-01-27,P014,Home,222.0,1277.82,289.0,488,0,0.0,1,1,5
2026-01-28,P014,Home,229.0,1277.82,560.0,488,0,0.0,2,1,5
2026-01-29,P014,Home,180.0,1277.82,356.0,488,0,0.0,3,1,5
2026-01-30,P014,Home,175.0,1277.82,371.0,488,0,0.0,4,1,5
2026-01-31,P014,Home,288.0,1277.82,358.0,488,0,0.0,5,1,5
2026-02-01,P014,Home,295.0,1277.82,540.0,488,0,0.0,6,2,5
2026-02-02,P014,Home,198.0,1277.82,326.0,488,0,0.0,0,2,5
2026-02-03,P014,Home,194.0,1277.82,460.0,488,0,0.0,1,2,5
2026-02-04,P014,Home,202.0,1277.82,296.0,488,0,0.0,2,2,5
2026-02-05,P014,Home,172.0,1277.82,419.0,488,0,0.0,3,2,5
2026-02-06,P014,Home,234.0,1277.82,281.0,488,0,0.0,4,2,5
2026-02-07,P014,Home,278.0,1277.82,718.0,488,0,0.0,5,2,5
2026-02-08,P014,Home,281.0,1277.82,679.0,488,0,0.0,6,2,5
2026-02-09,P014,Home,231.0,1277.82,281.0,488,0,0.0,0,2,5
2026-02-10,P014,Home,164.0,1277.82,456.0,488,0,0.0,1,2,5
2026-02-11,P014,Home,201.0,1277.82,469.0,488,0,0.0,2,2,5
2026-02-12,P014,Home,206.0,1277.82,332.0,488,0,0.0,3,2,5
2026-02-13,P014,Home,187.0,1277.82,347.0,488,0,0.0,4,2,5
2026-02-14,P014,Home,300.0,1277.82,396.0,488,0,0.0,5,2,5
2026-02-15,P014,Home,311.0,1277.82,359.0,488,0,0.0,6,2,5
2026-02-16,P014,Home,212.0,1277.82,378.0,488,0,0.0,0,2,5
2026-02-17,P014,Home,244.0,1277.82,590.0,488,0,0.0,1,2,5
2026-02-18,P014,Home,201.0,1277.82,262.0,488,0,0.0,2,2,5
2026-02-19,P014,Home,214.0,1277.82,408.0,488,0,0.0,3,2,5
2026-02-20,P014,Home,157.0,1277.82,200.0,488,0,0.0,4,2,5
2026-02-21,P014,Home,290.0,1277.82,372.0,488,0,0.0,5,2,5
2026-02-22,P014,Home,287.0,1277.82,766.0,488,0,0.0,6,2,5
2026-02-23,P014,Home,207.0,1277.82,413.0,488,0,0.0,0,2,5
2026-02-24,P014,Home,226.0,1277.82,593.0,488,0,0.0,1,2,5
2026-02-25,P014,Home,215.0,1277.82,416.0,488,0,0.0,2,2,5
2026-02-26,P014,Home,,1277.82,,488,0,0.0,3,2,5
2026-02-27,P014,Home,266.0,1077.56,518.0,488,1,0.16,4,2,5
2026-02-28,P014,Home,261.0,1277.82,651.0,488,0,0.0,5,2,5
2026-03-01,P014,Home,359.0,1277.82,700.0,488,0,0.0,6,3,5
2026-03-02,P014,Home,263.0,1277.82,379.0,488,0,0.0,0,3,5
2026-03-03,P014,Home,262.0,1277.82,658.0,488,0,0.0,1,3,5
2026-03-04,P014,Home,311.0,1277.82,545.0,488,0,0.0,2,3,5
2026-03-05,P014,Home,283.0,1277.82,544.0,488,0,0.0,3,3,5
2026-03-06,P014,Home,249.0,1277.82,689.0,488,0,0.0,4,3,5
2026-03-07,P014,Home,370.0,1277.82,806.0,488,0,0.0,5,3,5
2026-03-08,P014,Home,390.0,1277.82,835.0,488,0,0.0,6,3,5
2026-03-09,P014,Home,258.0,1277.82,419.0,488,0,0.0,0,3,5
2026-03-10,P014,Home,258.0,1277.82,637.0,488,0,0.0,1,3,5
2026-03-11,P014,Home,269.0,1277.82,459.0,488,0,0.0,2,3,5
2026-03-12,P014,Home,266.0,1277.82,723.0,488,0,0.0,3,3,5
2026-03-13,P014,Home,304.0,1277.82,635.0,488,0,0.0,4,3,5
2026-03-14,P014,Home,406.0,1277.82,1050.0,488,0,0.0,5,3,5
2026-03-15,P014,Home,404.0,1277.82,891.0,488,0,0.0,6,3,5
2026-03-16,P014,Home,268.0,1277.82,524.0,488,0,0.0,0,3,5
2026-03-17,P014,Home,279.0,1277.82,732.0,488,0,0.0,1,3,5
2026-03-18,P014,Home,283.0,1277.82,369.0,488,0,0.0,2,3,5
2026-03-19,P014,Home,276.0,1277.82,605.0,488,0,0.0,3,3,5
2026-03-20,P014,Home,280.0,1277.82,762.0,488,0,0.0,4,3,5
2026-03-21,P014,Home,689.0,852.24,1406.0,488,1,0.33,5,3,5
2026-03-22,P014,Home,390.0,1277.82,869.0,488,0,0.0,6,3,5
2026-03-23,P014,Home,285.0,1277.82,732.0,488,0,0.0,0,3,5
2026-03-24,P014,Home,281.0,1277.82,327.0,488,0,0.0,1,3,5
2026-03-25,P014,Home,295.0,1277.82,803.0,488,0,0.0,2,3,5
2026-03-26,P014,Home,266.0,1277.82,417.0,488,0,0.0,3,3,5
2025-01-01,P015,Electronics,152.0,420.36,320.0,490,0,0.0,2,1,6
2025-01-02,P015,Electronics,128.0,420.36,244.0,490,0,0.0,3,1,6
2025-01-03,P015,Electronics,156.0,420.36,182.0,490,0,0.0,4,1,6
2025-01-04,P015,Electronics,199.0,420.36,490.0,490,0,0.0,5,1,6
2025-01-05,P015,Electronics,209.0,420.36,584.0,490,0,0.0,6,1,6
2025-01-06,P015,Electronics,138.0,420.36,382.0,490,0,0.0,0,1,6
2025-01-07,P015,Electronics,150.0,420.36,410.0,490,0,0.0,1,1,6
2025-01-08,P015,Electronics,129.0,420.36,349.0,490,0,0.0,2,1,6
2025-01-09,P015,Electronics,132.0,420.36,190.0,490,0,0.0,3,1,6
2025-01-10,P015,Electronics,146.0,420.36,213.0,490,0,0.0,4,1,6
2025-01-11,P015,Electronics,353.0,296.28,880.0,490,1,0.3,5,1,6
2025-01-12,P015,Electronics,219.0,420.36,466.0,490,0,0.0,6,1,6
2025-01-13,P015,Electronics,159.0,420.36,354.0,490,0,0.0,0,1,6
2025-01-14,P015,Electronics,137.0,420.36,377.0,490,0,0.0,1,1,6
2025-01-15,P015,Electronics,252.0,290.81,282.0,490,1,0.31,2,1,6
2025-01-16,P015,Electronics,132.0,420.36,210.0,490,0,0.0,3,1,6
