src/data/raw/ecommerce_inventory_demand.csv
date,product_id,product_category,units_sold,unit_price,stock_on_hand,reorder_point,is_promotion,discount_pct,day_of_week,month,supplier_lead_days
2025-01-17,P015,Electronics,125.0,420.36,166.0,490,0,0.0,4,1,6
2025-01-18,P015,Electronics,194.0,420.36,362.0,490,0,0.0,5,1,6
2025-01-19,P015,Electronics,220.0,420.36,365.0,490,0,0.0,6,1,6
2025-01-20,P015,Electronics,174.0,420.36,291.0,490,0,0.0,0,1,6
2025-01-21,P015,Electronics,239.0,302.24,516.0,490,1,0.28,1,1,6
2025-01-22,P015,Electronics,144.0,420.36,267.0,490,0,0.0,2,1,6
2025-01-23,P015,Electronics,155.0,420.36,234.0,490,0,0.0,3,1,6
2025-01-24,P015,Electronics,151.0,420.36,222.0,490,0,0.0,4,1,6
2025-01-25,P015,Electronics,228.0,420.36,480.0,490,0,0.0,5,1,6
2025-01-26,P015,Electronics,185.0,420.36,490.0,490,0,0.0,6,1,6
2025-01-27,P015,Electronics,95.0,420.36,131.0,490,0,0.0,0,1,6
2025-01-28,P015,Electronics,245.0,269.49,296.0,490,1,0.36,1,1,6
2025-01-29,P015,Electronics,164.0,420.36,225.0,490,0,0.0,2,1,6
2025-01-30,P015,Electronics,279.0,254.26,564.0,490,1,0.4,3,1,6
2025-01-31,P015,Electronics,143.0,420.36,234.0,490,0,0.0,4,1,6
2025-02-01,P015,Electronics,221.0,420.36,244.0,490,0,0.0,5,2,6
2025-02-02,P015,Electronics,203.0,420.36,490.0,490,0,0.0,6,2,6
2025-02-03,P015,Electronics,140.0,420.36,306.0,490,0,0.0,0,2,6
2025-02-04,P015,Electronics,,420.36,,490,0,0.0,1,2,6
2025-02-05,P015,Electronics,120.0,420.36,303.0,490,0,0.0,2,2,6
2025-02-06,P015,Electronics,152.0,420.36,304.0,490,0,0.0,3,2,6
2025-02-07,P015,Electronics,244.0,279.15,635.0,490,1,0.34,4,2,6
2025-02-08,P015,Electronics,223.0,420.36,305.0,490,0,0.0,5,2,6
2025-02-09,P015,Electronics,239.0,420.36,419.0,490,0,0.0,6,2,6
2025-02-10,P015,Electronics,149.0,420.36,332.0,490,0,0.0,0,2,6
2025-02-11,P015,Electronics,179.0,420.36,325.0,490,0,0.0,1,2,6
2025-02-12,P015,Electronics,134.0,420.36,365.0,490,0,0.0,2,2,6
2025-02-13,P015,Electronics,149.0,420.36,242.0,490,0,0.0,3,2,6
2025-02-14,P015,Electronics,140.0,420.36,176.0,490,0,0.0,4,2,6
2025-02-15,P015,Electronics,236.0,420.36,577.0,490,0,0.0,5,2,6
2025-02-16,P015,Electronics,224.0,420.36,557.0,490,0,0.0,6,2,6
2025-02-17,P015,Electronics,143.0,420.36,329.0,490,0,0.0,0,2,6
2025-02-18,P015,Electronics,178.0,420.36,435.0,490,0,0.0,1,2,6
2025-02-19,P015,Electronics,141.0,420.36,189.0,490,0,0.0,2,2,6
2025-02-20,P015,Electronics,159.0,420.36,199.0,490,0,0.0,3,2,6
2025-02-21,P015,Electronics,132.0,420.36,180.0,490,0,0.0,4,2,6
2025-02-22,P015,Electronics,181.0,420.36,315.0,490,0,0.0,5,2,6
2025-02-23,P015,Electronics,201.0,420.36,296.0,490,0,0.0,6,2,6
2025-02-24,P015,Electronics,163.0,420.36,410.0,490,0,0.0,0,2,6
2025-02-25,P015,Electronics,102.0,420.36,123.0,490,0,0.0,1,2,6
2025-02-26,P015,Electronics,232.0,324.81,583.0,490,1,0.23,2,2,6
2025-02-27,P015,Electronics,142.0,420.36,394.0,490,0,0.0,3,2,6
2025-02-28,P015,Electronics,125.0,420.36,269.0,490,0,0.0,4,2,6
2025-03-01,P015,Electronics,258.0,420.36,320.0,490,0,0.0,5,3,6
2025-03-02,P015,Electronics,286.0,420.36,465.0,490,0,0.0,6,3,6
2025-03-03,P015,Electronics,165.0,420.36,359.0,490,0,0.0,0,3,6
2025-03-04,P015,Electronics,203.0,420.36,339.0,490,0,0.0,1,3,6
2025-03-05,P015,Electronics,167.0,420.36,407.0,490,0,0.0,2,3,6
2025-03-06,P015,Electronics,200.0,420.36,230.0,490,0,0.0,3,3,6
2025-03-07,P015,Electronics,275.0,339.71,652.0,490,1,0.19,4,3,6
2025-03-08,P015,Electronics,273.0,420.36,408.0,490,0,0.0,5,3,6
2025-03-09,P015,Electronics,280.0,420.36,602.0,490,0,0.0,6,3,6
2025-03-10,P015,Electronics,197.0,420.36,311.0,490,0,0.0,0,3,6
2025-03-11,P015,Electronics,179.0,420.36,447.0,490,0,0.0,1,3,6
2025-03-12,P015,Electronics,200.0,420.36,455.0,490,0,0.0,2,3,6
2025-03-13,P015,Electronics,190.0,420.36,430.0,490,0,0.0,3,3,6
2025-03-14,P015,Electronics,190.0,420.36,340.0,490,0,0.0,4,3,6
2025-03-15,P015,Electronics,282.0,420.36,593.0,490,0,0.0,5,3,6
2025-03-16,P015,Electronics,274.0,420.36,456.0,490,0,0.0,6,3,6
2025-03-17,P015,Electronics,176.0,420.36,261.0,490,0,0.0,0,3,6
2025-03-18,P015,Electronics,194.0,420.36,472.0,490,0,0.0,1,3,6
2025-03-19,P015,Electronics,198.0,420.36,365.0,490,0,0.0,2,3,6
2025-03-20,P015,Electronics,355.0,271.33,607.0,490,1,0.35,3,3,6
2025-03-21,P015,Electronics,188.0,420.36,270.0,490,0,0.0,4,3,6
2025-03-22,P015,Electronics,,420.36,,490,0,0.0,5,3,6
2025-03-23,P015,Electronics,268.0,420.36,499.0,490,0,0.0,6,3,6
2025-03-24,P015,Electronics,210.0,420.36,489.0,490,0,0.0,0,3,6
2025-03-25,P015,Electronics,197.0,420.36,385.0,490,0,0.0,1,3,6
2025-03-26,P015,Electronics,176.0,420.36,370.0,490,0,0.0,2,3,6
2025-03-27,P015,Electronics,197.0,420.36,403.0,490,0,0.0,3,3,6
2025-03-28,P015,Electronics,184.0,420.36,260.0,490,0,0.0,4,3,6
2025-03-29,P015,Electronics,310.0,420.36,483.0,490,0,0.0,5,3,6
2025-03-30,P015,Electronics,278.0,420.36,530.0,490,0,0.0,6,3,6
2025-03-31,P015,Electronics,319.0,279.96,783.0,490,1,0.33,0,3,6
2025-04-01,P015,Electronics,184.0,420.36,323.0,490,0,0.0,1,4,6
2025-04-02,P015,Electronics,180.0,420.36,357.0,490,0,0.0,2,4,6
2025-04-03,P015,Electronics,179.0,420.36,272.0,490,0,0.0,3,4,6
2025-04-04,P015,Electronics,183.0,420.36,466.0,490,0,0.0,4,4,6
2025-04-05,P015,Electronics,297.0,420.36,410.0,490,0,0.0,5,4,6
2025-04-06,P015,Electronics,285.0,420.36,529.0,490,0,0.0,6,4,6
2025-04-07,P015,Electronics,193.0,420.36,464.0,490,0,0.0,0,4,6
2025-04-08,P015,Electronics,196.0,420.36,424.0,490,0,0.0,1,4,6
2025-04-09,P015,Electronics,192.0,420.36,526.0,490,0,0.0,2,4,6
2025-04-10,P015,Electronics,168.0,420.36,229.0,490,0,0.0,3,4,6
2025-04-11,P015,Electronics,182.0,420.36,282.0,490,0,0.0,4,4,6
2025-04-12,P015,Electronics,275.0,420.36,729.0,490,0,0.0,5,4,6
2025-04-13,P015,Electronics,299.0,420.36,364.0,490,0,0.0,6,4,6
2025-04-14,P015,Electronics,201.0,420.36,387.0,490,0,0.0,0,4,6
2025-04-15,P015,Electronics,182.0,420.36,496.0,490,0,0.0,1,4,6
2025-04-16,P015,Electronics,202.0,420.36,417.0,490,0,0.0,2,4,6
2025-04-17,P015,Electronics,185.0,420.36,237.0,490,0,0.0,3,4,6
2025-04-18,P015,Electronics,184.0,420.36,236.0,490,0,0.0,4,4,6
2025-04-19,P015,Electronics,282.0,420.36,664.0,490,0,0.0,5,4,6
2025-04-20,P015,Electronics,285.0,420.36,408.0,490,0,0.0,6,4,6
2025-04-21,P015,Electronics,184.0,420.36,456.0,490,0,0.0,0,4,6
2025-04-22,P015,Electronics,174.0,420.36,422.0,490,0,0.0,1,4,6
2025-04-23,P015,Electronics,181.0,420.36,500.0,490,0,0.0,2,4,6
2025-04-24,P015,Electronics,252.0,356.53,321.0,490,1,0.15,3,4,6
2025-04-25,P015,Electronics,194.0,420.36,345.0,490,0,0.0,4,4,6
2025-04-26,P015,Electronics,264.0,420.36,517.0,490,0,0.0,5,4,6
2025-04-27,P015,Electronics,416.0,342.98,980.0,490,1,0.18,6,4,6
2025-04-28,P015,Electronics,197.0,420.36,516.0,490,0,0.0,0,4,6
2025-04-29,P015,Electronics,164.0,420.36,335.0,490,0,0.0,1,4,6
2025-04-30,P015,Electronics,194.0,420.36,476.0,490,0,0.0,2,4,6
2025-05-01,P015,Electronics,205.0,420.36,472.0,490,0,0.0,3,5,6
2025-05-02,P015,Electronics,338.0,280.58,751.0,490,1,0.33,4,5,6
2025-05-03,P015,Electronics,300.0,420.36,392.0,490,0,0.0,5,5,6
2025-05-04,P015,Electronics,284.0,420.36,471.0,490,0,0.0,6,5,6
2025-05-05,P015,Electronics,195.0,420.36,523.0,490,0,0.0,0,5,6
2025-05-06,P015,Electronics,204.0,420.36,533.0,490,0,0.0,1,5,6
2025-05-07,P015,Electronics,214.0,420.36,412.0,490,0,0.0,2,5,6
2025-05-08,P015,Electronics,192.0,420.36,348.0,490,0,0.0,3,5,6
2025-05-09,P015,Electronics,202.0,420.36,528.0,490,0,0.0,4,5,6
2025-05-10,P015,Electronics,258.0,420.36,698.0,490,0,0.0,5,5,6
2025-05-11,P015,Electronics,273.0,420.36,611.0,490,0,0.0,6,5,6
2025-05-12,P015,Electronics,214.0,420.36,460.0,490,0,0.0,0,5,6
2025-05-13,P015,Electronics,178.0,420.36,406.0,490,0,0.0,1,5,6
2025-05-14,P015,Electronics,203.0,420.36,498.0,490,0,0.0,2,5,6
2025-05-15,P015,Electronics,209.0,420.36,519.0,490,0,0.0,3,5,6
2025-05-16,P015,Electronics,197.0,420.36,327.0,490,0,0.0,4,5,6
2025-05-17,P015,Electronics,276.0,420.36,548.0,490,0,0.0,5,5,6
2025-05-18,P015,Electronics,275.0,420.36,404.0,490,0,0.0,6,5,6
2025-05-19,P015,Electronics,220.0,420.36,296.0,490,0,0.0,0,5,6
2025-05-20,P015,Electronics,169.0,420.36,469.0,490,0,0.0,1,5,6
2025-05-21,P015,Electronics,206.0,420.36,464.0,490,0,0.0,2,5,6
2025-05-22,P015,Electronics,181.0,420.36,248.0,490,0,0.0,3,5,6
2025-05-23,P015,Electronics,178.0,420.36,464.0,490,0,0.0,4,5,6
2025-05-24,P015,Electronics,296.0,420.36,765.0,490,0,0.0,5,5,6
2025-05-25,P015,Electronics,285.0,420.36,571.0,490,0,0.0,6,5,6
2025-05-26,P015,Electronics,192.0,420.36,356.0,490,0,0.0,0,5,6
2025-05-27,P015,Electronics,188.0,420.36,268.0,490,0,0.0,1,5,6
2025-05-28,P015,Electronics,192.0,420.36,263.0,490,0,0.0,2,5,6
2025-05-29,P015,Electronics,185.0,420.36,416.0,490,0,0.0,3,5,6
2025-05-30,P015,Electronics,192.0,420.36,317.0,490,0,0.0,4,5,6
2025-05-31,P015,Electronics,250.0,420.36,648.0,490,0,0.0,5,5,6
2025-06-01,P015,Electronics,283.0,420.36,469.0,490,0,0.0,6,6,6
2025-06-02,P015,Electronics,206.0,420.36,419.0,490,0,0.0,0,6,6
2025-06-03,P015,Electronics,223.0,420.36,288.0,490,0,0.0,1,6,6
2025-06-04,P015,Electronics,179.0,420.36,472.0,490,0,0.0,2,6,6
2025-06-05,P015,Electronics,189.0,420.36,252.0,490,0,0.0,3,6,6
2025-06-06,P015,Electronics,363.0,245.01,703.0,490,1,0.42,4,6,6
2025-06-07,P015,Electronics,283.0,420.36,315.0,490,0,0.0,5,6,6
2025-06-08,P015,Electronics,258.0,420.36,449.0,490,0,0.0,6,6,6
2025-06-09,P015,Electronics,207.0,420.36,549.0,490,0,0.0,0,6,6
2025-06-10,P015,Electronics,221.0,420.36,274.0,490,0,0.0,1,6,6
2025-06-11,P015,Electronics,200.0,420.36,382.0,490,0,0.0,2,6,6
2025-06-12,P015,Electronics,170.0,420.36,203.0,490,0,0.0,3,6,6
2025-06-13,P015,Electronics,193.0,420.36,451.0,490,0,0.0,4,6,6
2025-06-14,P015,Electronics,253.0,420.36,441.0,490,0,0.0,5,6,6
2025-06-15,P015,Electronics,295.0,420.36,652.0,490,0,0.0,6,6,6
2025-06-16,P015,Electronics,255.0,343.95,373.0,490,1,0.18,0,6,6
2025-06-17,P015,Electronics,206.0,420.36,453.0,490,0,0.0,1,6,6
2025-06-18,P015,Electronics,199.0,420.36,395.0,490,0,0.0,2,6,6
2025-06-19,P015,Electronics,203.0,420.36,226.0,490,0,0.0,3,6,6
2025-06-20,P015,Electronics,190.0,420.36,262.0,490,0,0.0,4,6,6
2025-06-21,P015,Electronics,285.0,420.36,426.0,490,0,0.0,5,6,6
2025-06-22,P015,Electronics,413.0,319.84,1052.0,490,1,0.24,6,6,6
2025-06-23,P015,Electronics,180.0,420.36,501.0,490,0,0.0,0,6,6
2025-06-24,P015,Electronics,189.0,420.36,424.0,490,0,0.0,1,6,6
2025-06-25,P015,Electronics,202.0,420.36,259.0,490,0,0.0,2,6,6
2025-06-26,P015,Electronics,210.0,420.36,549.0,490,0,0.0,3,6,6
2025-06-27,P015,Electronics,183.0,420.36,208.0,490,0,0.0,4,6,6
2025-06-28,P015,Electronics,291.0,420.36,595.0,490,0,0.0,5,6,6
2025-06-29,P015,Electronics,280.0,420.36,559.0,490,0,0.0,6,6,6
2025-06-30,P015,Electronics,187.0,420.36,431.0,490,0,0.0,0,6,6
2025-07-01,P015,Electronics,164.0,420.36,404.0,490,0,0.0,1,7,6
2025-07-02,P015,Electronics,190.0,420.36,342.0,490,0,0.0,2,7,6
2025-07-03,P015,Electronics,195.0,420.36,303.0,490,0,0.0,3,7,6
2025-07-04,P015,Electronics,202.0,420.36,225.0,490,0,0.0,4,7,6
2025-07-05,P015,Electronics,279.0,420.36,327.0,490,0,0.0,5,7,6
2025-07-06,P015,Electronics,290.0,420.36,334.0,490,0,0.0,6,7,6
2025-07-07,P015,Electronics,186.0,420.36,394.0,490,0,0.0,0,7,6
2025-07-08,P015,Electronics,191.0,420.36,213.0,490,0,0.0,1,7,6
2025-07-09,P015,Electronics,185.0,420.36,272.0,490,0,0.0,2,7,6
2025-07-10,P015,Electronics,185.0,420.36,334.0,490,0,0.0,3,7,6
2025-07-11,P015,Electronics,204.0,420.36,570.0,490,0,0.0,4,7,6
2025-07-12,P015,Electronics,292.0,420.36,550.0,490,0,0.0,5,7,6
2025-07-13,P015,Electronics,256.0,420.36,492.0,490,0,0.0,6,7,6
2025-07-14,P015,Electronics,214.0,420.36,588.0,490,0,0.0,0,7,6
2025-07-15,P015,Electronics,193.0,420.36,471.0,490,0,0.0,1,7,6
2025-07-16,P015,Electronics,186.0,420.36,304.0,490,0,0.0,2,7,6
2025-07-17,P015,Electronics,172.0,420.36,291.0,490,0,0.0,3,7,6
2025-07-18,P015,Electronics,239.0,420.36,318.0,490,0,0.0,4,7,6
2025-07-19,P015,Electronics,275.0,420.36,694.0,490,0,0.0,5,7,6
2025-07-20,P015,Electronics,284.0,420.36,770.0,490,0,0.0,6,7,6
2025-07-21,P015,Electronics,209.0,420.36,453.0,490,0,0.0,0,7,6
2025-07-22,P015,Electronics,216.0,420.36,534.0,490,0,0.0,1,7,6
2025-07-23,P015,Electronics,212.0,420.36,269.0,490,0,0.0,2,7,6
2025-07-24,P015,Electronics,181.0,420.36,395.0,490,0,0.0,3,7,6
2025-07-25,P015,Electronics,167.0,420.36,455.0,490,0,0.0,4,7,6
2025-07-26,P015,Electronics,307.0,420.36,788.0,490,0,0.0,5,7,6
2025-07-27,P015,Electronics,295.0,420.36,440.0,490,0,0.0,6,7,6
2025-07-28,P015,Electronics,203.0,420.36,426.0,490,0,0.0,0,7,6
2025-07-29,P015,Electronics,228.0,420.36,510.0,490,0,0.0,1,7,6
2025-07-30,P015,Electronics,211.0,420.36,427.0,490,0,0.0,2,7,6
2025-07-31,P015,Electronics,161.0,420.36,275.0,490,0,0.0,3,7,6
2025-08-01,P015,Electronics,183.0,420.36,339.0,490,0,0.0,4,8,6
2025-08-02,P015,Electronics,297.0,420.36,822.0,490,0,0.0,5,8,6
2025-08-03,P015,Electronics,297.0,420.36,444.0,490,0,0.0,6,8,6
2025-08-04,P015,Electronics,168.0,420.36,405.0,490,0,0.0,0,8,6
2025-08-05,P015,Electronics,194.0,420.36,307.0,490,0,0.0,1,8,6
2025-08-06,P015,Electronics,354.0,269.98,408.0,490,1,0.36,2,8,6
2025-08-07,P015,Electronics,184.0,420.36,315.0,490,0,0.0,3,8,6
2025-08-08,P015,Electronics,214.0,420.36,295.0,490,0,0.0,4,8,6
2025-08-09,P015,Electronics,292.0,420.36,455.0,490,0,0.0,5,8,6
2025-08-10,P015,Electronics,275.0,420.36,388.0,490,0,0.0,6,8,6
2025-08-11,P015,Electronics,209.0,420.36,241.0,490,0,0.0,0,8,6
2025-08-12,P015,Electronics,213.0,420.36,261.0,490,0,0.0,1,8,6
2025-08-13,P015,Electronics,187.0,420.36,516.0,490,0,0.0,2,8,6
2025-08-14,P015,Electronics,237.0,420.36,412.0,490,0,0.0,3,8,6
2025-08-15,P015,Electronics,290.0,344.9,436.0,490,1,0.18,4,8,6
2025-08-16,P015,Electronics,299.0,420.36,704.0,490,0,0.0,5,8,6
2025-08-17,P015,Electronics,290.0,420.36,367.0,490,0,0.0,6,8,6
2025-08-18,P015,Electronics,208.0,420.36,332.0,490,0,0.0,0,8,6
2025-08-19,P015,Electronics,193.0,420.36,475.0,490,0,0.0,1,8,6
2025-08-20,P015,Electronics,214.0,420.36,252.0,490,0,0.0,2,8,6
2025-08-21,P015,Electronics,334.0,295.65,675.0,490,1,0.3,3,8,6
2025-08-22,P015,Electronics,176.0,420.36,405.0,490,0,0.0,4,8,6
2025-08-23,P015,Electronics,264.0,420.36,737.0,490,0,0.0,5,8,6
2025-08-24,P015,Electronics,285.0,420.36,429.0,490,0,0.0,6,8,6
2025-08-25,P015,Electronics,176.0,420.36,369.0,490,0,0.0,0,8,6
2025-08-26,P015,Electronics,172.0,420.36,280.0,490,0,0.0,1,8,6
2025-08-27,P015,Electronics,222.0,420.36,508.0,490,0,0.0,2,8,6
2025-08-28,P015,Electronics,209.0,420.36,259.0,490,0,0.0,3,8,6
2025-08-29,P015,Electronics,163.0,420.36,301.0,490,0,0.0,4,8,6
2025-08-30,P015,Electronics,411.0,327.47,696.0,490,1,0.22,5,8,6
2025-08-31,P015,Electronics,291.0,420.36,754.0,490,0,0.0,6,8,6
2025-09-01,P015,Electronics,201.0,420.36,269.0,490,0,0.0,0,9,6
2025-09-02,P015,Electronics,202.0,420.36,335.0,490,0,0.0,1,9,6
2025-09-03,P015,Electronics,189.0,420.36,343.0,490,0,0.0,2,9,6
2025-09-04,P015,Electronics,213.0,420.36,369.0,490,0,0.0,3,9,6
2025-09-05,P015,Electronics,159.0,420.36,440.0,490,0,0.0,4,9,6
2025-09-06,P015,Electronics,317.0,420.36,494.0,490,0,0.0,5,9,6
2025-09-07,P015,Electronics,447.0,306.12,702.0,490,1,0.27,6,9,6
2025-09-08,P015,Electronics,199.0,420.36,308.0,490,0,0.0,0,9,6
2025-09-09,P015,Electronics,212.0,420.36,514.0,490,0,0.0,1,9,6
2025-09-10,P015,Electronics,177.0,420.36,326.0,490,0,0.0,2,9,6
2025-09-11,P015,Electronics,359.0,248.64,958.0,490,1,0.41,3,9,6
2025-09-12,P015,Electronics,180.0,420.36,212.0,490,0,0.0,4,9,6
2025-09-13,P015,Electronics,294.0,420.36,568.0,490,0,0.0,5,9,6
2025-09-14,P015,Electronics,271.0,420.36,480.0,490,0,0.0,6,9,6
2025-09-15,P015,Electronics,191.0,420.36,432.0,490,0,0.0,0,9,6
2025-09-16,P015,Electronics,198.0,420.36,235.0,490,0,0.0,1,9,6
2025-09-17,P015,Electronics,182.0,420.36,348.0,490,0,0.0,2,9,6
2025-09-18,P015,Electronics,202.0,420.36,466.0,490,0,0.0,3,9,6
2025-09-19,P015,Electronics,342.0,282.31,589.0,490,1,0.33,4,9,6
2025-09-20,P015,Electronics,276.0,420.36,687.0,490,0,0.0,5,9,6
2025-09-21,P015,Electronics,296.0,420.36,546.0,490,0,0.0,6,9,6
2025-09-22,P015,Electronics,190.0,420.36,477.0,490,0,0.0,0,9,6
2025-09-23,P015,Electronics,194.0,420.36,290.0,490,0,0.0,1,9,6
2025-09-24,P015,Electronics,181.0,420.36,463.0,490,0,0.0,2,9,6
2025-09-25,P015,Electronics,199.0,420.36,524.0,490,0,0.0,3,9,6
2025-09-26,P015,Electronics,175.0,420.36,218.0,490,0,0.0,4,9,6
2025-09-27,P015,Electronics,298.0,420.36,429.0,490,0,0.0,5,9,6
2025-09-28,P015,Electronics,274.0,420.36,465.0,490,0,0.0,6,9,6
2025-09-29,P015,Electronics,206.0,420.36,375.0,490,0,0.0,0,9,6
2025-09-30,P015,Electronics,201.0,420.36,436.0,490,0,0.0,1,9,6
2025-10-01,P015,Electronics,302.0,420.36,392.0,490,0,0.0,2,10,6
2025-10-02,P015,Electronics,278.0,420.36,534.0,490,0,0.0,3,10,6
2025-10-03,P015,Electronics,283.0,420.36,349.0,490,0,0.0,4,10,6
2025-10-04,P015,Electronics,469.0,420.36,929.0,490,0,0.0,5,10,6
2025-10-05,P015,Electronics,439.0,420.36,1174.0,490,0,0.0,6,10,6
2025-10-06,P015,Electronics,282.0,420.36,613.0,490,0,0.0,0,10,6
2025-10-07,P015,Electronics,315.0,420.36,506.0,490,0,0.0,1,10,6
2025-10-08,P015,Electronics,305.0,420.36,662.0,490,0,0.0,2,10,6
2025-10-09,P015,Electronics,465.0,309.93,804.0,490,1,0.26,3,10,6
2025-10-10,P015,Electronics,578.0,265.98,1053.0,490,1,0.37,4,10,6
2025-10-11,P015,Electronics,484.0,420.36,832.0,490,0,0.0,5,10,6
2025-10-12,P015,Electronics,453.0,420.36,542.0,490,0,0.0,6,10,6
2025-10-13,P015,Electronics,459.0,312.85,762.0,490,1,0.26,0,10,6
2025-10-14,P015,Electronics,320.0,420.36,665.0,490,0,0.0,1,10,6
2025-10-15,P015,Electronics,447.0,335.12,1029.0,490,1,0.2,2,10,6
2025-10-16,P015,Electronics,307.0,420.36,690.0,490,0,0.0,3,10,6
2025-10-17,P015,Electronics,268.0,420.36,553.0,490,0,0.0,4,10,6
2025-10-18,P015,Electronics,445.0,420.36,590.0,490,0,0.0,5,10,6
2025-10-19,P015,Electronics,433.0,420.36,1118.0,490,0,0.0,6,10,6
2025-10-20,P015,Electronics,552.0,270.37,1151.0,490,1,0.36,0,10,6
2025-10-21,P015,Electronics,304.0,420.36,709.0,490,0,0.0,1,10,6
2025-10-22,P015,Electronics,323.0,420.36,398.0,490,0,0.0,2,10,6
2025-10-23,P015,Electronics,293.0,420.36,662.0,490,0,0.0,3,10,6
2025-10-24,P015,Electronics,315.0,420.36,489.0,490,0,0.0,4,10,6
2025-10-25,P015,Electronics,462.0,420.36,713.0,490,0,0.0,5,10,6
