src/data/raw/ecommerce_inventory_demand.csv
date,product_id,product_category,units_sold,unit_price,stock_on_hand,reorder_point,is_promotion,discount_pct,day_of_week,month,supplier_lead_days
2025-10-26,P015,Electronics,854.0,247.42,1056.0,490,1,0.41,6,10,6
2025-10-27,P015,Electronics,303.0,420.36,620.0,490,0,0.0,0,10,6
2025-10-28,P015,Electronics,313.0,420.36,430.0,490,0,0.0,1,10,6
2025-10-29,P015,Electronics,338.0,420.36,622.0,490,0,0.0,2,10,6
2025-10-30,P015,Electronics,301.0,420.36,715.0,490,0,0.0,3,10,6
2025-10-31,P015,Electronics,294.0,420.36,705.0,490,0,0.0,4,10,6
2025-11-01,P015,Electronics,441.0,420.36,1209.0,490,0,0.0,5,11,6
2025-11-02,P015,Electronics,434.0,420.36,1150.0,490,0,0.0,6,11,6
2025-11-03,P015,Electronics,320.0,420.36,833.0,490,0,0.0,0,11,6
2025-11-04,P015,Electronics,300.0,420.36,467.0,490,0,0.0,1,11,6
2025-11-05,P015,Electronics,302.0,420.36,648.0,490,0,0.0,2,11,6
2025-11-06,P015,Electronics,291.0,420.36,712.0,490,0,0.0,3,11,6
2025-11-07,P015,Electronics,281.0,420.36,504.0,490,0,0.0,4,11,6
2025-11-08,P015,Electronics,420.0,420.36,767.0,490,0,0.0,5,11,6
2025-11-09,P015,Electronics,431.0,420.36,789.0,490,0,0.0,6,11,6
2025-11-10,P015,Electronics,313.0,420.36,516.0,490,0,0.0,0,11,6
2025-11-11,P015,Electronics,298.0,420.36,522.0,490,0,0.0,1,11,6
2025-11-12,P015,Electronics,294.0,420.36,454.0,490,0,0.0,2,11,6
2025-11-13,P015,Electronics,297.0,420.36,818.0,490,0,0.0,3,11,6
2025-11-14,P015,Electronics,473.0,299.24,1183.0,490,1,0.29,4,11,6
2025-11-15,P015,Electronics,442.0,420.36,823.0,490,0,0.0,5,11,6
2025-11-16,P015,Electronics,458.0,420.36,670.0,490,0,0.0,6,11,6
2025-11-17,P015,Electronics,301.0,420.36,404.0,490,0,0.0,0,11,6
2025-11-18,P015,Electronics,310.0,420.36,414.0,490,0,0.0,1,11,6
2025-11-19,P015,Electronics,328.0,420.36,845.0,490,0,0.0,2,11,6
2025-11-20,P015,Electronics,310.0,420.36,565.0,490,0,0.0,3,11,6
2025-11-21,P015,Electronics,546.0,264.65,658.0,490,1,0.37,4,11,6
2025-11-22,P015,Electronics,459.0,420.36,963.0,490,0,0.0,5,11,6
2025-11-23,P015,Electronics,438.0,420.36,880.0,490,0,0.0,6,11,6
2025-11-24,P015,Electronics,300.0,420.36,784.0,490,0,0.0,0,11,6
2025-11-25,P015,Electronics,581.0,244.65,1604.0,490,1,0.42,1,11,6
2025-11-26,P015,Electronics,488.0,303.57,745.0,490,1,0.28,2,11,6
2025-11-27,P015,Electronics,321.0,420.36,546.0,490,0,0.0,3,11,6
2025-11-28,P015,Electronics,311.0,420.36,720.0,490,0,0.0,4,11,6
2025-11-29,P015,Electronics,462.0,420.36,640.0,490,0,0.0,5,11,6
2025-11-30,P015,Electronics,444.0,420.36,1001.0,490,0,0.0,6,11,6
2025-12-01,P015,Electronics,326.0,420.36,450.0,490,0,0.0,0,12,6
2025-12-02,P015,Electronics,300.0,420.36,696.0,490,0,0.0,1,12,6
2025-12-03,P015,Electronics,315.0,420.36,518.0,490,0,0.0,2,12,6
2025-12-04,P015,Electronics,298.0,420.36,340.0,490,0,0.0,3,12,6
2025-12-05,P015,Electronics,315.0,420.36,842.0,490,0,0.0,4,12,6
2025-12-06,P015,Electronics,453.0,420.36,1166.0,490,0,0.0,5,12,6
2025-12-07,P015,Electronics,440.0,420.36,1189.0,490,0,0.0,6,12,6
2025-12-08,P015,Electronics,298.0,420.36,495.0,490,0,0.0,0,12,6
2025-12-09,P015,Electronics,311.0,420.36,434.0,490,0,0.0,1,12,6
2025-12-10,P015,Electronics,313.0,420.36,790.0,490,0,0.0,2,12,6
2025-12-11,P015,Electronics,345.0,420.36,520.0,490,0,0.0,3,12,6
2025-12-12,P015,Electronics,323.0,420.36,754.0,490,0,0.0,4,12,6
2025-12-13,P015,Electronics,439.0,420.36,860.0,490,0,0.0,5,12,6
2025-12-14,P015,Electronics,457.0,420.36,1225.0,490,0,0.0,6,12,6
2025-12-15,P015,Electronics,321.0,420.36,454.0,490,0,0.0,0,12,6
2025-12-16,P015,Electronics,326.0,420.36,661.0,490,0,0.0,1,12,6
2025-12-17,P015,Electronics,323.0,420.36,723.0,490,0,0.0,2,12,6
2025-12-18,P015,Electronics,313.0,420.36,727.0,490,0,0.0,3,12,6
2025-12-19,P015,Electronics,325.0,420.36,831.0,490,0,0.0,4,12,6
2025-12-20,P015,Electronics,611.0,346.78,1320.0,490,1,0.18,5,12,6
2025-12-21,P015,Electronics,458.0,420.36,1007.0,490,0,0.0,6,12,6
2025-12-22,P015,Electronics,308.0,420.36,475.0,490,0,0.0,0,12,6
2025-12-23,P015,Electronics,288.0,420.36,350.0,490,0,0.0,1,12,6
2025-12-24,P015,Electronics,309.0,420.36,402.0,490,0,0.0,2,12,6
2025-12-25,P015,Electronics,315.0,420.36,584.0,490,0,0.0,3,12,6
2025-12-26,P015,Electronics,274.0,420.36,465.0,490,0,0.0,4,12,6
2025-12-27,P015,Electronics,,420.36,,490,0,0.0,5,12,6
2025-12-28,P015,Electronics,434.0,420.36,884.0,490,0,0.0,6,12,6
2025-12-29,P015,Electronics,310.0,420.36,838.0,490,0,0.0,0,12,6
2025-12-30,P015,Electronics,304.0,420.36,836.0,490,0,0.0,1,12,6
2025-12-31,P015,Electronics,566.0,265.16,1461.0,490,1,0.37,2,12,6
2026-01-01,P015,Electronics,116.0,420.36,289.0,490,0,0.0,3,1,6
2026-01-02,P015,Electronics,164.0,420.36,427.0,490,0,0.0,4,1,6
2026-01-03,P015,Electronics,214.0,420.36,415.0,490,0,0.0,5,1,6
2026-01-04,P015,Electronics,201.0,420.36,423.0,490,0,0.0,6,1,6
2026-01-05,P015,Electronics,112.0,420.36,226.0,490,0,0.0,0,1,6
2026-01-06,P015,Electronics,138.0,420.36,353.0,490,0,0.0,1,1,6
2026-01-07,P015,Electronics,111.0,420.36,306.0,490,0,0.0,2,1,6
2026-01-08,P015,Electronics,231.0,300.78,571.0,490,1,0.28,3,1,6
2026-01-09,P015,Electronics,204.0,351.15,352.0,490,1,0.16,4,1,6
2026-01-10,P015,Electronics,204.0,420.36,309.0,490,0,0.0,5,1,6
2026-01-11,P015,Electronics,208.0,420.36,424.0,490,0,0.0,6,1,6
2026-01-12,P015,Electronics,115.0,420.36,195.0,490,0,0.0,0,1,6
2026-01-13,P015,Electronics,142.0,420.36,269.0,490,0,0.0,1,1,6
2026-01-14,P015,Electronics,155.0,420.36,254.0,490,0,0.0,2,1,6
2026-01-15,P015,Electronics,142.0,420.36,270.0,490,0,0.0,3,1,6
2026-01-16,P015,Electronics,162.0,420.36,201.0,490,0,0.0,4,1,6
2026-01-17,P015,Electronics,237.0,420.36,345.0,490,0,0.0,5,1,6
2026-01-18,P015,Electronics,233.0,420.36,578.0,490,0,0.0,6,1,6
2026-01-19,P015,Electronics,144.0,420.36,236.0,490,0,0.0,0,1,6
2026-01-20,P015,Electronics,142.0,420.36,283.0,490,0,0.0,1,1,6
2026-01-21,P015,Electronics,157.0,420.36,391.0,490,0,0.0,2,1,6
2026-01-22,P015,Electronics,156.0,420.36,393.0,490,0,0.0,3,1,6
2026-01-23,P015,Electronics,179.0,420.36,318.0,490,0,0.0,4,1,6
2026-01-24,P015,Electronics,418.0,251.44,1039.0,490,1,0.4,5,1,6
2026-01-25,P015,Electronics,201.0,420.36,331.0,490,0,0.0,6,1,6
2026-01-26,P015,Electronics,159.0,420.36,307.0,490,0,0.0,0,1,6
2026-01-27,P015,Electronics,293.0,252.95,765.0,490,1,0.4,1,1,6
2026-01-28,P015,Electronics,129.0,420.36,263.0,490,0,0.0,2,1,6
2026-01-29,P015,Electronics,152.0,420.36,383.0,490,0,0.0,3,1,6
2026-01-30,P015,Electronics,162.0,420.36,262.0,490,0,0.0,4,1,6
2026-01-31,P015,Electronics,206.0,420.36,573.0,490,0,0.0,5,1,6
2026-02-01,P015,Electronics,217.0,420.36,371.0,490,0,0.0,6,2,6
2026-02-02,P015,Electronics,151.0,420.36,317.0,490,0,0.0,0,2,6
2026-02-03,P015,Electronics,142.0,420.36,248.0,490,0,0.0,1,2,6
2026-02-04,P015,Electronics,135.0,420.36,254.0,490,0,0.0,2,2,6
2026-02-05,P015,Electronics,143.0,420.36,247.0,490,0,0.0,3,2,6
2026-02-06,P015,Electronics,144.0,420.36,344.0,490,0,0.0,4,2,6
2026-02-07,P015,Electronics,191.0,420.36,497.0,490,0,0.0,5,2,6
2026-02-08,P015,Electronics,207.0,420.36,314.0,490,0,0.0,6,2,6
2026-02-09,P015,Electronics,135.0,420.36,176.0,490,0,0.0,0,2,6
2026-02-10,P015,Electronics,127.0,420.36,235.0,490,0,0.0,1,2,6
2026-02-11,P015,Electronics,259.0,292.03,649.0,490,1,0.31,2,2,6
2026-02-12,P015,Electronics,166.0,420.36,260.0,490,0,0.0,3,2,6
2026-02-13,P015,Electronics,154.0,420.36,397.0,490,0,0.0,4,2,6
2026-02-14,P015,Electronics,184.0,420.36,231.0,490,0,0.0,5,2,6
2026-02-15,P015,Electronics,188.0,420.36,449.0,490,0,0.0,6,2,6
2026-02-16,P015,Electronics,145.0,420.36,247.0,490,0,0.0,0,2,6
2026-02-17,P015,Electronics,123.0,420.36,230.0,490,0,0.0,1,2,6
2026-02-18,P015,Electronics,141.0,420.36,339.0,490,0,0.0,2,2,6
2026-02-19,P015,Electronics,156.0,420.36,281.0,490,0,0.0,3,2,6
2026-02-20,P015,Electronics,163.0,420.36,257.0,490,0,0.0,4,2,6
2026-02-21,P015,Electronics,208.0,420.36,481.0,490,0,0.0,5,2,6
2026-02-22,P015,Electronics,364.0,324.73,516.0,490,1,0.23,6,2,6
2026-02-23,P015,Electronics,134.0,420.36,350.0,490,0,0.0,0,2,6
2026-02-24,P015,Electronics,164.0,420.36,213.0,490,0,0.0,1,2,6
2026-02-25,P015,Electronics,157.0,420.36,420.0,490,0,0.0,2,2,6
2026-02-26,P015,Electronics,134.0,420.36,256.0,490,0,0.0,3,2,6
2026-02-27,P015,Electronics,153.0,420.36,305.0,490,0,0.0,4,2,6
2026-02-28,P015,Electronics,,420.36,,490,0,0.0,5,2,6
2026-03-01,P015,Electronics,289.0,420.36,676.0,490,0,0.0,6,3,6
2026-03-02,P015,Electronics,202.0,420.36,248.0,490,0,0.0,0,3,6
2026-03-03,P015,Electronics,191.0,420.36,382.0,490,0,0.0,1,3,6
2026-03-04,P015,Electronics,159.0,420.36,316.0,490,0,0.0,2,3,6
2026-03-05,P015,Electronics,207.0,420.36,419.0,490,0,0.0,3,3,6
2026-03-06,P015,Electronics,196.0,420.36,301.0,490,0,0.0,4,3,6
2026-03-07,P015,Electronics,291.0,420.36,413.0,490,0,0.0,5,3,6
2026-03-08,P015,Electronics,290.0,420.36,668.0,490,0,0.0,6,3,6
2026-03-09,P015,Electronics,186.0,420.36,216.0,490,0,0.0,0,3,6
2026-03-10,P015,Electronics,190.0,420.36,314.0,490,0,0.0,1,3,6
